Archive member included to satisfy reference by file (symbol)

.\CortexM3\ARM_GCC_541\Debug\BatteryDriver.a(ADC_SAR_2.o)
                              .\CortexM3\ARM_GCC_541\Debug\main.o (ADC_SAR_2_Start)
.\CortexM3\ARM_GCC_541\Debug\BatteryDriver.a(ADC_SAR_2_INT.o)
                              .\CortexM3\ARM_GCC_541\Debug\BatteryDriver.a(ADC_SAR_2.o) (ADC_SAR_2_ISR)
.\CortexM3\ARM_GCC_541\Debug\BatteryDriver.a(ADC_SAR_1.o)
                              .\CortexM3\ARM_GCC_541\Debug\main.o (ADC_SAR_1_Start)
.\CortexM3\ARM_GCC_541\Debug\BatteryDriver.a(ADC_SAR_1_INT.o)
                              .\CortexM3\ARM_GCC_541\Debug\BatteryDriver.a(ADC_SAR_1.o) (ADC_SAR_1_ISR)
.\CortexM3\ARM_GCC_541\Debug\BatteryDriver.a(ADC_SAR_2_theACLK.o)
                              .\CortexM3\ARM_GCC_541\Debug\BatteryDriver.a(ADC_SAR_2.o) (ADC_SAR_2_theACLK_SetModeRegister)
.\CortexM3\ARM_GCC_541\Debug\BatteryDriver.a(ADC_SAR_1_theACLK.o)
                              .\CortexM3\ARM_GCC_541\Debug\BatteryDriver.a(ADC_SAR_1.o) (ADC_SAR_1_theACLK_SetModeRegister)
.\CortexM3\ARM_GCC_541\Debug\BatteryDriver.a(CyLib.o)
                              .\CortexM3\ARM_GCC_541\Debug\Cm3Start.o (CyHalt)
.\CortexM3\ARM_GCC_541\Debug\BatteryDriver.a(cyPm.o)
                              .\CortexM3\ARM_GCC_541\Debug\BatteryDriver.a(CyLib.o) (CyPmReadStatus)
.\CortexM3\ARM_GCC_541\Debug\BatteryDriver.a(UART_1.o)
                              .\CortexM3\ARM_GCC_541\Debug\main.o (UART_1_Start)
.\CortexM3\ARM_GCC_541\Debug\BatteryDriver.a(UART_1_IntClock.o)
                              .\CortexM3\ARM_GCC_541\Debug\BatteryDriver.a(UART_1.o) (UART_1_IntClock_Start)
.\CortexM3\ARM_GCC_541\Debug\BatteryDriver.a(CyBootAsmGnu.o)
                              .\CortexM3\ARM_GCC_541\Debug\cyfitter_cfg.o (CyDelayCycles)
.\CortexM3\ARM_GCC_541\Debug\BatteryDriver.a(CyFlash.o)
                              .\CortexM3\ARM_GCC_541\Debug\BatteryDriver.a(cyPm.o) (CyFlash_SetWaitCycles)
.\CortexM3\ARM_GCC_541\Debug\BatteryDriver.a(CySpc.o)
                              .\CortexM3\ARM_GCC_541\Debug\BatteryDriver.a(CyFlash.o) (CySpcStart)
c:/program files (x86)/cypress/psoc creator/4.4/psoc creator/import/gnu/arm/5.4.1/bin/../lib/gcc/arm-none-eabi/5.4.1/armv7-m\libgcc.a(_arm_addsubdf3.o)
                              .\CortexM3\ARM_GCC_541\Debug\BatteryDriver.o (__aeabi_dsub)
c:/program files (x86)/cypress/psoc creator/4.4/psoc creator/import/gnu/arm/5.4.1/bin/../lib/gcc/arm-none-eabi/5.4.1/armv7-m\libgcc.a(_arm_muldivdf3.o)
                              .\CortexM3\ARM_GCC_541\Debug\BatteryDriver.o (__aeabi_ddiv)
c:/program files (x86)/cypress/psoc creator/4.4/psoc creator/import/gnu/arm/5.4.1/bin/../lib/gcc/arm-none-eabi/5.4.1/armv7-m\libgcc.a(_arm_truncdfsf2.o)
                              .\CortexM3\ARM_GCC_541\Debug\BatteryDriver.o (__aeabi_d2f)
c:/program files (x86)/cypress/psoc creator/4.4/psoc creator/import/gnu/arm/5.4.1/bin/../lib/gcc/arm-none-eabi/5.4.1/armv7-m\libgcc.a(_arm_addsubsf3.o)
                              .\CortexM3\ARM_GCC_541\Debug\BatteryDriver.o (__aeabi_fadd)
c:/program files (x86)/cypress/psoc creator/4.4/psoc creator/import/gnu/arm/5.4.1/bin/../lib/gcc/arm-none-eabi/5.4.1/armv7-m\libgcc.a(_arm_muldivsf3.o)
                              .\CortexM3\ARM_GCC_541\Debug\BatteryDriver.a(ADC_SAR_2.o) (__aeabi_fmul)
c:/program files (x86)/cypress/psoc creator/4.4/psoc creator/import/gnu/arm/5.4.1/bin/../lib/gcc/arm-none-eabi/5.4.1/armv7-m\libgcc.a(_aeabi_ldivmod.o)
                              .\CortexM3\ARM_GCC_541\Debug\BatteryDriver.a(ADC_SAR_2.o) (__aeabi_ldivmod)
c:/program files (x86)/cypress/psoc creator/4.4/psoc creator/import/gnu/arm/5.4.1/bin/../lib/gcc/arm-none-eabi/5.4.1/armv7-m\libgcc.a(_udivmoddi4.o)
                              c:/program files (x86)/cypress/psoc creator/4.4/psoc creator/import/gnu/arm/5.4.1/bin/../lib/gcc/arm-none-eabi/5.4.1/armv7-m\libgcc.a(_aeabi_ldivmod.o) (__udivmoddi4)
c:/program files (x86)/cypress/psoc creator/4.4/psoc creator/import/gnu/arm/5.4.1/bin/../lib/gcc/arm-none-eabi/5.4.1/armv7-m\libgcc.a(_dvmd_tls.o)
                              c:/program files (x86)/cypress/psoc creator/4.4/psoc creator/import/gnu/arm/5.4.1/bin/../lib/gcc/arm-none-eabi/5.4.1/armv7-m\libgcc.a(_aeabi_ldivmod.o) (__aeabi_ldiv0)
c:/program files (x86)/cypress/psoc creator/4.4/psoc creator/import/gnu/arm/5.4.1/bin/../lib/gcc/arm-none-eabi/5.4.1/../../../../arm-none-eabi/lib/armv7-m\libg_nano.a(lib_a-errno.o)
                              .\CortexM3\ARM_GCC_541\Debug\Cm3Start.o (__errno)
c:/program files (x86)/cypress/psoc creator/4.4/psoc creator/import/gnu/arm/5.4.1/bin/../lib/gcc/arm-none-eabi/5.4.1/../../../../arm-none-eabi/lib/armv7-m\libg_nano.a(lib_a-exit.o)
                              c:/program files (x86)/cypress/psoc creator/4.4/psoc creator/import/gnu/arm/5.4.1/bin/../lib/gcc/arm-none-eabi/5.4.1/../../../../arm-none-eabi/lib/armv7-m/crt0.o (exit)
[...]
Memory Configuration

Name             Origin             Length             Attributes
rom              0x00000000         0x00040000         xr
ram              0x1fff8000         0x00010000         xrw
*default*        0x00000000         0xffffffff

Linker script and memory map

LOAD c:/program files (x86)/cypress/psoc creator/4.4/psoc creator/import/gnu/arm/5.4.1/bin/../lib/gcc/arm-none-eabi/5.4.1/armv7-m/crti.o
LOAD c:/program files (x86)/cypress/psoc creator/4.4/psoc creator/import/gnu/arm/5.4.1/bin/../lib/gcc/arm-none-eabi/5.4.1/armv7-m/crtbegin.o
LOAD c:/program files (x86)/cypress/psoc creator/4.4/psoc creator/import/gnu/arm/5.4.1/bin/../lib/gcc/arm-none-eabi/5.4.1/../../../../arm-none-eabi/lib/armv7-m/crt0.o
START GROUP
LOAD .\CortexM3\ARM_GCC_541\Debug\main.o
LOAD .\CortexM3\ARM_GCC_541\Debug\BatteryDriver.o
LOAD .\CortexM3\ARM_GCC_541\Debug\cyfitter_cfg.o
LOAD .\CortexM3\ARM_GCC_541\Debug\cymetadata.o
LOAD .\CortexM3\ARM_GCC_541\Debug\Cm3Start.o
LOAD .\CortexM3\ARM_GCC_541\Debug\BatteryDriver.a
LOAD C:\Program Files (x86)\Cypress\PSoC Creator\4.4\PSoC Creator\psoc\content\cycomponentlibrary\CyComponentLibrary.cylib\CortexM3\ARM_GCC_541\Debug\CyComponentLibrary.a
END GROUP
START GROUP
LOAD c:/program files (x86)/cypress/psoc creator/4.4/psoc creator/import/gnu/arm/5.4.1/bin/../lib/gcc/arm-none-eabi/5.4.1/armv7-m\libgcc.a
LOAD c:/program files (x86)/cypress/psoc creator/4.4/psoc creator/import/gnu/arm/5.4.1/bin/../lib/gcc/arm-none-eabi/5.4.1/../../../../arm-none-eabi/lib/armv7-m\libg_nano.a
LOAD c:/program files (x86)/cypress/psoc creator/4.4/psoc creator/import/gnu/arm/5.4.1/bin/../lib/gcc/arm-none-eabi/5.4.1/../../../../arm-none-eabi/lib/armv7-m\libc_nano.a
END GROUP
START GROUP
LOAD c:/program files (x86)/cypress/psoc creator/4.4/psoc creator/import/gnu/arm/5.4.1/bin/../lib/gcc/arm-none-eabi/5.4.1/armv7-m\libgcc.a
LOAD c:/program files (x86)/cypress/psoc creator/4.4/psoc creator/import/gnu/arm/5.4.1/bin/../lib/gcc/arm-none-eabi/5.4.1/../../../../arm-none-eabi/lib/armv7-m\libc_nano.a
END GROUP
LOAD c:/program files (x86)/cypress/psoc creator/4.4/psoc creator/import/gnu/arm/5.4.1/bin/../lib/gcc/arm-none-eabi/5.4.1/armv7-m/crtend.o
LOAD c:/program files (x86)/cypress/psoc creator/4.4/psoc creator/import/gnu/arm/5.4.1/bin/../lib/gcc/arm-none-eabi/5.4.1/armv7-m/crtn.o
START GROUP
LOAD c:/program files (x86)/cypress/psoc creator/4.4/psoc creator/import/gnu/arm/5.4.1/bin/../lib/gcc/arm-none-eabi/5.4.1/armv7-m\libgcc.a
LOAD c:/program files (x86)/cypress/psoc creator/4.4/psoc creator/import/gnu/arm/5.4.1/bin/../lib/gcc/arm-none-eabi/5.4.1/../../../../arm-none-eabi/lib/armv7-m\libc.a
LOAD c:/program files (x86)/cypress/psoc creator/4.4/psoc creator/import/gnu/arm/5.4.1/bin/../lib/gcc/arm-none-eabi/5.4.1/../../../../arm-none-eabi/lib/armv7-m\libnosys.a
END GROUP
                0x00000000                CY_APPL_ORIGIN = 0x0
                0x00000100                CY_FLASH_ROW_SIZE = 0x100
                0x00000020                CY_ECC_ROW_SIZE = 0x20
                0x00000000                CY_EE_IN_BTLDR = 0x0
                0x00000000                CY_APPL_LOADABLE = 0x0
                0x00000800                CY_EE_SIZE = 0x800
                0x00000001                CY_APPL_NUM = 0x1
                0x00000001                CY_APPL_MAX = 0x1
                0x00000040                CY_METADATA_SIZE = 0x40
                0x00000000                CY_APPL_LOADABLE = 0x0
                0x00000000                CY_CHECKSUM_EXCLUDE_SIZE = ALIGN (0x0, CY_FLASH_ROW_SIZE)
                [!provide]                PROVIDE (__cy_heap_start, _end)
                0x00000001                PROVIDE (__cy_region_num, ((__cy_regions_end - __cy_regions) / 0x10))
                0x20008000                PROVIDE (__cy_stack, (ORIGIN (ram) + LENGTH (ram)))
                [!provide]                PROVIDE (__cy_heap_end, (__cy_stack - 0x800))

.cybootloader   0x00000000        0x0
 *(.cybootloader)
                0x00000000                appl1_start = CY_APPL_ORIGIN?CY_APPL_ORIGIN:ALIGN (CY_FLASH_ROW_SIZE)
                0x0001ff00                appl2_start = (appl1_start + ALIGN ((((LENGTH (rom) - appl1_start) - (0x2 * CY_FLASH_ROW_SIZE)) / 0x2), CY_FLASH_ROW_SIZE))
                0x00000000                appl_start = (CY_APPL_NUM == 0x1)?appl1_start:appl2_start
                0x00000000                ecc_offset = ((appl_start / CY_FLASH_ROW_SIZE) * CY_ECC_ROW_SIZE)
                0x00000000                ee_offset = (CY_APPL_LOADABLE && ! (CY_EE_IN_BTLDR))?((CY_EE_SIZE / CY_APPL_MAX) * (CY_APPL_NUM - 0x1)):0x0
                0x00000800                ee_size = (CY_APPL_LOADABLE && ! (CY_EE_IN_BTLDR))?(CY_EE_SIZE / CY_APPL_MAX):CY_EE_SIZE
                [!provide]                PROVIDE (CY_ECC_OFFSET, ecc_offset)

.text           0x00000000     0x12b4
 CREATE_OBJECT_SYMBOLS
                0x00000000                PROVIDE (__cy_interrupt_vector, RomVectors)
 *(.romvectors)
 .romvectors    0x00000000       0x10 .\CortexM3\ARM_GCC_541\Debug\Cm3Start.o
                0x00000000                RomVectors
                0x00000001                ASSERT ((. != __cy_interrupt_vector), No interrupt vector)
                0x00000001                ASSERT (CY_APPL_ORIGIN?(SIZEOF (.cybootloader) <= CY_APPL_ORIGIN):0x1, Wrong image location)
                0x00000010                PROVIDE (__cy_reset, Reset)
 *(.text.Reset)
 .text.Reset    0x00000010       0x18 .\CortexM3\ARM_GCC_541\Debug\Cm3Start.o
                0x00000010                Reset
                0x00000001                ASSERT ((. != __cy_reset), No reset code)
 *(.dma_init)
                0x00000001                ASSERT ((((appl_start + .) <= 0x10000) || 0x1), DMA Init must be within the first 64k of flash)
 *(.text .text.* .gnu.linkonce.t.*)
 .text          0x00000028       0x5c c:/program files (x86)/cypress/psoc creator/4.4/psoc creator/import/gnu/arm/5.4.1/bin/../lib/gcc/arm-none-eabi/5.4.1/armv7-m/crtbegin.o
 .text.main     0x00000084       0x38 .\CortexM3\ARM_GCC_541\Debug\main.o
                0x00000084                main
 .text.voltageDividerToPercent
                0x000000bc       0x3c .\CortexM3\ARM_GCC_541\Debug\BatteryDriver.o
                0x000000bc                voltageDividerToPercent
 .text.CyClockStartupError
                0x000000f8        0x4 .\CortexM3\ARM_GCC_541\Debug\cyfitter_cfg.o
 .text.cfg_write_bytes32
                0x000000fc       0x34 .\CortexM3\ARM_GCC_541\Debug\cyfitter_cfg.o
 .text.AnalogSetDefault
                0x00000130       0x58 .\CortexM3\ARM_GCC_541\Debug\cyfitter_cfg.o
 .text.CYMEMZERO
                0x00000188        0xc .\CortexM3\ARM_GCC_541\Debug\cyfitter_cfg.o
 .text.CYCONFIGCPY
                0x00000194        0x8 .\CortexM3\ARM_GCC_541\Debug\cyfitter_cfg.o
 .text.ClockSetup
                0x0000019c       0xe4 .\CortexM3\ARM_GCC_541\Debug\cyfitter_cfg.o
 .text.cyfitter_cfg
                0x00000280      0x120 .\CortexM3\ARM_GCC_541\Debug\cyfitter_cfg.o
                0x00000280                cyfitter_cfg
 .text.IntDefaultHandler
                0x000003a0       0x10 .\CortexM3\ARM_GCC_541\Debug\Cm3Start.o
                0x000003a0                IntDefaultHandler
 .text._sbrk    0x000003b0       0x30 .\CortexM3\ARM_GCC_541\Debug\Cm3Start.o
                0x000003b0                _sbrk
 .text.Start_c  0x000003e0       0x4c .\CortexM3\ARM_GCC_541\Debug\Cm3Start.o
                0x000003e0                Start_c
 .text.initialize_psoc
                0x0000042c       0x68 .\CortexM3\ARM_GCC_541\Debug\Cm3Start.o
                0x0000042c                initialize_psoc
 .text.ADC_SAR_2_CalcGain
                0x00000494       0x64 .\CortexM3\ARM_GCC_541\Debug\BatteryDriver.a(ADC_SAR_2.o)
 .text.ADC_SAR_2_Enable
                0x000004f8       0x98 .\CortexM3\ARM_GCC_541\Debug\BatteryDriver.a(ADC_SAR_2.o)
                0x000004f8                ADC_SAR_2_Enable
 .text.ADC_SAR_2_SetResolution
                0x00000590       0x38 .\CortexM3\ARM_GCC_541\Debug\BatteryDriver.a(ADC_SAR_2.o)
                0x00000590                ADC_SAR_2_SetResolution
 .text.ADC_SAR_2_Init
                0x000005c8       0x3c .\CortexM3\ARM_GCC_541\Debug\BatteryDriver.a(ADC_SAR_2.o)
                0x000005c8                ADC_SAR_2_Init
 .text.ADC_SAR_2_Start
                0x00000604       0x1c .\CortexM3\ARM_GCC_541\Debug\BatteryDriver.a(ADC_SAR_2.o)
                0x00000604                ADC_SAR_2_Start
 .text.ADC_SAR_2_StartConvert
                0x00000620       0x10 .\CortexM3\ARM_GCC_541\Debug\BatteryDriver.a(ADC_SAR_2.o)
                0x00000620                ADC_SAR_2_StartConvert
 .text.ADC_SAR_2_GetResult16
                0x00000630       0x18 .\CortexM3\ARM_GCC_541\Debug\BatteryDriver.a(ADC_SAR_2.o)
                0x00000630                ADC_SAR_2_GetResult16
 .text.ADC_SAR_2_CountsTo_mVolts
                0x00000648       0x58 .\CortexM3\ARM_GCC_541\Debug\BatteryDriver.a(ADC_SAR_2.o)
                0x00000648                ADC_SAR_2_CountsTo_mVolts
 .text.ADC_SAR_2_ISR
                0x000006a0        0x4 .\CortexM3\ARM_GCC_541\Debug\BatteryDriver.a(ADC_SAR_2_INT.o)
                0x000006a0                ADC_SAR_2_ISR
 .text.ADC_SAR_1_CalcGain
                0x000006a4       0x64 .\CortexM3\ARM_GCC_541\Debug\BatteryDriver.a(ADC_SAR_1.o)
 .text.ADC_SAR_1_Enable
                0x00000708       0x98 .\CortexM3\ARM_GCC_541\Debug\BatteryDriver.a(ADC_SAR_1.o)
                0x00000708                ADC_SAR_1_Enable
 .text.ADC_SAR_1_SetResolution
                0x000007a0       0x38 .\CortexM3\ARM_GCC_541\Debug\BatteryDriver.a(ADC_SAR_1.o)
                0x000007a0                ADC_SAR_1_SetResolution
 .text.ADC_SAR_1_Init
                0x000007d8       0x3c .\CortexM3\ARM_GCC_541\Debug\BatteryDriver.a(ADC_SAR_1.o)
                0x000007d8                ADC_SAR_1_Init
 .text.ADC_SAR_1_Start
                0x00000814       0x1c .\CortexM3\ARM_GCC_541\Debug\BatteryDriver.a(ADC_SAR_1.o)
                0x00000814                ADC_SAR_1_Start
 .text.ADC_SAR_1_StartConvert
                0x00000830       0x10 .\CortexM3\ARM_GCC_541\Debug\BatteryDriver.a(ADC_SAR_1.o)
                0x00000830                ADC_SAR_1_StartConvert
 .text.ADC_SAR_1_ISR
                0x00000840        0x4 .\CortexM3\ARM_GCC_541\Debug\BatteryDriver.a(ADC_SAR_1_INT.o)
                0x00000840                ADC_SAR_1_ISR
 .text.ADC_SAR_2_theACLK_SetModeRegister
                0x00000844       0x14 .\CortexM3\ARM_GCC_541\Debug\BatteryDriver.a(ADC_SAR_2_theACLK.o)
                0x00000844                ADC_SAR_2_theACLK_SetModeRegister
 .text.ADC_SAR_1_theACLK_SetModeRegister
                0x00000858       0x14 .\CortexM3\ARM_GCC_541\Debug\BatteryDriver.a(ADC_SAR_1_theACLK.o)
                0x00000858                ADC_SAR_1_theACLK_SetModeRegister
 .text.CyHalt   0x0000086c        0x4 .\CortexM3\ARM_GCC_541\Debug\BatteryDriver.a(CyLib.o)
                0x0000086c                CyHalt
 .text.CyDelayUs
                0x00000870       0x14 .\CortexM3\ARM_GCC_541\Debug\BatteryDriver.a(CyLib.o)
                0x00000870                CyDelayUs
 .text.CyIntSetVector
                0x00000884       0x28 .\CortexM3\ARM_GCC_541\Debug\BatteryDriver.a(CyLib.o)
                0x00000884                CyIntSetVector
 .text.CyIntSetPriority
                0x000008ac       0x30 .\CortexM3\ARM_GCC_541\Debug\BatteryDriver.a(CyLib.o)
                0x000008ac                CyIntSetPriority
 .text.UART_1_Init
                0x000008dc       0x24 .\CortexM3\ARM_GCC_541\Debug\BatteryDriver.a(UART_1.o)
                0x000008dc                UART_1_Init
 .text.UART_1_Enable
                0x00000900       0x38 .\CortexM3\ARM_GCC_541\Debug\BatteryDriver.a(UART_1.o)
                0x00000900                UART_1_Enable
 .text.UART_1_Start
                0x00000938       0x1c .\CortexM3\ARM_GCC_541\Debug\BatteryDriver.a(UART_1.o)
                0x00000938                UART_1_Start
 .text.UART_1_PutChar
                0x00000954       0x18 .\CortexM3\ARM_GCC_541\Debug\BatteryDriver.a(UART_1.o)
                0x00000954                UART_1_PutChar
 .text.UART_1_PutString
                0x0000096c       0x24 .\CortexM3\ARM_GCC_541\Debug\BatteryDriver.a(UART_1.o)
                0x0000096c                UART_1_PutString
 .text.UART_1_IntClock_Start
                0x00000990       0x1c .\CortexM3\ARM_GCC_541\Debug\BatteryDriver.a(UART_1_IntClock.o)
                0x00000990                UART_1_IntClock_Start
 *fill*         0x000009ac        0x4 
 .text          0x000009b0       0x20 .\CortexM3\ARM_GCC_541\Debug\BatteryDriver.a(CyBootAsmGnu.o)
                0x000009b0                CyDelayCycles
                0x000009c0                CyEnterCriticalSection
                0x000009c8                CyExitCriticalSection
 .text.__errno  0x000009d0        0xc c:/program files (x86)/cypress/psoc creator/4.4/psoc creator/import/gnu/arm/5.4.1/bin/../lib/gcc/arm-none-eabi/5.4.1/../../../../arm-none-eabi/lib/armv7-m\libg_nano.a(lib_a-errno.o)
                0x000009d0                __errno
 .text.__libc_init_array
                0x000009dc       0x4c c:/program files (x86)/cypress/psoc creator/4.4/psoc creator/import/gnu/arm/5.4.1/bin/../lib/gcc/arm-none-eabi/5.4.1/../../../../arm-none-eabi/lib/armv7-m\libg_nano.a(lib_a-init.o)
                0x000009dc                __libc_init_array
 .text.memcpy   0x00000a28       0x16 c:/program files (x86)/cypress/psoc creator/4.4/psoc creator/import/gnu/arm/5.4.1/bin/../lib/gcc/arm-none-eabi/5.4.1/../../../../arm-none-eabi/lib/armv7-m\libg_nano.a(lib_a-memcpy-stub.o)
                0x00000a28                memcpy
 .text.memset   0x00000a3e       0x10 c:/program files (x86)/cypress/psoc creator/4.4/psoc creator/import/gnu/arm/5.4.1/bin/../lib/gcc/arm-none-eabi/5.4.1/../../../../arm-none-eabi/lib/armv7-m\libg_nano.a(lib_a-memset.o)
                0x00000a3e                memset
 *fill*         0x00000a4e        0x2 
 .text.snprintf
                0x00000a50       0x64 c:/program files (x86)/cypress/psoc creator/4.4/psoc creator/import/gnu/arm/5.4.1/bin/../lib/gcc/arm-none-eabi/5.4.1/../../../../arm-none-eabi/lib/armv7-m\libg_nano.a(lib_a-snprintf.o)
                0x00000a50                sniprintf
                0x00000a50                snprintf
 .text.__ssputs_r
                0x00000ab4       0xb2 c:/program files (x86)/cypress/psoc creator/4.4/psoc creator/import/gnu/arm/5.4.1/bin/../lib/gcc/arm-none-eabi/5.4.1/../../../../arm-none-eabi/lib/armv7-m\libg_nano.a(lib_a-nano-svfprintf.o)
                0x00000ab4                __ssputs_r
 *fill*         0x00000b66        0x2 
 .text._svfprintf_r
                0x00000b68      0x1e8 c:/program files (x86)/cypress/psoc creator/4.4/psoc creator/import/gnu/arm/5.4.1/bin/../lib/gcc/arm-none-eabi/5.4.1/../../../../arm-none-eabi/lib/armv7-m\libg_nano.a(lib_a-nano-svfprintf.o)
                0x00000b68                _svfiprintf_r
                0x00000b68                _svfprintf_r
 .text._printf_common
                0x00000d50       0xec c:/program files (x86)/cypress/psoc creator/4.4/psoc creator/import/gnu/arm/5.4.1/bin/../lib/gcc/arm-none-eabi/5.4.1/../../../../arm-none-eabi/lib/armv7-m\libg_nano.a(lib_a-nano-vfprintf_i.o)
                0x00000d50                _printf_common
 .text._printf_i
                0x00000e3c      0x24c c:/program files (x86)/cypress/psoc creator/4.4/psoc creator/import/gnu/arm/5.4.1/bin/../lib/gcc/arm-none-eabi/5.4.1/../../../../arm-none-eabi/lib/armv7-m\libg_nano.a(lib_a-nano-vfprintf_i.o)
                0x00000e3c                _printf_i
 .text.memchr   0x00001088       0x1c c:/program files (x86)/cypress/psoc creator/4.4/psoc creator/import/gnu/arm/5.4.1/bin/../lib/gcc/arm-none-eabi/5.4.1/../../../../arm-none-eabi/lib/armv7-m\libg_nano.a(lib_a-memchr-stub.o)
                0x00001088                memchr
 .text.memmove  0x000010a4       0x36 c:/program files (x86)/cypress/psoc creator/4.4/psoc creator/import/gnu/arm/5.4.1/bin/../lib/gcc/arm-none-eabi/5.4.1/../../../../arm-none-eabi/lib/armv7-m\libg_nano.a(lib_a-memmove.o)
                0x000010a4                memmove
 *fill*         0x000010da        0x2 
 .text._free_r  0x000010dc       0x98 c:/program files (x86)/cypress/psoc creator/4.4/psoc creator/import/gnu/arm/5.4.1/bin/../lib/gcc/arm-none-eabi/5.4.1/../../../../arm-none-eabi/lib/armv7-m\libg_nano.a(lib_a-nano-freer.o)
                0x000010dc                _free_r
 .text._malloc_r
                0x00001174       0xbc c:/program files (x86)/cypress/psoc creator/4.4/psoc creator/import/gnu/arm/5.4.1/bin/../lib/gcc/arm-none-eabi/5.4.1/../../../../arm-none-eabi/lib/armv7-m\libg_nano.a(lib_a-nano-mallocr.o)
                0x00001174                _malloc_r
 .text._realloc_r
                0x00001230       0x4c c:/program files (x86)/cypress/psoc creator/4.4/psoc creator/import/gnu/arm/5.4.1/bin/../lib/gcc/arm-none-eabi/5.4.1/../../../../arm-none-eabi/lib/armv7-m\libg_nano.a(lib_a-nano-reallocr.o)
                0x00001230                _realloc_r
 .text._sbrk_r  0x0000127c       0x20 c:/program files (x86)/cypress/psoc creator/4.4/psoc creator/import/gnu/arm/5.4.1/bin/../lib/gcc/arm-none-eabi/5.4.1/../../../../arm-none-eabi/lib/armv7-m\libg_nano.a(lib_a-sbrkr.o)
                0x0000127c                _sbrk_r
 .text.__malloc_lock
                0x0000129c        0x2 c:/program files (x86)/cypress/psoc creator/4.4/psoc creator/import/gnu/arm/5.4.1/bin/../lib/gcc/arm-none-eabi/5.4.1/../../../../arm-none-eabi/lib/armv7-m\libg_nano.a(lib_a-mlock.o)
                0x0000129c                __malloc_lock
 .text.__malloc_unlock
                0x0000129e        0x2 c:/program files (x86)/cypress/psoc creator/4.4/psoc creator/import/gnu/arm/5.4.1/bin/../lib/gcc/arm-none-eabi/5.4.1/../../../../arm-none-eabi/lib/armv7-m\libg_nano.a(lib_a-mlock.o)
                0x0000129e                __malloc_unlock
 .text._malloc_usable_size_r
                0x000012a0       0x14 c:/program files (x86)/cypress/psoc creator/4.4/psoc creator/import/gnu/arm/5.4.1/bin/../lib/gcc/arm-none-eabi/5.4.1/../../../../arm-none-eabi/lib/armv7-m\libg_nano.a(lib_a-nano-msizer.o)
                0x000012a0                _malloc_usable_size_r
 *(.plt)
 *(.gnu.warning)
 *(.glue_7t)
 .glue_7t       0x000012b4        0x0 linker stubs
 *(.glue_7)
 .glue_7        0x000012b4        0x0 linker stubs
 *(.vfp11_veneer)
 .vfp11_veneer  0x000012b4        0x0 linker stubs
 *(.bootloader)
 *(.ARM.extab* .gnu.linkonce.armextab.*)
 *(.gcc_except_table)

.v4_bx          0x000012b4        0x0
 .v4_bx         0x000012b4        0x0 linker stubs

.iplt           0x000012b4        0x0
 .iplt          0x000012b4        0x0 c:/program files (x86)/cypress/psoc creator/4.4/psoc creator/import/gnu/arm/5.4.1/bin/../lib/gcc/arm-none-eabi/5.4.1/armv7-m/crtbegin.o

.eh_frame_hdr
 *(.eh_frame_hdr)

.eh_frame       0x000012b4        0x4
 *(.eh_frame)
 .eh_frame      0x000012b4        0x0 c:/program files (x86)/cypress/psoc creator/4.4/psoc creator/import/gnu/arm/5.4.1/bin/../lib/gcc/arm-none-eabi/5.4.1/armv7-m/crtbegin.o
 .eh_frame      0x000012b4        0x4 c:/program files (x86)/cypress/psoc creator/4.4/psoc creator/import/gnu/arm/5.4.1/bin/../lib/gcc/arm-none-eabi/5.4.1/armv7-m/crtend.o
                [!provide]                PROVIDE (__exidx_start, .)

.ARM.exidx
 *(.ARM.exidx* .gnu.linkonce.armexidx.*)
                0x000012b8                __exidx_end = .

.rodata         0x000012b8       0xc0
 *(.rodata .rodata.* .gnu.linkonce.r.*)
 .rodata.str1.4
                0x000012b8       0x20 .\CortexM3\ARM_GCC_541\Debug\main.o
                                 0x1e (size before relaxing)
 .rodata        0x000012d8       0x36 .\CortexM3\ARM_GCC_541\Debug\cyfitter_cfg.o
 .rodata.str1.1
                0x0000130e        0x2 c:/program files (x86)/cypress/psoc creator/4.4/psoc creator/import/gnu/arm/5.4.1/bin/../lib/gcc/arm-none-eabi/5.4.1/../../../../arm-none-eabi/lib/armv7-m\libg_nano.a(lib_a-impure.o)
 .rodata.str1.1
                0x00001310       0x11 c:/program files (x86)/cypress/psoc creator/4.4/psoc creator/import/gnu/arm/5.4.1/bin/../lib/gcc/arm-none-eabi/5.4.1/../../../../arm-none-eabi/lib/armv7-m\libg_nano.a(lib_a-nano-svfprintf.o)
 .rodata.str1.1
                0x00001321       0x22 c:/program files (x86)/cypress/psoc creator/4.4/psoc creator/import/gnu/arm/5.4.1/bin/../lib/gcc/arm-none-eabi/5.4.1/../../../../arm-none-eabi/lib/armv7-m\libg_nano.a(lib_a-nano-vfprintf_i.o)
                0x00001344                . = ALIGN (0x4)
 *fill*         0x00001343        0x1 
 *(.init)
 .init          0x00001344        0x4 c:/program files (x86)/cypress/psoc creator/4.4/psoc creator/import/gnu/arm/5.4.1/bin/../lib/gcc/arm-none-eabi/5.4.1/armv7-m/crti.o
                0x00001344                _init
 .init          0x00001348        0x8 c:/program files (x86)/cypress/psoc creator/4.4/psoc creator/import/gnu/arm/5.4.1/bin/../lib/gcc/arm-none-eabi/5.4.1/armv7-m/crtn.o
                0x00001350                . = ALIGN (0x4)
                0x00001350                __preinit_array_start = .
 *(.preinit_array)
                0x00001350                __preinit_array_end = .
                0x00001350                . = ALIGN (0x4)
                0x00001350                __init_array_start = .
 *(SORT(.init_array.*))
 *(.init_array)
 .init_array    0x00001350        0x4 c:/program files (x86)/cypress/psoc creator/4.4/psoc creator/import/gnu/arm/5.4.1/bin/../lib/gcc/arm-none-eabi/5.4.1/armv7-m/crtbegin.o
 .init_array    0x00001354        0x4 .\CortexM3\ARM_GCC_541\Debug\Cm3Start.o
                0x00001358                __init_array_end = .
                0x00001358                . = ALIGN (0x4)
 *(.fini)
 .fini          0x00001358        0x4 c:/program files (x86)/cypress/psoc creator/4.4/psoc creator/import/gnu/arm/5.4.1/bin/../lib/gcc/arm-none-eabi/5.4.1/armv7-m/crti.o
                0x00001358                _fini
 .fini          0x0000135c        0x8 c:/program files (x86)/cypress/psoc creator/4.4/psoc creator/import/gnu/arm/5.4.1/bin/../lib/gcc/arm-none-eabi/5.4.1/armv7-m/crtn.o
                0x00001364                . = ALIGN (0x4)
                0x00001364                __fini_array_start = .
 *(.fini_array)
 .fini_array    0x00001364        0x4 c:/program files (x86)/cypress/psoc creator/4.4/psoc creator/import/gnu/arm/5.4.1/bin/../lib/gcc/arm-none-eabi/5.4.1/armv7-m/crtbegin.o
 *(SORT(.fini_array.*))
                0x00001368                __fini_array_end = .
                0x00001368                . = ALIGN (0x4)
 *crtbegin.o(.ctors)
 *(EXCLUDE_FILE(*crtend.o) .ctors)
 *(SORT(.ctors.*))
 *crtend.o(.ctors)
                0x00001368                . = ALIGN (0x4)
 *crtbegin.o(.dtors)
 *(EXCLUDE_FILE(*crtend.o) .dtors)
 *(SORT(.dtors.*))
 *crtend.o(.dtors)
                0x00001368                . = ALIGN (0x4)
                0x00001368                __cy_regions = .
                0x00001368        0x4 LONG 0x1378 __cy_region_init_ram
                0x0000136c        0x4 LONG 0x1fff80c8 __cy_region_start_data
                0x00001370        0x4 LONG 0x80 __cy_region_init_size_ram
                0x00001374        0x4 LONG 0x48 __cy_region_zero_size_ram
                0x00001378                __cy_regions_end = .
                0x00001378                . = ALIGN (0x8)
                0x00001378                _etext = .

.cy_checksum_exclude
                0x00001378        0x0
 *(.cy_checksum_exclude)

.ramvectors     0x1fff8000       0xc0
                0x1fff8000                __cy_region_start_ram = .
 *(.ramvectors)
 .ramvectors    0x1fff8000       0xc0 .\CortexM3\ARM_GCC_541\Debug\Cm3Start.o
                0x1fff8000                CyRamVectors

.noinit         0x1fff80c0        0x1
 *(.noinit)
 .noinit        0x1fff80c0        0x1 .\CortexM3\ARM_GCC_541\Debug\BatteryDriver.a(CyLib.o)
                0x1fff80c0                CyResetStatus

.data           0x1fff80c8       0x80 load address 0x00001378
                0x1fff80c8                __cy_region_start_data = .
 *(.jcr)
 .jcr           0x1fff80c8        0x0 c:/program files (x86)/cypress/psoc creator/4.4/psoc creator/import/gnu/arm/5.4.1/bin/../lib/gcc/arm-none-eabi/5.4.1/armv7-m/crtbegin.o
 .jcr           0x1fff80c8        0x4 c:/program files (x86)/cypress/psoc creator/4.4/psoc creator/import/gnu/arm/5.4.1/bin/../lib/gcc/arm-none-eabi/5.4.1/armv7-m/crtend.o
 *(.got.plt)
 *(.got)
 *(.shdata)
 *(.data .data.* .gnu.linkonce.d.*)
 .data          0x1fff80cc        0x4 .\CortexM3\ARM_GCC_541\Debug\Cm3Start.o
 .data          0x1fff80d0       0x10 .\CortexM3\ARM_GCC_541\Debug\BatteryDriver.a(CyLib.o)
                0x1fff80d0                cydelay_32k_ms
                0x1fff80d4                cydelay_freq_khz
                0x1fff80d8                cydelay_freq_mhz
                0x1fff80dc                cydelay_freq_hz
 .data.impure_data
                0x1fff80e0       0x60 c:/program files (x86)/cypress/psoc creator/4.4/psoc creator/import/gnu/arm/5.4.1/bin/../lib/gcc/arm-none-eabi/5.4.1/../../../../arm-none-eabi/lib/armv7-m\libg_nano.a(lib_a-impure.o)
 .data._impure_ptr
                0x1fff8140        0x4 c:/program files (x86)/cypress/psoc creator/4.4/psoc creator/import/gnu/arm/5.4.1/bin/../lib/gcc/arm-none-eabi/5.4.1/../../../../arm-none-eabi/lib/armv7-m\libg_nano.a(lib_a-impure.o)
                0x1fff8140                _impure_ptr
                0x1fff8148                . = ALIGN (0x8)
 *fill*         0x1fff8144        0x4 
 *(.ram)
                0x1fff8148                _edata = .

.igot.plt       0x1fff8148        0x0 load address 0x000013f8
 .igot.plt      0x1fff8148        0x0 c:/program files (x86)/cypress/psoc creator/4.4/psoc creator/import/gnu/arm/5.4.1/bin/../lib/gcc/arm-none-eabi/5.4.1/armv7-m/crtbegin.o

.bss            0x1fff8148       0x48 load address 0x000013f8
                0x1fff8148                PROVIDE (__bss_start__, .)
 *(.shbss)
 *(.bss .bss.* .gnu.linkonce.b.*)
 .bss           0x1fff8148       0x1c c:/program files (x86)/cypress/psoc creator/4.4/psoc creator/import/gnu/arm/5.4.1/bin/../lib/gcc/arm-none-eabi/5.4.1/armv7-m/crtbegin.o
 .bss           0x1fff8164        0x1 .\CortexM3\ARM_GCC_541\Debug\BatteryDriver.a(ADC_SAR_2.o)
                0x1fff8164                ADC_SAR_2_initVar
 .bss           0x1fff8165        0x1 .\CortexM3\ARM_GCC_541\Debug\BatteryDriver.a(ADC_SAR_1.o)
                0x1fff8165                ADC_SAR_1_initVar
 .bss           0x1fff8166        0x2 .\CortexM3\ARM_GCC_541\Debug\BatteryDriver.a(UART_1.o)
                0x1fff8166                UART_1_initVar
 .bss.__malloc_sbrk_start
                0x1fff8168        0x4 c:/program files (x86)/cypress/psoc creator/4.4/psoc creator/import/gnu/arm/5.4.1/bin/../lib/gcc/arm-none-eabi/5.4.1/../../../../arm-none-eabi/lib/armv7-m\libg_nano.a(lib_a-nano-mallocr.o)
                0x1fff8168                __malloc_sbrk_start
 .bss.__malloc_free_list
                0x1fff816c        0x4 c:/program files (x86)/cypress/psoc creator/4.4/psoc creator/import/gnu/arm/5.4.1/bin/../lib/gcc/arm-none-eabi/5.4.1/../../../../arm-none-eabi/lib/armv7-m\libg_nano.a(lib_a-nano-mallocr.o)
                0x1fff816c                __malloc_free_list
 *(COMMON)
 COMMON         0x1fff8170        0xa .\CortexM3\ARM_GCC_541\Debug\BatteryDriver.a(ADC_SAR_2.o)
                0x1fff8170                ADC_SAR_2_countsPer10Volt
                0x1fff8174                ADC_SAR_2_shift
                0x1fff8176                ADC_SAR_2_offset
                0x1fff8178                ADC_SAR_2_countsPerVolt
 *fill*         0x1fff817a        0x2 
 COMMON         0x1fff817c        0xa .\CortexM3\ARM_GCC_541\Debug\BatteryDriver.a(ADC_SAR_1.o)
                0x1fff817c                ADC_SAR_1_countsPerVolt
                0x1fff817e                ADC_SAR_1_shift
                0x1fff8180                ADC_SAR_1_countsPer10Volt
                0x1fff8184                ADC_SAR_1_offset
 *fill*         0x1fff8186        0x2 
 COMMON         0x1fff8188        0x4 c:/program files (x86)/cypress/psoc creator/4.4/psoc creator/import/gnu/arm/5.4.1/bin/../lib/gcc/arm-none-eabi/5.4.1/../../../../arm-none-eabi/lib/armv7-m\libg_nano.a(lib_a-reent.o)
                0x1fff8188                errno
                0x1fff8190                . = ALIGN (0x8)
 *fill*         0x1fff818c        0x4 
 *(.ram.b)
                0x1fff8190                _end = .
                0x1fff8190                __end = .
                0x1fff8190                PROVIDE (end, .)
                0x1fff8190                PROVIDE (__bss_end__, .)
                0x00001378                __cy_region_init_ram = LOADADDR (.data)
                0x00000080                __cy_region_init_size_ram = (_edata - ADDR (.data))
                0x00000048                __cy_region_zero_size_ram = (_end - _edata)

.heap           0x1fff8190       0x80 load address 0x000013f8
                0x1fff8190                . = _end
                0x1fff8210                . = (. + 0x80)
 *fill*         0x1fff8190       0x80 
                0x1fff8210                __cy_heap_limit = .

.stack          0x20007800      0x800
                0x20007800                __cy_stack_limit = .
                0x20008000                . = (. + 0x800)
 *fill*         0x20007800      0x800 
                0x00000001                ASSERT ((__cy_stack_limit >= __cy_heap_limit), region RAM overflowed with stack)
                0x00000000                cy_checksum_exclude_size = (CY_APPL_LOADABLE == 0x1)?SIZEOF (.cy_checksum_exclude):0x0
                0x00000001                ASSERT ((cy_checksum_exclude_size <= CY_CHECKSUM_EXCLUDE_SIZE), CY_BOOT: Section .cy_checksum_exclude size exceedes specified limit.)

.cyloadermeta
 *(.cyloadermeta)

.cyloadablemeta
 *(.cyloadablemeta)

.cyconfigecc    0x80000000      0x39c
 *(.cyconfigecc)
 .cyconfigecc   0x80000000      0x39c .\CortexM3\ARM_GCC_541\Debug\cymetadata.o
                0x80000000                cy_meta_configecc

.cycustnvl      0x90000000        0x4
 *(.cycustnvl)
 .cycustnvl     0x90000000        0x4 .\CortexM3\ARM_GCC_541\Debug\cymetadata.o
                0x90000000                cy_meta_custnvl

.cywolatch      0x90100000        0x4
 *(.cywolatch)
 .cywolatch     0x90100000        0x4 .\CortexM3\ARM_GCC_541\Debug\cymetadata.o
                0x90100000                cy_meta_wonvl

.cyeeprom       0x90200000        0x0
 *(.cyeeprom)
                0x00000001                ASSERT ((. <= ((0x90200000 + ee_offset) + ee_size)), .cyeeprom data will not fit in EEPROM)

.cyflashprotect
                0x90400000      0x100
 *(.cyflashprotect)
 .cyflashprotect
                0x90400000      0x100 .\CortexM3\ARM_GCC_541\Debug\cymetadata.o
                0x90400000                cy_meta_flashprotect

.cymeta         0x90500000        0xc
 *(.cymeta)
 .cymeta        0x90500000        0xc .\CortexM3\ARM_GCC_541\Debug\cymetadata.o
                0x90500000                cy_metadata

.rel.dyn        0x000013f8        0x0 load address 0x9050000c
 .rel.iplt      0x000013f8        0x0 c:/program files (x86)/cypress/psoc creator/4.4/psoc creator/import/gnu/arm/5.4.1/bin/../lib/gcc/arm-none-eabi/5.4.1/armv7-m/crtbegin.o

.stab
 *(.stab)

.stabstr
 *(.stabstr)

.debug
 *(.debug)

.line
 *(.line)

.debug_srcinfo
 *(.debug_srcinfo)

.debug_sfnames
 *(.debug_sfnames)

.debug_aranges  0x00000000      0x958
 *(.debug_aranges)
 .debug_aranges
                0x00000000       0x20 .\CortexM3\ARM_GCC_541\Debug\main.o
 .debug_aranges
                0x00000020       0x30 .\CortexM3\ARM_GCC_541\Debug\BatteryDriver.o
 .debug_aranges
                0x00000050       0x58 .\CortexM3\ARM_GCC_541\Debug\cyfitter_cfg.o
 .debug_aranges
                0x000000a8       0x18 .\CortexM3\ARM_GCC_541\Debug\cymetadata.o
 .debug_aranges
                0x000000c0       0x48 .\CortexM3\ARM_GCC_541\Debug\Cm3Start.o
 .debug_aranges
                0x00000108       0xa8 .\CortexM3\ARM_GCC_541\Debug\BatteryDriver.a(ADC_SAR_2.o)
 .debug_aranges
                0x000001b0       0x20 .\CortexM3\ARM_GCC_541\Debug\BatteryDriver.a(ADC_SAR_2_INT.o)
 .debug_aranges
                0x000001d0       0xa8 .\CortexM3\ARM_GCC_541\Debug\BatteryDriver.a(ADC_SAR_1.o)
 .debug_aranges
                0x00000278       0x20 .\CortexM3\ARM_GCC_541\Debug\BatteryDriver.a(ADC_SAR_1_INT.o)
 .debug_aranges
                0x00000298       0x80 .\CortexM3\ARM_GCC_541\Debug\BatteryDriver.a(ADC_SAR_2_theACLK.o)
 .debug_aranges
                0x00000318       0x80 .\CortexM3\ARM_GCC_541\Debug\BatteryDriver.a(ADC_SAR_1_theACLK.o)
 .debug_aranges
                0x00000398      0x2a0 .\CortexM3\ARM_GCC_541\Debug\BatteryDriver.a(CyLib.o)
 .debug_aranges
                0x00000638       0x98 .\CortexM3\ARM_GCC_541\Debug\BatteryDriver.a(cyPm.o)
 .debug_aranges
                0x000006d0       0xf0 .\CortexM3\ARM_GCC_541\Debug\BatteryDriver.a(UART_1.o)
 .debug_aranges
                0x000007c0       0x70 .\CortexM3\ARM_GCC_541\Debug\BatteryDriver.a(UART_1_IntClock.o)
 .debug_aranges
                0x00000830       0x20 .\CortexM3\ARM_GCC_541\Debug\BatteryDriver.a(CyBootAsmGnu.o)
 .debug_aranges
                0x00000850       0x88 .\CortexM3\ARM_GCC_541\Debug\BatteryDriver.a(CyFlash.o)
 .debug_aranges
                0x000008d8       0x80 .\CortexM3\ARM_GCC_541\Debug\BatteryDriver.a(CySpc.o)

.debug_pubnames
 *(.debug_pubnames)

.debug_info     0x00000000     0x5384
 *(.debug_info .gnu.linkonce.wi.*)
 .debug_info    0x00000000      0x1b1 .\CortexM3\ARM_GCC_541\Debug\main.o
 .debug_info    0x000001b1      0x28c .\CortexM3\ARM_GCC_541\Debug\BatteryDriver.o
 .debug_info    0x0000043d      0x5df .\CortexM3\ARM_GCC_541\Debug\cyfitter_cfg.o
 .debug_info    0x00000a1c      0x135 .\CortexM3\ARM_GCC_541\Debug\cymetadata.o
 .debug_info    0x00000b51      0x3bb .\CortexM3\ARM_GCC_541\Debug\Cm3Start.o
 .debug_info    0x00000f0c      0x5c0 .\CortexM3\ARM_GCC_541\Debug\BatteryDriver.a(ADC_SAR_2.o)
 .debug_info    0x000014cc       0x92 .\CortexM3\ARM_GCC_541\Debug\BatteryDriver.a(ADC_SAR_2_INT.o)
 .debug_info    0x0000155e      0x5c0 .\CortexM3\ARM_GCC_541\Debug\BatteryDriver.a(ADC_SAR_1.o)
 .debug_info    0x00001b1e       0x92 .\CortexM3\ARM_GCC_541\Debug\BatteryDriver.a(ADC_SAR_1_INT.o)
 .debug_info    0x00001bb0      0x2c4 .\CortexM3\ARM_GCC_541\Debug\BatteryDriver.a(ADC_SAR_2_theACLK.o)
 .debug_info    0x00001e74      0x2c4 .\CortexM3\ARM_GCC_541\Debug\BatteryDriver.a(ADC_SAR_1_theACLK.o)
 .debug_info    0x00002138     0x1374 .\CortexM3\ARM_GCC_541\Debug\BatteryDriver.a(CyLib.o)
 .debug_info    0x000034ac      0xa2a .\CortexM3\ARM_GCC_541\Debug\BatteryDriver.a(cyPm.o)
 .debug_info    0x00003ed6      0x60c .\CortexM3\ARM_GCC_541\Debug\BatteryDriver.a(UART_1.o)
 .debug_info    0x000044e2      0x283 .\CortexM3\ARM_GCC_541\Debug\BatteryDriver.a(UART_1_IntClock.o)
 .debug_info    0x00004765       0x82 .\CortexM3\ARM_GCC_541\Debug\BatteryDriver.a(CyBootAsmGnu.o)
 .debug_info    0x000047e7      0x64d .\CortexM3\ARM_GCC_541\Debug\BatteryDriver.a(CyFlash.o)
 .debug_info    0x00004e34      0x550 .\CortexM3\ARM_GCC_541\Debug\BatteryDriver.a(CySpc.o)

.debug_abbrev   0x00000000     0x1669
 *(.debug_abbrev)
 .debug_abbrev  0x00000000       0xcf .\CortexM3\ARM_GCC_541\Debug\main.o
 .debug_abbrev  0x000000cf      0x125 .\CortexM3\ARM_GCC_541\Debug\BatteryDriver.o
 .debug_abbrev  0x000001f4      0x20d .\CortexM3\ARM_GCC_541\Debug\cyfitter_cfg.o
 .debug_abbrev  0x00000401       0x66 .\CortexM3\ARM_GCC_541\Debug\cymetadata.o
 .debug_abbrev  0x00000467      0x1e8 .\CortexM3\ARM_GCC_541\Debug\Cm3Start.o
 .debug_abbrev  0x0000064f      0x1ac .\CortexM3\ARM_GCC_541\Debug\BatteryDriver.a(ADC_SAR_2.o)
 .debug_abbrev  0x000007fb       0x42 .\CortexM3\ARM_GCC_541\Debug\BatteryDriver.a(ADC_SAR_2_INT.o)
 .debug_abbrev  0x0000083d      0x1ac .\CortexM3\ARM_GCC_541\Debug\BatteryDriver.a(ADC_SAR_1.o)
 .debug_abbrev  0x000009e9       0x42 .\CortexM3\ARM_GCC_541\Debug\BatteryDriver.a(ADC_SAR_1_INT.o)
 .debug_abbrev  0x00000a2b      0x121 .\CortexM3\ARM_GCC_541\Debug\BatteryDriver.a(ADC_SAR_2_theACLK.o)
 .debug_abbrev  0x00000b4c      0x121 .\CortexM3\ARM_GCC_541\Debug\BatteryDriver.a(ADC_SAR_1_theACLK.o)
 .debug_abbrev  0x00000c6d      0x254 .\CortexM3\ARM_GCC_541\Debug\BatteryDriver.a(CyLib.o)
 .debug_abbrev  0x00000ec1      0x1ab .\CortexM3\ARM_GCC_541\Debug\BatteryDriver.a(cyPm.o)
 .debug_abbrev  0x0000106c      0x175 .\CortexM3\ARM_GCC_541\Debug\BatteryDriver.a(UART_1.o)
 .debug_abbrev  0x000011e1      0x139 .\CortexM3\ARM_GCC_541\Debug\BatteryDriver.a(UART_1_IntClock.o)
 .debug_abbrev  0x0000131a       0x14 .\CortexM3\ARM_GCC_541\Debug\BatteryDriver.a(CyBootAsmGnu.o)
 .debug_abbrev  0x0000132e      0x1a7 .\CortexM3\ARM_GCC_541\Debug\BatteryDriver.a(CyFlash.o)
 .debug_abbrev  0x000014d5      0x194 .\CortexM3\ARM_GCC_541\Debug\BatteryDriver.a(CySpc.o)

.debug_line     0x00000000     0x264c
 *(.debug_line)
 .debug_line    0x00000000      0x218 .\CortexM3\ARM_GCC_541\Debug\main.o
 .debug_line    0x00000218      0x1f8 .\CortexM3\ARM_GCC_541\Debug\BatteryDriver.o
 .debug_line    0x00000410      0x1fe .\CortexM3\ARM_GCC_541\Debug\cyfitter_cfg.o
 .debug_line    0x0000060e      0x141 .\CortexM3\ARM_GCC_541\Debug\cymetadata.o
 .debug_line    0x0000074f      0x234 .\CortexM3\ARM_GCC_541\Debug\Cm3Start.o
 .debug_line    0x00000983      0x21e .\CortexM3\ARM_GCC_541\Debug\BatteryDriver.a(ADC_SAR_2.o)
 .debug_line    0x00000ba1       0x56 .\CortexM3\ARM_GCC_541\Debug\BatteryDriver.a(ADC_SAR_2_INT.o)
 .debug_line    0x00000bf7      0x21e .\CortexM3\ARM_GCC_541\Debug\BatteryDriver.a(ADC_SAR_1.o)
 .debug_line    0x00000e15       0x56 .\CortexM3\ARM_GCC_541\Debug\BatteryDriver.a(ADC_SAR_1_INT.o)
 .debug_line    0x00000e6b      0x1a3 .\CortexM3\ARM_GCC_541\Debug\BatteryDriver.a(ADC_SAR_2_theACLK.o)
 .debug_line    0x0000100e      0x1a3 .\CortexM3\ARM_GCC_541\Debug\BatteryDriver.a(ADC_SAR_1_theACLK.o)
 .debug_line    0x000011b1      0x816 .\CortexM3\ARM_GCC_541\Debug\BatteryDriver.a(CyLib.o)
 .debug_line    0x000019c7      0x367 .\CortexM3\ARM_GCC_541\Debug\BatteryDriver.a(cyPm.o)
 .debug_line    0x00001d2e      0x2c0 .\CortexM3\ARM_GCC_541\Debug\BatteryDriver.a(UART_1.o)
 .debug_line    0x00001fee      0x17e .\CortexM3\ARM_GCC_541\Debug\BatteryDriver.a(UART_1_IntClock.o)
 .debug_line    0x0000216c       0x66 .\CortexM3\ARM_GCC_541\Debug\BatteryDriver.a(CyBootAsmGnu.o)
 .debug_line    0x000021d2      0x21a .\CortexM3\ARM_GCC_541\Debug\BatteryDriver.a(CyFlash.o)
 .debug_line    0x000023ec      0x260 .\CortexM3\ARM_GCC_541\Debug\BatteryDriver.a(CySpc.o)

.debug_frame    0x00000000     0x1bb0
 *(.debug_frame)
 .debug_frame   0x00000000       0x2c .\CortexM3\ARM_GCC_541\Debug\main.o
 .debug_frame   0x0000002c       0x6c .\CortexM3\ARM_GCC_541\Debug\BatteryDriver.o
 .debug_frame   0x00000098       0xe4 .\CortexM3\ARM_GCC_541\Debug\cyfitter_cfg.o
 .debug_frame   0x0000017c       0xb8 .\CortexM3\ARM_GCC_541\Debug\Cm3Start.o
 .debug_frame   0x00000234      0x1b4 .\CortexM3\ARM_GCC_541\Debug\BatteryDriver.a(ADC_SAR_2.o)
 .debug_frame   0x000003e8       0x20 .\CortexM3\ARM_GCC_541\Debug\BatteryDriver.a(ADC_SAR_2_INT.o)
 .debug_frame   0x00000408      0x1b0 .\CortexM3\ARM_GCC_541\Debug\BatteryDriver.a(ADC_SAR_1.o)
 .debug_frame   0x000005b8       0x20 .\CortexM3\ARM_GCC_541\Debug\BatteryDriver.a(ADC_SAR_1_INT.o)
 .debug_frame   0x000005d8      0x100 .\CortexM3\ARM_GCC_541\Debug\BatteryDriver.a(ADC_SAR_2_theACLK.o)
 .debug_frame   0x000006d8      0x100 .\CortexM3\ARM_GCC_541\Debug\BatteryDriver.a(ADC_SAR_1_theACLK.o)
 .debug_frame   0x000007d8      0x738 .\CortexM3\ARM_GCC_541\Debug\BatteryDriver.a(CyLib.o)
 .debug_frame   0x00000f10      0x1f8 .\CortexM3\ARM_GCC_541\Debug\BatteryDriver.a(cyPm.o)
 .debug_frame   0x00001108      0x250 .\CortexM3\ARM_GCC_541\Debug\BatteryDriver.a(UART_1.o)
 .debug_frame   0x00001358       0xe0 .\CortexM3\ARM_GCC_541\Debug\BatteryDriver.a(UART_1_IntClock.o)
 .debug_frame   0x00001438      0x194 .\CortexM3\ARM_GCC_541\Debug\BatteryDriver.a(CyFlash.o)
 .debug_frame   0x000015cc      0x180 .\CortexM3\ARM_GCC_541\Debug\BatteryDriver.a(CySpc.o)
 .debug_frame   0x0000174c       0x44 c:/program files (x86)/cypress/psoc creator/4.4/psoc creator/import/gnu/arm/5.4.1/bin/../lib/gcc/arm-none-eabi/5.4.1/armv7-m\libgcc.a(_aeabi_ldivmod.o)
 .debug_frame   0x00001790       0x38 c:/program files (x86)/cypress/psoc creator/4.4/psoc creator/import/gnu/arm/5.4.1/bin/../lib/gcc/arm-none-eabi/5.4.1/armv7-m\libgcc.a(_udivmoddi4.o)
 .debug_frame   0x000017c8       0x20 c:/program files (x86)/cypress/psoc creator/4.4/psoc creator/import/gnu/arm/5.4.1/bin/../lib/gcc/arm-none-eabi/5.4.1/../../../../arm-none-eabi/lib/armv7-m\libg_nano.a(lib_a-errno.o)
 .debug_frame   0x000017e8       0x28 c:/program files (x86)/cypress/psoc creator/4.4/psoc creator/import/gnu/arm/5.4.1/bin/../lib/gcc/arm-none-eabi/5.4.1/../../../../arm-none-eabi/lib/armv7-m\libg_nano.a(lib_a-exit.o)
 .debug_frame   0x00001810       0x2c c:/program files (x86)/cypress/psoc creator/4.4/psoc creator/import/gnu/arm/5.4.1/bin/../lib/gcc/arm-none-eabi/5.4.1/../../../../arm-none-eabi/lib/armv7-m\libg_nano.a(lib_a-init.o)
 .debug_frame   0x0000183c       0x28 c:/program files (x86)/cypress/psoc creator/4.4/psoc creator/import/gnu/arm/5.4.1/bin/../lib/gcc/arm-none-eabi/5.4.1/../../../../arm-none-eabi/lib/armv7-m\libg_nano.a(lib_a-memcpy-stub.o)
 .debug_frame   0x00001864       0x20 c:/program files (x86)/cypress/psoc creator/4.4/psoc creator/import/gnu/arm/5.4.1/bin/../lib/gcc/arm-none-eabi/5.4.1/../../../../arm-none-eabi/lib/armv7-m\libg_nano.a(lib_a-memset.o)
 .debug_frame   0x00001884       0x74 c:/program files (x86)/cypress/psoc creator/4.4/psoc creator/import/gnu/arm/5.4.1/bin/../lib/gcc/arm-none-eabi/5.4.1/../../../../arm-none-eabi/lib/armv7-m\libg_nano.a(lib_a-snprintf.o)
 .debug_frame   0x000018f8       0x90 c:/program files (x86)/cypress/psoc creator/4.4/psoc creator/import/gnu/arm/5.4.1/bin/../lib/gcc/arm-none-eabi/5.4.1/../../../../arm-none-eabi/lib/armv7-m\libg_nano.a(lib_a-nano-svfprintf.o)
 .debug_frame   0x00001988       0x60 c:/program files (x86)/cypress/psoc creator/4.4/psoc creator/import/gnu/arm/5.4.1/bin/../lib/gcc/arm-none-eabi/5.4.1/../../../../arm-none-eabi/lib/armv7-m\libg_nano.a(lib_a-nano-vfprintf_i.o)
 .debug_frame   0x000019e8       0x28 c:/program files (x86)/cypress/psoc creator/4.4/psoc creator/import/gnu/arm/5.4.1/bin/../lib/gcc/arm-none-eabi/5.4.1/../../../../arm-none-eabi/lib/armv7-m\libg_nano.a(lib_a-memchr-stub.o)
 .debug_frame   0x00001a10       0x28 c:/program files (x86)/cypress/psoc creator/4.4/psoc creator/import/gnu/arm/5.4.1/bin/../lib/gcc/arm-none-eabi/5.4.1/../../../../arm-none-eabi/lib/armv7-m\libg_nano.a(lib_a-memmove.o)
 .debug_frame   0x00001a38       0x38 c:/program files (x86)/cypress/psoc creator/4.4/psoc creator/import/gnu/arm/5.4.1/bin/../lib/gcc/arm-none-eabi/5.4.1/../../../../arm-none-eabi/lib/armv7-m\libg_nano.a(lib_a-nano-freer.o)
 .debug_frame   0x00001a70       0x2c c:/program files (x86)/cypress/psoc creator/4.4/psoc creator/import/gnu/arm/5.4.1/bin/../lib/gcc/arm-none-eabi/5.4.1/../../../../arm-none-eabi/lib/armv7-m\libg_nano.a(lib_a-nano-mallocr.o)
 .debug_frame   0x00001a9c       0x3c c:/program files (x86)/cypress/psoc creator/4.4/psoc creator/import/gnu/arm/5.4.1/bin/../lib/gcc/arm-none-eabi/5.4.1/../../../../arm-none-eabi/lib/armv7-m\libg_nano.a(lib_a-nano-reallocr.o)
 .debug_frame   0x00001ad8       0x2c c:/program files (x86)/cypress/psoc creator/4.4/psoc creator/import/gnu/arm/5.4.1/bin/../lib/gcc/arm-none-eabi/5.4.1/../../../../arm-none-eabi/lib/armv7-m\libg_nano.a(lib_a-sbrkr.o)
 .debug_frame   0x00001b04       0x30 c:/program files (x86)/cypress/psoc creator/4.4/psoc creator/import/gnu/arm/5.4.1/bin/../lib/gcc/arm-none-eabi/5.4.1/../../../../arm-none-eabi/lib/armv7-m\libg_nano.a(lib_a-mlock.o)
 .debug_frame   0x00001b34       0x20 c:/program files (x86)/cypress/psoc creator/4.4/psoc creator/import/gnu/arm/5.4.1/bin/../lib/gcc/arm-none-eabi/5.4.1/../../../../arm-none-eabi/lib/armv7-m\libg_nano.a(lib_a-nano-msizer.o)
 .debug_frame   0x00001b54       0x5c c:/program files (x86)/cypress/psoc creator/4.4/psoc creator/import/gnu/arm/5.4.1/bin/../lib/gcc/arm-none-eabi/5.4.1/../../../../arm-none-eabi/lib/armv7-m\libg_nano.a(lib_a-reent.o)

.debug_str      0x00000000     0x2094
 *(.debug_str)
 .debug_str     0x00000000      0x1e8 .\CortexM3\ARM_GCC_541\Debug\main.o
                                0x230 (size before relaxing)
 .debug_str     0x000001e8      0x144 .\CortexM3\ARM_GCC_541\Debug\BatteryDriver.o
                                0x2f8 (size before relaxing)
 .debug_str     0x0000032c      0x1b5 .\CortexM3\ARM_GCC_541\Debug\cyfitter_cfg.o
                                0x336 (size before relaxing)
 .debug_str     0x000004e1       0x75 .\CortexM3\ARM_GCC_541\Debug\cymetadata.o
                                0x1d6 (size before relaxing)
 .debug_str     0x00000556      0x144 .\CortexM3\ARM_GCC_541\Debug\Cm3Start.o
                                0x2fc (size before relaxing)
 .debug_str     0x0000069a      0x282 .\CortexM3\ARM_GCC_541\Debug\BatteryDriver.a(ADC_SAR_2.o)
                                0x4af (size before relaxing)
 .debug_str     0x0000091c       0x35 .\CortexM3\ARM_GCC_541\Debug\BatteryDriver.a(ADC_SAR_2_INT.o)
                                0x18d (size before relaxing)
 .debug_str     0x00000951      0x1cd .\CortexM3\ARM_GCC_541\Debug\BatteryDriver.a(ADC_SAR_1.o)
                                0x4af (size before relaxing)
 .debug_str     0x00000b1e       0x35 .\CortexM3\ARM_GCC_541\Debug\BatteryDriver.a(ADC_SAR_1_INT.o)
                                0x18d (size before relaxing)
 .debug_str     0x00000b53      0x20d .\CortexM3\ARM_GCC_541\Debug\BatteryDriver.a(ADC_SAR_2_theACLK.o)
                                0x3a7 (size before relaxing)
 .debug_str     0x00000d60      0x1b3 .\CortexM3\ARM_GCC_541\Debug\BatteryDriver.a(ADC_SAR_1_theACLK.o)
                                0x3a7 (size before relaxing)
 .debug_str     0x00000f13      0x7f7 .\CortexM3\ARM_GCC_541\Debug\BatteryDriver.a(CyLib.o)
                                0xa39 (size before relaxing)
 .debug_str     0x0000170a      0x365 .\CortexM3\ARM_GCC_541\Debug\BatteryDriver.a(cyPm.o)
                                0x725 (size before relaxing)
 .debug_str     0x00001a6f      0x272 .\CortexM3\ARM_GCC_541\Debug\BatteryDriver.a(UART_1.o)
                                0x4a5 (size before relaxing)
 .debug_str     0x00001ce1      0x14c .\CortexM3\ARM_GCC_541\Debug\BatteryDriver.a(UART_1_IntClock.o)
                                0x340 (size before relaxing)
 .debug_str     0x00001e2d      0x1bb .\CortexM3\ARM_GCC_541\Debug\BatteryDriver.a(CyFlash.o)
                                0x3b2 (size before relaxing)
 .debug_str     0x00001fe8       0xac .\CortexM3\ARM_GCC_541\Debug\BatteryDriver.a(CySpc.o)
                                0x32a (size before relaxing)

.debug_loc      0x00000000     0x2679
 *(.debug_loc)
 .debug_loc     0x00000000       0xeb .\CortexM3\ARM_GCC_541\Debug\BatteryDriver.o
 .debug_loc     0x000000eb      0x25a .\CortexM3\ARM_GCC_541\Debug\cyfitter_cfg.o
 .debug_loc     0x00000345      0x144 .\CortexM3\ARM_GCC_541\Debug\Cm3Start.o
 .debug_loc     0x00000489      0x295 .\CortexM3\ARM_GCC_541\Debug\BatteryDriver.a(ADC_SAR_2.o)
 .debug_loc     0x0000071e      0x295 .\CortexM3\ARM_GCC_541\Debug\BatteryDriver.a(ADC_SAR_1.o)
 .debug_loc     0x000009b3      0x149 .\CortexM3\ARM_GCC_541\Debug\BatteryDriver.a(ADC_SAR_2_theACLK.o)
 .debug_loc     0x00000afc      0x14d .\CortexM3\ARM_GCC_541\Debug\BatteryDriver.a(ADC_SAR_1_theACLK.o)
 .debug_loc     0x00000c49      0xa11 .\CortexM3\ARM_GCC_541\Debug\BatteryDriver.a(CyLib.o)
 .debug_loc     0x0000165a      0x1e4 .\CortexM3\ARM_GCC_541\Debug\BatteryDriver.a(cyPm.o)
 .debug_loc     0x0000183e      0x258 .\CortexM3\ARM_GCC_541\Debug\BatteryDriver.a(UART_1.o)
 .debug_loc     0x00001a96      0x12c .\CortexM3\ARM_GCC_541\Debug\BatteryDriver.a(UART_1_IntClock.o)
 .debug_loc     0x00001bc2      0x3b2 .\CortexM3\ARM_GCC_541\Debug\BatteryDriver.a(CyFlash.o)
 .debug_loc     0x00001f74      0x705 .\CortexM3\ARM_GCC_541\Debug\BatteryDriver.a(CySpc.o)

.debug_macinfo
 *(.debug_macinfo)

.debug_ranges   0x00000000      0x838
 *(.debug_ranges)
 .debug_ranges  0x00000000       0x10 .\CortexM3\ARM_GCC_541\Debug\main.o
 .debug_ranges  0x00000010       0x38 .\CortexM3\ARM_GCC_541\Debug\BatteryDriver.o
 .debug_ranges  0x00000048       0x48 .\CortexM3\ARM_GCC_541\Debug\cyfitter_cfg.o
 .debug_ranges  0x00000090       0x38 .\CortexM3\ARM_GCC_541\Debug\Cm3Start.o
 .debug_ranges  0x000000c8       0x98 .\CortexM3\ARM_GCC_541\Debug\BatteryDriver.a(ADC_SAR_2.o)
 .debug_ranges  0x00000160       0x10 .\CortexM3\ARM_GCC_541\Debug\BatteryDriver.a(ADC_SAR_2_INT.o)
 .debug_ranges  0x00000170       0x98 .\CortexM3\ARM_GCC_541\Debug\BatteryDriver.a(ADC_SAR_1.o)
 .debug_ranges  0x00000208       0x10 .\CortexM3\ARM_GCC_541\Debug\BatteryDriver.a(ADC_SAR_1_INT.o)
 .debug_ranges  0x00000218       0x70 .\CortexM3\ARM_GCC_541\Debug\BatteryDriver.a(ADC_SAR_2_theACLK.o)
 .debug_ranges  0x00000288       0x70 .\CortexM3\ARM_GCC_541\Debug\BatteryDriver.a(ADC_SAR_1_theACLK.o)
 .debug_ranges  0x000002f8      0x290 .\CortexM3\ARM_GCC_541\Debug\BatteryDriver.a(CyLib.o)
 .debug_ranges  0x00000588       0x88 .\CortexM3\ARM_GCC_541\Debug\BatteryDriver.a(cyPm.o)
 .debug_ranges  0x00000610       0xe0 .\CortexM3\ARM_GCC_541\Debug\BatteryDriver.a(UART_1.o)
 .debug_ranges  0x000006f0       0x60 .\CortexM3\ARM_GCC_541\Debug\BatteryDriver.a(UART_1_IntClock.o)
 .debug_ranges  0x00000750       0x78 .\CortexM3\ARM_GCC_541\Debug\BatteryDriver.a(CyFlash.o)
 .debug_ranges  0x000007c8       0x70 .\CortexM3\ARM_GCC_541\Debug\BatteryDriver.a(CySpc.o)

.comment        0x00000000       0x6e
 .comment       0x00000000       0x6e .\CortexM3\ARM_GCC_541\Debug\main.o
                                 0x6f (size before relaxing)
 .comment       0x0000006e       0x6f .\CortexM3\ARM_GCC_541\Debug\BatteryDriver.o
 .comment       0x0000006e       0x6f .\CortexM3\ARM_GCC_541\Debug\cyfitter_cfg.o
 .comment       0x0000006e       0x6f .\CortexM3\ARM_GCC_541\Debug\cymetadata.o
 .comment       0x0000006e       0x6f .\CortexM3\ARM_GCC_541\Debug\Cm3Start.o
 .comment       0x0000006e       0x6f .\CortexM3\ARM_GCC_541\Debug\BatteryDriver.a(ADC_SAR_2.o)
 .comment       0x0000006e       0x6f .\CortexM3\ARM_GCC_541\Debug\BatteryDriver.a(ADC_SAR_2_INT.o)
 .comment       0x0000006e       0x6f .\CortexM3\ARM_GCC_541\Debug\BatteryDriver.a(ADC_SAR_1.o)
 .comment       0x0000006e       0x6f .\CortexM3\ARM_GCC_541\Debug\BatteryDriver.a(ADC_SAR_1_INT.o)
 .comment       0x0000006e       0x6f .\CortexM3\ARM_GCC_541\Debug\BatteryDriver.a(ADC_SAR_2_theACLK.o)
 .comment       0x0000006e       0x6f .\CortexM3\ARM_GCC_541\Debug\BatteryDriver.a(ADC_SAR_1_theACLK.o)
 .comment       0x0000006e       0x6f .\CortexM3\ARM_GCC_541\Debug\BatteryDriver.a(CyLib.o)
 .comment       0x0000006e       0x6f .\CortexM3\ARM_GCC_541\Debug\BatteryDriver.a(cyPm.o)
 .comment       0x0000006e       0x6f .\CortexM3\ARM_GCC_541\Debug\BatteryDriver.a(UART_1.o)
 .comment       0x0000006e       0x6f .\CortexM3\ARM_GCC_541\Debug\BatteryDriver.a(UART_1_IntClock.o)
 .comment       0x0000006e       0x6f .\CortexM3\ARM_GCC_541\Debug\BatteryDriver.a(CyFlash.o)
 .comment       0x0000006e       0x6f .\CortexM3\ARM_GCC_541\Debug\BatteryDriver.a(CySpc.o)

.debug_weaknames
 *(.debug_weaknames)

.debug_funcnames
 *(.debug_funcnames)

.debug_typenames
 *(.debug_typenames)

.debug_varnames
 *(.debug_varnames)

.note.gnu.arm.ident
 *(.note.gnu.arm.ident)

.ARM.attributes
                0x00000000       0x29
 *(.ARM.attributes)
 .ARM.attributes
                0x00000000       0x1d c:/program files (x86)/cypress/psoc creator/4.4/psoc creator/import/gnu/arm/5.4.1/bin/../lib/gcc/arm-none-eabi/5.4.1/armv7-m/crti.o
 .ARM.attributes
                0x0000001d       0x2d c:/program files (x86)/cypress/psoc creator/4.4/psoc creator/import/gnu/arm/5.4.1/bin/../lib/gcc/arm-none-eabi/5.4.1/armv7-m/crtbegin.o
 .ARM.attributes
                0x0000004a       0x1b c:/program files (x86)/cypress/psoc creator/4.4/psoc creator/import/gnu/arm/5.4.1/bin/../lib/gcc/arm-none-eabi/5.4.1/../../../../arm-none-eabi/lib/armv7-m/crt0.o
 .ARM.attributes
                0x00000065       0x33 .\CortexM3\ARM_GCC_541\Debug\main.o
 .ARM.attributes
                0x00000098       0x33 .\CortexM3\ARM_GCC_541\Debug\BatteryDriver.o
 .ARM.attributes
                0x000000cb       0x33 .\CortexM3\ARM_GCC_541\Debug\cyfitter_cfg.o
 .ARM.attributes
                0x000000fe       0x33 .\CortexM3\ARM_GCC_541\Debug\cymetadata.o
 .ARM.attributes
                0x00000131       0x33 .\CortexM3\ARM_GCC_541\Debug\Cm3Start.o
 .ARM.attributes
                0x00000164       0x33 .\CortexM3\ARM_GCC_541\Debug\BatteryDriver.a(ADC_SAR_2.o)
 .ARM.attributes
                0x00000197       0x33 .\CortexM3\ARM_GCC_541\Debug\BatteryDriver.a(ADC_SAR_2_INT.o)
 .ARM.attributes
                0x000001ca       0x33 .\CortexM3\ARM_GCC_541\Debug\BatteryDriver.a(ADC_SAR_1.o)
 .ARM.attributes
                0x000001fd       0x33 .\CortexM3\ARM_GCC_541\Debug\BatteryDriver.a(ADC_SAR_1_INT.o)
 .ARM.attributes
                0x00000230       0x33 .\CortexM3\ARM_GCC_541\Debug\BatteryDriver.a(ADC_SAR_2_theACLK.o)
 .ARM.attributes
                0x00000263       0x33 .\CortexM3\ARM_GCC_541\Debug\BatteryDriver.a(ADC_SAR_1_theACLK.o)
 .ARM.attributes
                0x00000296       0x33 .\CortexM3\ARM_GCC_541\Debug\BatteryDriver.a(CyLib.o)
 .ARM.attributes
                0x000002c9       0x33 .\CortexM3\ARM_GCC_541\Debug\BatteryDriver.a(cyPm.o)
 .ARM.attributes
                0x000002fc       0x33 .\CortexM3\ARM_GCC_541\Debug\BatteryDriver.a(UART_1.o)
 .ARM.attributes
                0x0000032f       0x33 .\CortexM3\ARM_GCC_541\Debug\BatteryDriver.a(UART_1_IntClock.o)
 .ARM.attributes
                0x00000362       0x21 .\CortexM3\ARM_GCC_541\Debug\BatteryDriver.a(CyBootAsmGnu.o)
 .ARM.attributes
                0x00000383       0x33 .\CortexM3\ARM_GCC_541\Debug\BatteryDriver.a(CyFlash.o)
 .ARM.attributes
                0x000003b6       0x33 .\CortexM3\ARM_GCC_541\Debug\BatteryDriver.a(CySpc.o)
 .ARM.attributes
                0x000003e9       0x1d c:/program files (x86)/cypress/psoc creator/4.4/psoc creator/import/gnu/arm/5.4.1/bin/../lib/gcc/arm-none-eabi/5.4.1/armv7-m\libgcc.a(_arm_addsubdf3.o)
 .ARM.attributes
                0x00000406       0x1d c:/program files (x86)/cypress/psoc creator/4.4/psoc creator/import/gnu/arm/5.4.1/bin/../lib/gcc/arm-none-eabi/5.4.1/armv7-m\libgcc.a(_arm_muldivdf3.o)
 .ARM.attributes
                0x00000423       0x1d c:/program files (x86)/cypress/psoc creator/4.4/psoc creator/import/gnu/arm/5.4.1/bin/../lib/gcc/arm-none-eabi/5.4.1/armv7-m\libgcc.a(_arm_truncdfsf2.o)
 .ARM.attributes
                0x00000440       0x1d c:/program files (x86)/cypress/psoc creator/4.4/psoc creator/import/gnu/arm/5.4.1/bin/../lib/gcc/arm-none-eabi/5.4.1/armv7-m\libgcc.a(_arm_addsubsf3.o)
 .ARM.attributes
                0x0000045d       0x1d c:/program files (x86)/cypress/psoc creator/4.4/psoc creator/import/gnu/arm/5.4.1/bin/../lib/gcc/arm-none-eabi/5.4.1/armv7-m\libgcc.a(_arm_muldivsf3.o)
 .ARM.attributes
                0x0000047a       0x1d c:/program files (x86)/cypress/psoc creator/4.4/psoc creator/import/gnu/arm/5.4.1/bin/../lib/gcc/arm-none-eabi/5.4.1/armv7-m\libgcc.a(_aeabi_ldivmod.o)
 .ARM.attributes
                0x00000497       0x2d c:/program files (x86)/cypress/psoc creator/4.4/psoc creator/import/gnu/arm/5.4.1/bin/../lib/gcc/arm-none-eabi/5.4.1/armv7-m\libgcc.a(_udivmoddi4.o)
 .ARM.attributes
                0x000004c4       0x1d c:/program files (x86)/cypress/psoc creator/4.4/psoc creator/import/gnu/arm/5.4.1/bin/../lib/gcc/arm-none-eabi/5.4.1/armv7-m\libgcc.a(_dvmd_tls.o)
 .ARM.attributes
                0x000004e1       0x2d c:/program files (x86)/cypress/psoc creator/4.4/psoc creator/import/gnu/arm/5.4.1/bin/../lib/gcc/arm-none-eabi/5.4.1/../../../../arm-none-eabi/lib/armv7-m\libg_nano.a(lib_a-errno.o)
 .ARM.attributes
                0x0000050e       0x2d c:/program files (x86)/cypress/psoc creator/4.4/psoc creator/import/gnu/arm/5.4.1/bin/../lib/gcc/arm-none-eabi/5.4.1/../../../../arm-none-eabi/lib/armv7-m\libg_nano.a(lib_a-exit.o)
 .ARM.attributes
                0x0000053b       0x2d c:/program files (x86)/cypress/psoc creator/4.4/psoc creator/import/gnu/arm/5.4.1/bin/../lib/gcc/arm-none-eabi/5.4.1/../../../../arm-none-eabi/lib/armv7-m\libg_nano.a(lib_a-impure.o)
 .ARM.attributes
                0x00000568       0x2d c:/program files (x86)/cypress/psoc creator/4.4/psoc creator/import/gnu/arm/5.4.1/bin/../lib/gcc/arm-none-eabi/5.4.1/../../../../arm-none-eabi/lib/armv7-m\libg_nano.a(lib_a-init.o)
 .ARM.attributes
                0x00000595       0x2d c:/program files (x86)/cypress/psoc creator/4.4/psoc creator/import/gnu/arm/5.4.1/bin/../lib/gcc/arm-none-eabi/5.4.1/../../../../arm-none-eabi/lib/armv7-m\libg_nano.a(lib_a-memcpy-stub.o)
 .ARM.attributes
                0x000005c2       0x2d c:/program files (x86)/cypress/psoc creator/4.4/psoc creator/import/gnu/arm/5.4.1/bin/../lib/gcc/arm-none-eabi/5.4.1/../../../../arm-none-eabi/lib/armv7-m\libg_nano.a(lib_a-memset.o)
 .ARM.attributes
                0x000005ef       0x2d c:/program files (x86)/cypress/psoc creator/4.4/psoc creator/import/gnu/arm/5.4.1/bin/../lib/gcc/arm-none-eabi/5.4.1/../../../../arm-none-eabi/lib/armv7-m\libg_nano.a(lib_a-snprintf.o)
 .ARM.attributes
                0x0000061c       0x2d c:/program files (x86)/cypress/psoc creator/4.4/psoc creator/import/gnu/arm/5.4.1/bin/../lib/gcc/arm-none-eabi/5.4.1/../../../../arm-none-eabi/lib/armv7-m\libg_nano.a(lib_a-nano-svfprintf.o)
 .ARM.attributes
                0x00000649       0x2d c:/program files (x86)/cypress/psoc creator/4.4/psoc creator/import/gnu/arm/5.4.1/bin/../lib/gcc/arm-none-eabi/5.4.1/../../../../arm-none-eabi/lib/armv7-m\libg_nano.a(lib_a-nano-vfprintf_i.o)
 .ARM.attributes
                0x00000676       0x2d c:/program files (x86)/cypress/psoc creator/4.4/psoc creator/import/gnu/arm/5.4.1/bin/../lib/gcc/arm-none-eabi/5.4.1/../../../../arm-none-eabi/lib/armv7-m\libg_nano.a(lib_a-memchr-stub.o)
 .ARM.attributes
                0x000006a3       0x2d c:/program files (x86)/cypress/psoc creator/4.4/psoc creator/import/gnu/arm/5.4.1/bin/../lib/gcc/arm-none-eabi/5.4.1/../../../../arm-none-eabi/lib/armv7-m\libg_nano.a(lib_a-memmove.o)
 .ARM.attributes
                0x000006d0       0x2d c:/program files (x86)/cypress/psoc creator/4.4/psoc creator/import/gnu/arm/5.4.1/bin/../lib/gcc/arm-none-eabi/5.4.1/../../../../arm-none-eabi/lib/armv7-m\libg_nano.a(lib_a-nano-freer.o)
 .ARM.attributes
                0x000006fd       0x2d c:/program files (x86)/cypress/psoc creator/4.4/psoc creator/import/gnu/arm/5.4.1/bin/../lib/gcc/arm-none-eabi/5.4.1/../../../../arm-none-eabi/lib/armv7-m\libg_nano.a(lib_a-nano-mallocr.o)
 .ARM.attributes
                0x0000072a       0x2d c:/program files (x86)/cypress/psoc creator/4.4/psoc creator/import/gnu/arm/5.4.1/bin/../lib/gcc/arm-none-eabi/5.4.1/../../../../arm-none-eabi/lib/armv7-m\libg_nano.a(lib_a-nano-reallocr.o)
 .ARM.attributes
                0x00000757       0x2d c:/program files (x86)/cypress/psoc creator/4.4/psoc creator/import/gnu/arm/5.4.1/bin/../lib/gcc/arm-none-eabi/5.4.1/../../../../arm-none-eabi/lib/armv7-m\libg_nano.a(lib_a-sbrkr.o)
 .ARM.attributes
                0x00000784       0x2d c:/program files (x86)/cypress/psoc creator/4.4/psoc creator/import/gnu/arm/5.4.1/bin/../lib/gcc/arm-none-eabi/5.4.1/../../../../arm-none-eabi/lib/armv7-m\libg_nano.a(lib_a-mlock.o)
 .ARM.attributes
                0x000007b1       0x2d c:/program files (x86)/cypress/psoc creator/4.4/psoc creator/import/gnu/arm/5.4.1/bin/../lib/gcc/arm-none-eabi/5.4.1/../../../../arm-none-eabi/lib/armv7-m\libg_nano.a(lib_a-nano-msizer.o)
 .ARM.attributes
                0x000007de       0x2d c:/program files (x86)/cypress/psoc creator/4.4/psoc creator/import/gnu/arm/5.4.1/bin/../lib/gcc/arm-none-eabi/5.4.1/../../../../arm-none-eabi/lib/armv7-m\libg_nano.a(lib_a-reent.o)
 .ARM.attributes
                0x0000080b       0x2d c:/program files (x86)/cypress/psoc creator/4.4/psoc creator/import/gnu/arm/5.4.1/bin/../lib/gcc/arm-none-eabi/5.4.1/armv7-m/crtend.o
 .ARM.attributes
                0x00000838       0x1d c:/program files (x86)/cypress/psoc creator/4.4/psoc creator/import/gnu/arm/5.4.1/bin/../lib/gcc/arm-none-eabi/5.4.1/armv7-m/crtn.o

/DISCARD/
 *(.note.GNU-stack)
OUTPUT(C:\code\PRJ3\PSoC\BatteryDriver\BatteryDriver.cydsn\CortexM3\ARM_GCC_541\Debug\BatteryDriver.elf elf32-littlearm)
