Archive member included to satisfy reference by file (symbol)

.\CortexM3\ARM_GCC_541\Debug\StepperMotorDriver.a(UART_1.o)
                              .\CortexM3\ARM_GCC_541\Debug\main.o (UART_1_Start)
.\CortexM3\ARM_GCC_541\Debug\StepperMotorDriver.a(UART_1_IntClock.o)
                              .\CortexM3\ARM_GCC_541\Debug\StepperMotorDriver.a(UART_1.o) (UART_1_IntClock_Start)
.\CortexM3\ARM_GCC_541\Debug\StepperMotorDriver.a(CyLib.o)
                              .\CortexM3\ARM_GCC_541\Debug\Cm3Start.o (CyHalt)
.\CortexM3\ARM_GCC_541\Debug\StepperMotorDriver.a(cyPm.o)
                              .\CortexM3\ARM_GCC_541\Debug\StepperMotorDriver.a(CyLib.o) (CyPmReadStatus)
.\CortexM3\ARM_GCC_541\Debug\StepperMotorDriver.a(Azimuth_Pin_1.o)
                              .\CortexM3\ARM_GCC_541\Debug\StepperMotorDriver.o (Azimuth_Pin_1_Write)
.\CortexM3\ARM_GCC_541\Debug\StepperMotorDriver.a(Azimuth_Pin_4.o)
                              .\CortexM3\ARM_GCC_541\Debug\StepperMotorDriver.o (Azimuth_Pin_4_Write)
.\CortexM3\ARM_GCC_541\Debug\StepperMotorDriver.a(Azimuth_Pin_3.o)
                              .\CortexM3\ARM_GCC_541\Debug\StepperMotorDriver.o (Azimuth_Pin_3_Write)
.\CortexM3\ARM_GCC_541\Debug\StepperMotorDriver.a(Azimuth_Pin_2.o)
                              .\CortexM3\ARM_GCC_541\Debug\StepperMotorDriver.o (Azimuth_Pin_2_Write)
.\CortexM3\ARM_GCC_541\Debug\StepperMotorDriver.a(Limit_Up.o)
                              .\CortexM3\ARM_GCC_541\Debug\StepperMotorDriver.o (Limit_Up_Read)
.\CortexM3\ARM_GCC_541\Debug\StepperMotorDriver.a(Limit_Down.o)
                              .\CortexM3\ARM_GCC_541\Debug\StepperMotorDriver.o (Limit_Down_Read)
.\CortexM3\ARM_GCC_541\Debug\StepperMotorDriver.a(Limit_Right.o)
                              .\CortexM3\ARM_GCC_541\Debug\StepperMotorDriver.o (Limit_Right_Read)
.\CortexM3\ARM_GCC_541\Debug\StepperMotorDriver.a(Limit_Left.o)
                              .\CortexM3\ARM_GCC_541\Debug\StepperMotorDriver.o (Limit_Left_Read)
.\CortexM3\ARM_GCC_541\Debug\StepperMotorDriver.a(Elevation_Pin_1.o)
                              .\CortexM3\ARM_GCC_541\Debug\StepperMotorDriver.o (Elevation_Pin_1_Write)
.\CortexM3\ARM_GCC_541\Debug\StepperMotorDriver.a(Elevation_Pin_2.o)
                              .\CortexM3\ARM_GCC_541\Debug\StepperMotorDriver.o (Elevation_Pin_2_Write)
.\CortexM3\ARM_GCC_541\Debug\StepperMotorDriver.a(Elevation_Pin_3.o)
                              .\CortexM3\ARM_GCC_541\Debug\StepperMotorDriver.o (Elevation_Pin_3_Write)
.\CortexM3\ARM_GCC_541\Debug\StepperMotorDriver.a(Elevation_Pin_4.o)
                              .\CortexM3\ARM_GCC_541\Debug\StepperMotorDriver.o (Elevation_Pin_4_Write)
.\CortexM3\ARM_GCC_541\Debug\StepperMotorDriver.a(isr_uart_rx.o)
                              .\CortexM3\ARM_GCC_541\Debug\main.o (isr_uart_rx_StartEx)
.\CortexM3\ARM_GCC_541\Debug\StepperMotorDriver.a(isr_motor.o)
                              .\CortexM3\ARM_GCC_541\Debug\main.o (isr_motor_StartEx)
.\CortexM3\ARM_GCC_541\Debug\StepperMotorDriver.a(CyBootAsmGnu.o)
                              .\CortexM3\ARM_GCC_541\Debug\cyfitter_cfg.o (CyDelayCycles)
.\CortexM3\ARM_GCC_541\Debug\StepperMotorDriver.a(CyFlash.o)
                              .\CortexM3\ARM_GCC_541\Debug\StepperMotorDriver.a(cyPm.o) (CyFlash_SetWaitCycles)
.\CortexM3\ARM_GCC_541\Debug\StepperMotorDriver.a(CySpc.o)
                              .\CortexM3\ARM_GCC_541\Debug\StepperMotorDriver.a(CyFlash.o) (CySpcStart)
c:/program files (x86)/cypress/psoc creator/4.4/psoc creator/import/gnu/arm/5.4.1/bin/../lib/gcc/arm-none-eabi/5.4.1/../../../../arm-none-eabi/lib/armv7-m\libg_nano.a(lib_a-errno.o)
                              .\CortexM3\ARM_GCC_541\Debug\Cm3Start.o (__errno)
c:/program files (x86)/cypress/psoc creator/4.4/psoc creator/import/gnu/arm/5.4.1/bin/../lib/gcc/arm-none-eabi/5.4.1/../../../../arm-none-eabi/lib/armv7-m\libg_nano.a(lib_a-exit.o)
                              c:/program files (x86)/cypress/psoc creator/4.4/psoc creator/import/gnu/arm/5.4.1/bin/../lib/gcc/arm-none-eabi/5.4.1/../../../../arm-none-eabi/lib/armv7-m/crt0.o (exit)
c:/program files (x86)/cypress/psoc creator/4.4/psoc creator/import/gnu/arm/5.4.1/bin/../lib/gcc/arm-none-eabi/5.4.1/../../../../arm-none-eabi/lib/armv7-m\libg_nano.a(lib_a-impure.o)
                              c:/program files (x86)/cypress/psoc creator/4.4/psoc creator/import/gnu/arm/5.4.1/bin/../lib/gcc/arm-none-eabi/5.4.1/../../../../arm-none-eabi/lib/armv7-m\libg_nano.a(lib_a-exit.o) (_global_impure_ptr)
c:/program files (x86)/cypress/psoc creator/4.4/psoc creator/import/gnu/arm/5.4.1/bin/../lib/gcc/arm-none-eabi/5.4.1/../../../../arm-none-eabi/lib/armv7-m\libg_nano.a(lib_a-init.o)
                              c:/program files (x86)/cypress/psoc creator/4.4/psoc creator/import/gnu/arm/5.4.1/bin/../lib/gcc/arm-none-eabi/5.4.1/../../../../arm-none-eabi/lib/armv7-m/crt0.o (__libc_init_array)
[...]
Memory Configuration

Name             Origin             Length             Attributes
rom              0x00000000         0x00040000         xr
ram              0x1fff8000         0x00010000         xrw
*default*        0x00000000         0xffffffff

Linker script and memory map

LOAD c:/program files (x86)/cypress/psoc creator/4.4/psoc creator/import/gnu/arm/5.4.1/bin/../lib/gcc/arm-none-eabi/5.4.1/armv7-m/crti.o
LOAD c:/program files (x86)/cypress/psoc creator/4.4/psoc creator/import/gnu/arm/5.4.1/bin/../lib/gcc/arm-none-eabi/5.4.1/armv7-m/crtbegin.o
LOAD c:/program files (x86)/cypress/psoc creator/4.4/psoc creator/import/gnu/arm/5.4.1/bin/../lib/gcc/arm-none-eabi/5.4.1/../../../../arm-none-eabi/lib/armv7-m/crt0.o
START GROUP
LOAD .\CortexM3\ARM_GCC_541\Debug\main.o
LOAD .\CortexM3\ARM_GCC_541\Debug\StepperMotorDriver.o
LOAD .\CortexM3\ARM_GCC_541\Debug\cyfitter_cfg.o
LOAD .\CortexM3\ARM_GCC_541\Debug\cymetadata.o
LOAD .\CortexM3\ARM_GCC_541\Debug\Cm3Start.o
LOAD .\CortexM3\ARM_GCC_541\Debug\StepperMotorDriver.a
LOAD C:\Program Files (x86)\Cypress\PSoC Creator\4.4\PSoC Creator\psoc\content\cycomponentlibrary\CyComponentLibrary.cylib\CortexM3\ARM_GCC_541\Debug\CyComponentLibrary.a
END GROUP
START GROUP
LOAD c:/program files (x86)/cypress/psoc creator/4.4/psoc creator/import/gnu/arm/5.4.1/bin/../lib/gcc/arm-none-eabi/5.4.1/armv7-m\libgcc.a
LOAD c:/program files (x86)/cypress/psoc creator/4.4/psoc creator/import/gnu/arm/5.4.1/bin/../lib/gcc/arm-none-eabi/5.4.1/../../../../arm-none-eabi/lib/armv7-m\libg_nano.a
LOAD c:/program files (x86)/cypress/psoc creator/4.4/psoc creator/import/gnu/arm/5.4.1/bin/../lib/gcc/arm-none-eabi/5.4.1/../../../../arm-none-eabi/lib/armv7-m\libc_nano.a
END GROUP
START GROUP
LOAD c:/program files (x86)/cypress/psoc creator/4.4/psoc creator/import/gnu/arm/5.4.1/bin/../lib/gcc/arm-none-eabi/5.4.1/armv7-m\libgcc.a
LOAD c:/program files (x86)/cypress/psoc creator/4.4/psoc creator/import/gnu/arm/5.4.1/bin/../lib/gcc/arm-none-eabi/5.4.1/../../../../arm-none-eabi/lib/armv7-m\libc_nano.a
END GROUP
LOAD c:/program files (x86)/cypress/psoc creator/4.4/psoc creator/import/gnu/arm/5.4.1/bin/../lib/gcc/arm-none-eabi/5.4.1/armv7-m/crtend.o
LOAD c:/program files (x86)/cypress/psoc creator/4.4/psoc creator/import/gnu/arm/5.4.1/bin/../lib/gcc/arm-none-eabi/5.4.1/armv7-m/crtn.o
START GROUP
LOAD c:/program files (x86)/cypress/psoc creator/4.4/psoc creator/import/gnu/arm/5.4.1/bin/../lib/gcc/arm-none-eabi/5.4.1/armv7-m\libgcc.a
LOAD c:/program files (x86)/cypress/psoc creator/4.4/psoc creator/import/gnu/arm/5.4.1/bin/../lib/gcc/arm-none-eabi/5.4.1/../../../../arm-none-eabi/lib/armv7-m\libc.a
LOAD c:/program files (x86)/cypress/psoc creator/4.4/psoc creator/import/gnu/arm/5.4.1/bin/../lib/gcc/arm-none-eabi/5.4.1/../../../../arm-none-eabi/lib/armv7-m\libnosys.a
END GROUP
                0x00000000                CY_APPL_ORIGIN = 0x0
                0x00000100                CY_FLASH_ROW_SIZE = 0x100
                0x00000020                CY_ECC_ROW_SIZE = 0x20
                0x00000000                CY_EE_IN_BTLDR = 0x0
                0x00000000                CY_APPL_LOADABLE = 0x0
                0x00000800                CY_EE_SIZE = 0x800
                0x00000001                CY_APPL_NUM = 0x1
                0x00000001                CY_APPL_MAX = 0x1
                0x00000040                CY_METADATA_SIZE = 0x40
                0x00000000                CY_APPL_LOADABLE = 0x0
                0x00000000                CY_CHECKSUM_EXCLUDE_SIZE = ALIGN (0x0, CY_FLASH_ROW_SIZE)
                [!provide]                PROVIDE (__cy_heap_start, _end)
                0x00000001                PROVIDE (__cy_region_num, ((__cy_regions_end - __cy_regions) / 0x10))
                0x20008000                PROVIDE (__cy_stack, (ORIGIN (ram) + LENGTH (ram)))
                [!provide]                PROVIDE (__cy_heap_end, (__cy_stack - 0x800))

.cybootloader   0x00000000        0x0
 *(.cybootloader)
                0x00000000                appl1_start = CY_APPL_ORIGIN?CY_APPL_ORIGIN:ALIGN (CY_FLASH_ROW_SIZE)
                0x0001ff00                appl2_start = (appl1_start + ALIGN ((((LENGTH (rom) - appl1_start) - (0x2 * CY_FLASH_ROW_SIZE)) / 0x2), CY_FLASH_ROW_SIZE))
                0x00000000                appl_start = (CY_APPL_NUM == 0x1)?appl1_start:appl2_start
                0x00000000                ecc_offset = ((appl_start / CY_FLASH_ROW_SIZE) * CY_ECC_ROW_SIZE)
                0x00000000                ee_offset = (CY_APPL_LOADABLE && ! (CY_EE_IN_BTLDR))?((CY_EE_SIZE / CY_APPL_MAX) * (CY_APPL_NUM - 0x1)):0x0
                0x00000800                ee_size = (CY_APPL_LOADABLE && ! (CY_EE_IN_BTLDR))?(CY_EE_SIZE / CY_APPL_MAX):CY_EE_SIZE
                [!provide]                PROVIDE (CY_ECC_OFFSET, ecc_offset)

.text           0x00000000      0xa46
 CREATE_OBJECT_SYMBOLS
                0x00000000                PROVIDE (__cy_interrupt_vector, RomVectors)
 *(.romvectors)
 .romvectors    0x00000000       0x10 .\CortexM3\ARM_GCC_541\Debug\Cm3Start.o
                0x00000000                RomVectors
                0x00000001                ASSERT ((. != __cy_interrupt_vector), No interrupt vector)
                0x00000001                ASSERT (CY_APPL_ORIGIN?(SIZEOF (.cybootloader) <= CY_APPL_ORIGIN):0x1, Wrong image location)
                0x00000010                PROVIDE (__cy_reset, Reset)
 *(.text.Reset)
 .text.Reset    0x00000010       0x18 .\CortexM3\ARM_GCC_541\Debug\Cm3Start.o
                0x00000010                Reset
                0x00000001                ASSERT ((. != __cy_reset), No reset code)
 *(.dma_init)
                0x00000001                ASSERT ((((appl_start + .) <= 0x10000) || 0x1), DMA Init must be within the first 64k of flash)
 *(.text .text.* .gnu.linkonce.t.*)
 .text          0x00000028       0x5c c:/program files (x86)/cypress/psoc creator/4.4/psoc creator/import/gnu/arm/5.4.1/bin/../lib/gcc/arm-none-eabi/5.4.1/armv7-m/crtbegin.o
 .text.main     0x00000084       0x28 .\CortexM3\ARM_GCC_541\Debug\main.o
                0x00000084                main
 .text.azimuthStep
                0x000000ac       0x20 .\CortexM3\ARM_GCC_541\Debug\StepperMotorDriver.o
                0x000000ac                azimuthStep
 .text.azimuth  0x000000cc       0xcc .\CortexM3\ARM_GCC_541\Debug\StepperMotorDriver.o
                0x000000cc                azimuth
 .text.elevationStep
                0x00000198       0x20 .\CortexM3\ARM_GCC_541\Debug\StepperMotorDriver.o
                0x00000198                elevationStep
 .text.elevation
                0x000001b8       0xd8 .\CortexM3\ARM_GCC_541\Debug\StepperMotorDriver.o
                0x000001b8                elevation
 .text.MOTOR_STEP
                0x00000290       0x70 .\CortexM3\ARM_GCC_541\Debug\StepperMotorDriver.o
                0x00000290                MOTOR_STEP
 .text.UART_HANDLER
                0x00000300       0x64 .\CortexM3\ARM_GCC_541\Debug\StepperMotorDriver.o
                0x00000300                UART_HANDLER
 .text.CyClockStartupError
                0x00000364        0x4 .\CortexM3\ARM_GCC_541\Debug\cyfitter_cfg.o
 .text.cfg_write_bytes32
                0x00000368       0x34 .\CortexM3\ARM_GCC_541\Debug\cyfitter_cfg.o
 .text.AnalogSetDefault
                0x0000039c       0x28 .\CortexM3\ARM_GCC_541\Debug\cyfitter_cfg.o
 .text.CYMEMZERO
                0x000003c4        0xc .\CortexM3\ARM_GCC_541\Debug\cyfitter_cfg.o
 .text.ClockSetup
                0x000003d0       0xc8 .\CortexM3\ARM_GCC_541\Debug\cyfitter_cfg.o
 .text.CYCONFIGCPY
                0x00000498        0x8 .\CortexM3\ARM_GCC_541\Debug\cyfitter_cfg.o
 .text.cyfitter_cfg
                0x000004a0      0x124 .\CortexM3\ARM_GCC_541\Debug\cyfitter_cfg.o
                0x000004a0                cyfitter_cfg
 .text.IntDefaultHandler
                0x000005c4       0x10 .\CortexM3\ARM_GCC_541\Debug\Cm3Start.o
                0x000005c4                IntDefaultHandler
 .text.Start_c  0x000005d4       0x4c .\CortexM3\ARM_GCC_541\Debug\Cm3Start.o
                0x000005d4                Start_c
 .text.initialize_psoc
                0x00000620       0x68 .\CortexM3\ARM_GCC_541\Debug\Cm3Start.o
                0x00000620                initialize_psoc
 .text.UART_1_Init
                0x00000688       0x24 .\CortexM3\ARM_GCC_541\Debug\StepperMotorDriver.a(UART_1.o)
                0x00000688                UART_1_Init
 .text.UART_1_Enable
                0x000006ac       0x38 .\CortexM3\ARM_GCC_541\Debug\StepperMotorDriver.a(UART_1.o)
                0x000006ac                UART_1_Enable
 .text.UART_1_Start
                0x000006e4       0x1c .\CortexM3\ARM_GCC_541\Debug\StepperMotorDriver.a(UART_1.o)
                0x000006e4                UART_1_Start
 .text.UART_1_ReadRxData
                0x00000700        0xc .\CortexM3\ARM_GCC_541\Debug\StepperMotorDriver.a(UART_1.o)
                0x00000700                UART_1_ReadRxData
 .text.UART_1_ReadRxStatus
                0x0000070c       0x10 .\CortexM3\ARM_GCC_541\Debug\StepperMotorDriver.a(UART_1.o)
                0x0000070c                UART_1_ReadRxStatus
 .text.UART_1_GetByte
                0x0000071c       0x14 .\CortexM3\ARM_GCC_541\Debug\StepperMotorDriver.a(UART_1.o)
                0x0000071c                UART_1_GetByte
 .text.UART_1_PutChar
                0x00000730       0x18 .\CortexM3\ARM_GCC_541\Debug\StepperMotorDriver.a(UART_1.o)
                0x00000730                UART_1_PutChar
 .text.UART_1_PutString
                0x00000748       0x24 .\CortexM3\ARM_GCC_541\Debug\StepperMotorDriver.a(UART_1.o)
                0x00000748                UART_1_PutString
 .text.UART_1_IntClock_Start
                0x0000076c       0x1c .\CortexM3\ARM_GCC_541\Debug\StepperMotorDriver.a(UART_1_IntClock.o)
                0x0000076c                UART_1_IntClock_Start
 .text.Azimuth_Pin_1_Write
                0x00000788       0x18 .\CortexM3\ARM_GCC_541\Debug\StepperMotorDriver.a(Azimuth_Pin_1.o)
                0x00000788                Azimuth_Pin_1_Write
 .text.Azimuth_Pin_1_Read
                0x000007a0        0xc .\CortexM3\ARM_GCC_541\Debug\StepperMotorDriver.a(Azimuth_Pin_1.o)
                0x000007a0                Azimuth_Pin_1_Read
 .text.Azimuth_Pin_4_Write
                0x000007ac       0x18 .\CortexM3\ARM_GCC_541\Debug\StepperMotorDriver.a(Azimuth_Pin_4.o)
                0x000007ac                Azimuth_Pin_4_Write
 .text.Azimuth_Pin_4_Read
                0x000007c4       0x10 .\CortexM3\ARM_GCC_541\Debug\StepperMotorDriver.a(Azimuth_Pin_4.o)
                0x000007c4                Azimuth_Pin_4_Read
 .text.Azimuth_Pin_3_Write
                0x000007d4       0x18 .\CortexM3\ARM_GCC_541\Debug\StepperMotorDriver.a(Azimuth_Pin_3.o)
                0x000007d4                Azimuth_Pin_3_Write
 .text.Azimuth_Pin_3_Read
                0x000007ec       0x10 .\CortexM3\ARM_GCC_541\Debug\StepperMotorDriver.a(Azimuth_Pin_3.o)
                0x000007ec                Azimuth_Pin_3_Read
 .text.Azimuth_Pin_2_Write
                0x000007fc       0x18 .\CortexM3\ARM_GCC_541\Debug\StepperMotorDriver.a(Azimuth_Pin_2.o)
                0x000007fc                Azimuth_Pin_2_Write
 .text.Azimuth_Pin_2_Read
                0x00000814       0x10 .\CortexM3\ARM_GCC_541\Debug\StepperMotorDriver.a(Azimuth_Pin_2.o)
                0x00000814                Azimuth_Pin_2_Read
 .text.Limit_Up_Read
                0x00000824       0x10 .\CortexM3\ARM_GCC_541\Debug\StepperMotorDriver.a(Limit_Up.o)
                0x00000824                Limit_Up_Read
 .text.Limit_Down_Read
                0x00000834       0x10 .\CortexM3\ARM_GCC_541\Debug\StepperMotorDriver.a(Limit_Down.o)
                0x00000834                Limit_Down_Read
 .text.Limit_Right_Read
                0x00000844       0x10 .\CortexM3\ARM_GCC_541\Debug\StepperMotorDriver.a(Limit_Right.o)
                0x00000844                Limit_Right_Read
 .text.Limit_Left_Read
                0x00000854       0x10 .\CortexM3\ARM_GCC_541\Debug\StepperMotorDriver.a(Limit_Left.o)
                0x00000854                Limit_Left_Read
 .text.Elevation_Pin_1_Write
                0x00000864       0x18 .\CortexM3\ARM_GCC_541\Debug\StepperMotorDriver.a(Elevation_Pin_1.o)
                0x00000864                Elevation_Pin_1_Write
 .text.Elevation_Pin_1_Read
                0x0000087c       0x10 .\CortexM3\ARM_GCC_541\Debug\StepperMotorDriver.a(Elevation_Pin_1.o)
                0x0000087c                Elevation_Pin_1_Read
 .text.Elevation_Pin_2_Write
                0x0000088c       0x18 .\CortexM3\ARM_GCC_541\Debug\StepperMotorDriver.a(Elevation_Pin_2.o)
                0x0000088c                Elevation_Pin_2_Write
 .text.Elevation_Pin_2_Read
                0x000008a4       0x10 .\CortexM3\ARM_GCC_541\Debug\StepperMotorDriver.a(Elevation_Pin_2.o)
                0x000008a4                Elevation_Pin_2_Read
 .text.Elevation_Pin_3_Write
                0x000008b4       0x18 .\CortexM3\ARM_GCC_541\Debug\StepperMotorDriver.a(Elevation_Pin_3.o)
                0x000008b4                Elevation_Pin_3_Write
 .text.Elevation_Pin_3_Read
                0x000008cc       0x10 .\CortexM3\ARM_GCC_541\Debug\StepperMotorDriver.a(Elevation_Pin_3.o)
                0x000008cc                Elevation_Pin_3_Read
 .text.Elevation_Pin_4_Write
                0x000008dc       0x18 .\CortexM3\ARM_GCC_541\Debug\StepperMotorDriver.a(Elevation_Pin_4.o)
                0x000008dc                Elevation_Pin_4_Write
 .text.Elevation_Pin_4_Read
                0x000008f4       0x10 .\CortexM3\ARM_GCC_541\Debug\StepperMotorDriver.a(Elevation_Pin_4.o)
                0x000008f4                Elevation_Pin_4_Read
 .text.isr_uart_rx_SetVector
                0x00000904        0xc .\CortexM3\ARM_GCC_541\Debug\StepperMotorDriver.a(isr_uart_rx.o)
                0x00000904                isr_uart_rx_SetVector
 .text.isr_uart_rx_SetPriority
                0x00000910       0x10 .\CortexM3\ARM_GCC_541\Debug\StepperMotorDriver.a(isr_uart_rx.o)
                0x00000910                isr_uart_rx_SetPriority
 .text.isr_uart_rx_Enable
                0x00000920        0xc .\CortexM3\ARM_GCC_541\Debug\StepperMotorDriver.a(isr_uart_rx.o)
                0x00000920                isr_uart_rx_Enable
 .text.isr_uart_rx_Disable
                0x0000092c        0xc .\CortexM3\ARM_GCC_541\Debug\StepperMotorDriver.a(isr_uart_rx.o)
                0x0000092c                isr_uart_rx_Disable
 .text.isr_uart_rx_StartEx
                0x00000938       0x1c .\CortexM3\ARM_GCC_541\Debug\StepperMotorDriver.a(isr_uart_rx.o)
                0x00000938                isr_uart_rx_StartEx
 .text.isr_motor_SetVector
                0x00000954        0xc .\CortexM3\ARM_GCC_541\Debug\StepperMotorDriver.a(isr_motor.o)
                0x00000954                isr_motor_SetVector
 .text.isr_motor_SetPriority
                0x00000960       0x10 .\CortexM3\ARM_GCC_541\Debug\StepperMotorDriver.a(isr_motor.o)
                0x00000960                isr_motor_SetPriority
 .text.isr_motor_Enable
                0x00000970        0xc .\CortexM3\ARM_GCC_541\Debug\StepperMotorDriver.a(isr_motor.o)
                0x00000970                isr_motor_Enable
 .text.isr_motor_Disable
                0x0000097c        0xc .\CortexM3\ARM_GCC_541\Debug\StepperMotorDriver.a(isr_motor.o)
                0x0000097c                isr_motor_Disable
 .text.isr_motor_StartEx
                0x00000988       0x1c .\CortexM3\ARM_GCC_541\Debug\StepperMotorDriver.a(isr_motor.o)
                0x00000988                isr_motor_StartEx
 *fill*         0x000009a4        0x4 
 .text          0x000009a8       0x20 .\CortexM3\ARM_GCC_541\Debug\StepperMotorDriver.a(CyBootAsmGnu.o)
                0x000009a8                CyDelayCycles
                0x000009b8                CyEnterCriticalSection
                0x000009c0                CyExitCriticalSection
 .text.__errno  0x000009c8        0xc c:/program files (x86)/cypress/psoc creator/4.4/psoc creator/import/gnu/arm/5.4.1/bin/../lib/gcc/arm-none-eabi/5.4.1/../../../../arm-none-eabi/lib/armv7-m\libg_nano.a(lib_a-errno.o)
                0x000009c8                __errno
 .text.__libc_init_array
                0x000009d4       0x4c c:/program files (x86)/cypress/psoc creator/4.4/psoc creator/import/gnu/arm/5.4.1/bin/../lib/gcc/arm-none-eabi/5.4.1/../../../../arm-none-eabi/lib/armv7-m\libg_nano.a(lib_a-init.o)
                0x000009d4                __libc_init_array
 .text.memcpy   0x00000a20       0x16 c:/program files (x86)/cypress/psoc creator/4.4/psoc creator/import/gnu/arm/5.4.1/bin/../lib/gcc/arm-none-eabi/5.4.1/../../../../arm-none-eabi/lib/armv7-m\libg_nano.a(lib_a-memcpy-stub.o)
                0x00000a20                memcpy
 .text.memset   0x00000a36       0x10 c:/program files (x86)/cypress/psoc creator/4.4/psoc creator/import/gnu/arm/5.4.1/bin/../lib/gcc/arm-none-eabi/5.4.1/../../../../arm-none-eabi/lib/armv7-m\libg_nano.a(lib_a-memset.o)
                0x00000a36                memset
 *(.plt)
 *(.gnu.warning)
 *(.glue_7t)
 .glue_7t       0x00000a46        0x0 linker stubs
 *(.glue_7)
 .glue_7        0x00000a46        0x0 linker stubs
 *(.vfp11_veneer)
 .vfp11_veneer  0x00000a46        0x0 linker stubs
 *(.bootloader)
 *(.ARM.extab* .gnu.linkonce.armextab.*)
 *(.gcc_except_table)

.v4_bx          0x00000a48        0x0
 .v4_bx         0x00000a48        0x0 linker stubs

.iplt           0x00000a48        0x0
 .iplt          0x00000a48        0x0 c:/program files (x86)/cypress/psoc creator/4.4/psoc creator/import/gnu/arm/5.4.1/bin/../lib/gcc/arm-none-eabi/5.4.1/armv7-m/crtbegin.o

.eh_frame_hdr
 *(.eh_frame_hdr)

.eh_frame       0x00000a48        0x4
 *(.eh_frame)
 .eh_frame      0x00000a48        0x0 c:/program files (x86)/cypress/psoc creator/4.4/psoc creator/import/gnu/arm/5.4.1/bin/../lib/gcc/arm-none-eabi/5.4.1/armv7-m/crtbegin.o
 .eh_frame      0x00000a48        0x4 c:/program files (x86)/cypress/psoc creator/4.4/psoc creator/import/gnu/arm/5.4.1/bin/../lib/gcc/arm-none-eabi/5.4.1/armv7-m/crtend.o
                [!provide]                PROVIDE (__exidx_start, .)

.ARM.exidx
 *(.ARM.exidx* .gnu.linkonce.armexidx.*)
                0x00000a4c                __exidx_end = .

.rodata         0x00000a4c       0xb4
 *(.rodata .rodata.* .gnu.linkonce.r.*)
 .rodata.str1.4
                0x00000a4c       0x30 .\CortexM3\ARM_GCC_541\Debug\main.o
                                 0x2d (size before relaxing)
 .rodata        0x00000a7c       0x4c .\CortexM3\ARM_GCC_541\Debug\cyfitter_cfg.o
 .rodata.str1.1
                0x00000ac8        0x2 c:/program files (x86)/cypress/psoc creator/4.4/psoc creator/import/gnu/arm/5.4.1/bin/../lib/gcc/arm-none-eabi/5.4.1/../../../../arm-none-eabi/lib/armv7-m\libg_nano.a(lib_a-impure.o)
                0x00000acc                . = ALIGN (0x4)
 *fill*         0x00000aca        0x2 
 *(.init)
 .init          0x00000acc        0x4 c:/program files (x86)/cypress/psoc creator/4.4/psoc creator/import/gnu/arm/5.4.1/bin/../lib/gcc/arm-none-eabi/5.4.1/armv7-m/crti.o
                0x00000acc                _init
 .init          0x00000ad0        0x8 c:/program files (x86)/cypress/psoc creator/4.4/psoc creator/import/gnu/arm/5.4.1/bin/../lib/gcc/arm-none-eabi/5.4.1/armv7-m/crtn.o
                0x00000ad8                . = ALIGN (0x4)
                0x00000ad8                __preinit_array_start = .
 *(.preinit_array)
                0x00000ad8                __preinit_array_end = .
                0x00000ad8                . = ALIGN (0x4)
                0x00000ad8                __init_array_start = .
 *(SORT(.init_array.*))
 *(.init_array)
 .init_array    0x00000ad8        0x4 c:/program files (x86)/cypress/psoc creator/4.4/psoc creator/import/gnu/arm/5.4.1/bin/../lib/gcc/arm-none-eabi/5.4.1/armv7-m/crtbegin.o
 .init_array    0x00000adc        0x4 .\CortexM3\ARM_GCC_541\Debug\Cm3Start.o
                0x00000ae0                __init_array_end = .
                0x00000ae0                . = ALIGN (0x4)
 *(.fini)
 .fini          0x00000ae0        0x4 c:/program files (x86)/cypress/psoc creator/4.4/psoc creator/import/gnu/arm/5.4.1/bin/../lib/gcc/arm-none-eabi/5.4.1/armv7-m/crti.o
                0x00000ae0                _fini
 .fini          0x00000ae4        0x8 c:/program files (x86)/cypress/psoc creator/4.4/psoc creator/import/gnu/arm/5.4.1/bin/../lib/gcc/arm-none-eabi/5.4.1/armv7-m/crtn.o
                0x00000aec                . = ALIGN (0x4)
                0x00000aec                __fini_array_start = .
 *(.fini_array)
 .fini_array    0x00000aec        0x4 c:/program files (x86)/cypress/psoc creator/4.4/psoc creator/import/gnu/arm/5.4.1/bin/../lib/gcc/arm-none-eabi/5.4.1/armv7-m/crtbegin.o
 *(SORT(.fini_array.*))
                0x00000af0                __fini_array_end = .
                0x00000af0                . = ALIGN (0x4)
 *crtbegin.o(.ctors)
 *(EXCLUDE_FILE(*crtend.o) .ctors)
 *(SORT(.ctors.*))
 *crtend.o(.ctors)
                0x00000af0                . = ALIGN (0x4)
 *crtbegin.o(.dtors)
 *(EXCLUDE_FILE(*crtend.o) .dtors)
 *(SORT(.dtors.*))
 *crtend.o(.dtors)
                0x00000af0                . = ALIGN (0x4)
                0x00000af0                __cy_regions = .
                0x00000af0        0x4 LONG 0xb00 __cy_region_init_ram
                0x00000af4        0x4 LONG 0x1fff80c8 __cy_region_start_data
                0x00000af8        0x4 LONG 0xf0 __cy_region_init_size_ram
                0x00000afc        0x4 LONG 0x38 __cy_region_zero_size_ram
                0x00000b00                __cy_regions_end = .
                0x00000b00                . = ALIGN (0x8)
                0x00000b00                _etext = .

.cy_checksum_exclude
                0x00000b00        0x0
 *(.cy_checksum_exclude)

.ramvectors     0x1fff8000       0xc0
                0x1fff8000                __cy_region_start_ram = .
 *(.ramvectors)
 .ramvectors    0x1fff8000       0xc0 .\CortexM3\ARM_GCC_541\Debug\Cm3Start.o
                0x1fff8000                CyRamVectors

.noinit         0x1fff80c0        0x1
 *(.noinit)
 .noinit        0x1fff80c0        0x1 .\CortexM3\ARM_GCC_541\Debug\StepperMotorDriver.a(CyLib.o)
                0x1fff80c0                CyResetStatus

.data           0x1fff80c8       0xf0 load address 0x00000b00
                0x1fff80c8                __cy_region_start_data = .
 *(.jcr)
 .jcr           0x1fff80c8        0x0 c:/program files (x86)/cypress/psoc creator/4.4/psoc creator/import/gnu/arm/5.4.1/bin/../lib/gcc/arm-none-eabi/5.4.1/armv7-m/crtbegin.o
 .jcr           0x1fff80c8        0x4 c:/program files (x86)/cypress/psoc creator/4.4/psoc creator/import/gnu/arm/5.4.1/bin/../lib/gcc/arm-none-eabi/5.4.1/armv7-m/crtend.o
 *(.got.plt)
 *(.got)
 *(.shdata)
 *(.data .data.* .gnu.linkonce.d.*)
 .data          0x1fff80cc       0x88 .\CortexM3\ARM_GCC_541\Debug\StepperMotorDriver.o
 .data.impure_data
                0x1fff8154       0x60 c:/program files (x86)/cypress/psoc creator/4.4/psoc creator/import/gnu/arm/5.4.1/bin/../lib/gcc/arm-none-eabi/5.4.1/../../../../arm-none-eabi/lib/armv7-m\libg_nano.a(lib_a-impure.o)
 .data._impure_ptr
                0x1fff81b4        0x4 c:/program files (x86)/cypress/psoc creator/4.4/psoc creator/import/gnu/arm/5.4.1/bin/../lib/gcc/arm-none-eabi/5.4.1/../../../../arm-none-eabi/lib/armv7-m\libg_nano.a(lib_a-impure.o)
                0x1fff81b4                _impure_ptr
                0x1fff81b8                . = ALIGN (0x8)
 *(.ram)
                0x1fff81b8                _edata = .

.igot.plt       0x1fff81b8        0x0 load address 0x00000bf0
 .igot.plt      0x1fff81b8        0x0 c:/program files (x86)/cypress/psoc creator/4.4/psoc creator/import/gnu/arm/5.4.1/bin/../lib/gcc/arm-none-eabi/5.4.1/armv7-m/crtbegin.o

.bss            0x1fff81b8       0x38 load address 0x00000bf0
                0x1fff81b8                PROVIDE (__bss_start__, .)
 *(.shbss)
 *(.bss .bss.* .gnu.linkonce.b.*)
 .bss           0x1fff81b8       0x1c c:/program files (x86)/cypress/psoc creator/4.4/psoc creator/import/gnu/arm/5.4.1/bin/../lib/gcc/arm-none-eabi/5.4.1/armv7-m/crtbegin.o
 .bss           0x1fff81d4       0x18 .\CortexM3\ARM_GCC_541\Debug\StepperMotorDriver.o
 .bss           0x1fff81ec        0x2 .\CortexM3\ARM_GCC_541\Debug\StepperMotorDriver.a(UART_1.o)
                0x1fff81ec                UART_1_initVar
 *(COMMON)
                0x1fff81f0                . = ALIGN (0x8)
 *fill*         0x1fff81ee        0x2 
 *(.ram.b)
                0x1fff81f0                _end = .
                0x1fff81f0                __end = .
                0x1fff81f0                PROVIDE (end, .)
                0x1fff81f0                PROVIDE (__bss_end__, .)
                0x00000b00                __cy_region_init_ram = LOADADDR (.data)
                0x000000f0                __cy_region_init_size_ram = (_edata - ADDR (.data))
                0x00000038                __cy_region_zero_size_ram = (_end - _edata)

.heap           0x1fff81f0       0x80 load address 0x00000bf0
                0x1fff81f0                . = _end
                0x1fff8270                . = (. + 0x80)
 *fill*         0x1fff81f0       0x80 
                0x1fff8270                __cy_heap_limit = .

.stack          0x20007800      0x800
                0x20007800                __cy_stack_limit = .
                0x20008000                . = (. + 0x800)
 *fill*         0x20007800      0x800 
                0x00000001                ASSERT ((__cy_stack_limit >= __cy_heap_limit), region RAM overflowed with stack)
                0x00000000                cy_checksum_exclude_size = (CY_APPL_LOADABLE == 0x1)?SIZEOF (.cy_checksum_exclude):0x0
                0x00000001                ASSERT ((cy_checksum_exclude_size <= CY_CHECKSUM_EXCLUDE_SIZE), CY_BOOT: Section .cy_checksum_exclude size exceedes specified limit.)

.cyloadermeta
 *(.cyloadermeta)

.cyloadablemeta
 *(.cyloadablemeta)

.cyconfigecc    0x80000000      0x348
 *(.cyconfigecc)
 .cyconfigecc   0x80000000      0x348 .\CortexM3\ARM_GCC_541\Debug\cymetadata.o
                0x80000000                cy_meta_configecc

.cycustnvl      0x90000000        0x4
 *(.cycustnvl)
 .cycustnvl     0x90000000        0x4 .\CortexM3\ARM_GCC_541\Debug\cymetadata.o
                0x90000000                cy_meta_custnvl

.cywolatch      0x90100000        0x4
 *(.cywolatch)
 .cywolatch     0x90100000        0x4 .\CortexM3\ARM_GCC_541\Debug\cymetadata.o
                0x90100000                cy_meta_wonvl

.cyeeprom       0x90200000        0x0
 *(.cyeeprom)
                0x00000001                ASSERT ((. <= ((0x90200000 + ee_offset) + ee_size)), .cyeeprom data will not fit in EEPROM)

.cyflashprotect
                0x90400000      0x100
 *(.cyflashprotect)
 .cyflashprotect
                0x90400000      0x100 .\CortexM3\ARM_GCC_541\Debug\cymetadata.o
                0x90400000                cy_meta_flashprotect

.cymeta         0x90500000        0xc
 *(.cymeta)
 .cymeta        0x90500000        0xc .\CortexM3\ARM_GCC_541\Debug\cymetadata.o
                0x90500000                cy_metadata

.rel.dyn        0x00000bf0        0x0 load address 0x9050000c
 .rel.iplt      0x00000bf0        0x0 c:/program files (x86)/cypress/psoc creator/4.4/psoc creator/import/gnu/arm/5.4.1/bin/../lib/gcc/arm-none-eabi/5.4.1/armv7-m/crtbegin.o

.stab
 *(.stab)

.stabstr
 *(.stabstr)

.debug
 *(.debug)

.line
 *(.line)

.debug_srcinfo
 *(.debug_srcinfo)

.debug_sfnames
 *(.debug_sfnames)

.debug_aranges  0x00000000      0xab0
 *(.debug_aranges)
 .debug_aranges
                0x00000000       0x20 .\CortexM3\ARM_GCC_541\Debug\main.o
 .debug_aranges
                0x00000020       0x78 .\CortexM3\ARM_GCC_541\Debug\StepperMotorDriver.o
 .debug_aranges
                0x00000098       0x58 .\CortexM3\ARM_GCC_541\Debug\cyfitter_cfg.o
 .debug_aranges
                0x000000f0       0x18 .\CortexM3\ARM_GCC_541\Debug\cymetadata.o
 .debug_aranges
                0x00000108       0x48 .\CortexM3\ARM_GCC_541\Debug\Cm3Start.o
 .debug_aranges
                0x00000150       0xf0 .\CortexM3\ARM_GCC_541\Debug\StepperMotorDriver.a(UART_1.o)
 .debug_aranges
                0x00000240       0x70 .\CortexM3\ARM_GCC_541\Debug\StepperMotorDriver.a(UART_1_IntClock.o)
 .debug_aranges
                0x000002b0      0x2a0 .\CortexM3\ARM_GCC_541\Debug\StepperMotorDriver.a(CyLib.o)
 .debug_aranges
                0x00000550       0x98 .\CortexM3\ARM_GCC_541\Debug\StepperMotorDriver.a(cyPm.o)
 .debug_aranges
                0x000005e8       0x38 .\CortexM3\ARM_GCC_541\Debug\StepperMotorDriver.a(Azimuth_Pin_1.o)
 .debug_aranges
                0x00000620       0x38 .\CortexM3\ARM_GCC_541\Debug\StepperMotorDriver.a(Azimuth_Pin_4.o)
 .debug_aranges
                0x00000658       0x38 .\CortexM3\ARM_GCC_541\Debug\StepperMotorDriver.a(Azimuth_Pin_3.o)
 .debug_aranges
                0x00000690       0x38 .\CortexM3\ARM_GCC_541\Debug\StepperMotorDriver.a(Azimuth_Pin_2.o)
 .debug_aranges
                0x000006c8       0x38 .\CortexM3\ARM_GCC_541\Debug\StepperMotorDriver.a(Limit_Up.o)
 .debug_aranges
                0x00000700       0x38 .\CortexM3\ARM_GCC_541\Debug\StepperMotorDriver.a(Limit_Down.o)
 .debug_aranges
                0x00000738       0x38 .\CortexM3\ARM_GCC_541\Debug\StepperMotorDriver.a(Limit_Right.o)
 .debug_aranges
                0x00000770       0x38 .\CortexM3\ARM_GCC_541\Debug\StepperMotorDriver.a(Limit_Left.o)
 .debug_aranges
                0x000007a8       0x38 .\CortexM3\ARM_GCC_541\Debug\StepperMotorDriver.a(Elevation_Pin_1.o)
 .debug_aranges
                0x000007e0       0x38 .\CortexM3\ARM_GCC_541\Debug\StepperMotorDriver.a(Elevation_Pin_2.o)
 .debug_aranges
                0x00000818       0x38 .\CortexM3\ARM_GCC_541\Debug\StepperMotorDriver.a(Elevation_Pin_3.o)
 .debug_aranges
                0x00000850       0x38 .\CortexM3\ARM_GCC_541\Debug\StepperMotorDriver.a(Elevation_Pin_4.o)
 .debug_aranges
                0x00000888       0x80 .\CortexM3\ARM_GCC_541\Debug\StepperMotorDriver.a(isr_uart_rx.o)
 .debug_aranges
                0x00000908       0x80 .\CortexM3\ARM_GCC_541\Debug\StepperMotorDriver.a(isr_motor.o)
 .debug_aranges
                0x00000988       0x20 .\CortexM3\ARM_GCC_541\Debug\StepperMotorDriver.a(CyBootAsmGnu.o)
 .debug_aranges
                0x000009a8       0x88 .\CortexM3\ARM_GCC_541\Debug\StepperMotorDriver.a(CyFlash.o)
 .debug_aranges
                0x00000a30       0x80 .\CortexM3\ARM_GCC_541\Debug\StepperMotorDriver.a(CySpc.o)

.debug_pubnames
 *(.debug_pubnames)

.debug_info     0x00000000     0x56f1
 *(.debug_info .gnu.linkonce.wi.*)
 .debug_info    0x00000000      0x12a .\CortexM3\ARM_GCC_541\Debug\main.o
 .debug_info    0x0000012a      0x567 .\CortexM3\ARM_GCC_541\Debug\StepperMotorDriver.o
 .debug_info    0x00000691      0x5cd .\CortexM3\ARM_GCC_541\Debug\cyfitter_cfg.o
 .debug_info    0x00000c5e      0x135 .\CortexM3\ARM_GCC_541\Debug\cymetadata.o
 .debug_info    0x00000d93      0x3bb .\CortexM3\ARM_GCC_541\Debug\Cm3Start.o
 .debug_info    0x0000114e      0x60c .\CortexM3\ARM_GCC_541\Debug\StepperMotorDriver.a(UART_1.o)
 .debug_info    0x0000175a      0x283 .\CortexM3\ARM_GCC_541\Debug\StepperMotorDriver.a(UART_1_IntClock.o)
 .debug_info    0x000019dd     0x1374 .\CortexM3\ARM_GCC_541\Debug\StepperMotorDriver.a(CyLib.o)
 .debug_info    0x00002d51      0xa2a .\CortexM3\ARM_GCC_541\Debug\StepperMotorDriver.a(cyPm.o)
 .debug_info    0x0000377b      0x11f .\CortexM3\ARM_GCC_541\Debug\StepperMotorDriver.a(Azimuth_Pin_1.o)
 .debug_info    0x0000389a      0x11f .\CortexM3\ARM_GCC_541\Debug\StepperMotorDriver.a(Azimuth_Pin_4.o)
 .debug_info    0x000039b9      0x11f .\CortexM3\ARM_GCC_541\Debug\StepperMotorDriver.a(Azimuth_Pin_3.o)
 .debug_info    0x00003ad8      0x11f .\CortexM3\ARM_GCC_541\Debug\StepperMotorDriver.a(Azimuth_Pin_2.o)
 .debug_info    0x00003bf7      0x11f .\CortexM3\ARM_GCC_541\Debug\StepperMotorDriver.a(Limit_Up.o)
 .debug_info    0x00003d16      0x11f .\CortexM3\ARM_GCC_541\Debug\StepperMotorDriver.a(Limit_Down.o)
 .debug_info    0x00003e35      0x11f .\CortexM3\ARM_GCC_541\Debug\StepperMotorDriver.a(Limit_Right.o)
 .debug_info    0x00003f54      0x11f .\CortexM3\ARM_GCC_541\Debug\StepperMotorDriver.a(Limit_Left.o)
 .debug_info    0x00004073      0x11f .\CortexM3\ARM_GCC_541\Debug\StepperMotorDriver.a(Elevation_Pin_1.o)
 .debug_info    0x00004192      0x11f .\CortexM3\ARM_GCC_541\Debug\StepperMotorDriver.a(Elevation_Pin_2.o)
 .debug_info    0x000042b1      0x11f .\CortexM3\ARM_GCC_541\Debug\StepperMotorDriver.a(Elevation_Pin_3.o)
 .debug_info    0x000043d0      0x11f .\CortexM3\ARM_GCC_541\Debug\StepperMotorDriver.a(Elevation_Pin_4.o)
 .debug_info    0x000044ef      0x2d2 .\CortexM3\ARM_GCC_541\Debug\StepperMotorDriver.a(isr_uart_rx.o)
 .debug_info    0x000047c1      0x2d2 .\CortexM3\ARM_GCC_541\Debug\StepperMotorDriver.a(isr_motor.o)
 .debug_info    0x00004a93       0xc1 .\CortexM3\ARM_GCC_541\Debug\StepperMotorDriver.a(CyBootAsmGnu.o)
 .debug_info    0x00004b54      0x64d .\CortexM3\ARM_GCC_541\Debug\StepperMotorDriver.a(CyFlash.o)
 .debug_info    0x000051a1      0x550 .\CortexM3\ARM_GCC_541\Debug\StepperMotorDriver.a(CySpc.o)

.debug_abbrev   0x00000000     0x19c7
 *(.debug_abbrev)
 .debug_abbrev  0x00000000       0xa1 .\CortexM3\ARM_GCC_541\Debug\main.o
 .debug_abbrev  0x000000a1      0x129 .\CortexM3\ARM_GCC_541\Debug\StepperMotorDriver.o
 .debug_abbrev  0x000001ca      0x20d .\CortexM3\ARM_GCC_541\Debug\cyfitter_cfg.o
 .debug_abbrev  0x000003d7       0x66 .\CortexM3\ARM_GCC_541\Debug\cymetadata.o
 .debug_abbrev  0x0000043d      0x1e8 .\CortexM3\ARM_GCC_541\Debug\Cm3Start.o
 .debug_abbrev  0x00000625      0x175 .\CortexM3\ARM_GCC_541\Debug\StepperMotorDriver.a(UART_1.o)
 .debug_abbrev  0x0000079a      0x139 .\CortexM3\ARM_GCC_541\Debug\StepperMotorDriver.a(UART_1_IntClock.o)
 .debug_abbrev  0x000008d3      0x254 .\CortexM3\ARM_GCC_541\Debug\StepperMotorDriver.a(CyLib.o)
 .debug_abbrev  0x00000b27      0x1ab .\CortexM3\ARM_GCC_541\Debug\StepperMotorDriver.a(cyPm.o)
 .debug_abbrev  0x00000cd2       0x90 .\CortexM3\ARM_GCC_541\Debug\StepperMotorDriver.a(Azimuth_Pin_1.o)
 .debug_abbrev  0x00000d62       0x90 .\CortexM3\ARM_GCC_541\Debug\StepperMotorDriver.a(Azimuth_Pin_4.o)
 .debug_abbrev  0x00000df2       0x90 .\CortexM3\ARM_GCC_541\Debug\StepperMotorDriver.a(Azimuth_Pin_3.o)
 .debug_abbrev  0x00000e82       0x90 .\CortexM3\ARM_GCC_541\Debug\StepperMotorDriver.a(Azimuth_Pin_2.o)
 .debug_abbrev  0x00000f12       0x90 .\CortexM3\ARM_GCC_541\Debug\StepperMotorDriver.a(Limit_Up.o)
 .debug_abbrev  0x00000fa2       0x90 .\CortexM3\ARM_GCC_541\Debug\StepperMotorDriver.a(Limit_Down.o)
 .debug_abbrev  0x00001032       0x90 .\CortexM3\ARM_GCC_541\Debug\StepperMotorDriver.a(Limit_Right.o)
 .debug_abbrev  0x000010c2       0x90 .\CortexM3\ARM_GCC_541\Debug\StepperMotorDriver.a(Limit_Left.o)
 .debug_abbrev  0x00001152       0x90 .\CortexM3\ARM_GCC_541\Debug\StepperMotorDriver.a(Elevation_Pin_1.o)
 .debug_abbrev  0x000011e2       0x90 .\CortexM3\ARM_GCC_541\Debug\StepperMotorDriver.a(Elevation_Pin_2.o)
 .debug_abbrev  0x00001272       0x90 .\CortexM3\ARM_GCC_541\Debug\StepperMotorDriver.a(Elevation_Pin_3.o)
 .debug_abbrev  0x00001302       0x90 .\CortexM3\ARM_GCC_541\Debug\StepperMotorDriver.a(Elevation_Pin_4.o)
 .debug_abbrev  0x00001392      0x173 .\CortexM3\ARM_GCC_541\Debug\StepperMotorDriver.a(isr_uart_rx.o)
 .debug_abbrev  0x00001505      0x173 .\CortexM3\ARM_GCC_541\Debug\StepperMotorDriver.a(isr_motor.o)
 .debug_abbrev  0x00001678       0x14 .\CortexM3\ARM_GCC_541\Debug\StepperMotorDriver.a(CyBootAsmGnu.o)
 .debug_abbrev  0x0000168c      0x1a7 .\CortexM3\ARM_GCC_541\Debug\StepperMotorDriver.a(CyFlash.o)
 .debug_abbrev  0x00001833      0x194 .\CortexM3\ARM_GCC_541\Debug\StepperMotorDriver.a(CySpc.o)

.debug_line     0x00000000     0x28be
 *(.debug_line)
 .debug_line    0x00000000      0x189 .\CortexM3\ARM_GCC_541\Debug\main.o
 .debug_line    0x00000189      0x38e .\CortexM3\ARM_GCC_541\Debug\StepperMotorDriver.o
 .debug_line    0x00000517      0x1f6 .\CortexM3\ARM_GCC_541\Debug\cyfitter_cfg.o
 .debug_line    0x0000070d      0x141 .\CortexM3\ARM_GCC_541\Debug\cymetadata.o
 .debug_line    0x0000084e      0x234 .\CortexM3\ARM_GCC_541\Debug\Cm3Start.o
 .debug_line    0x00000a82      0x2c0 .\CortexM3\ARM_GCC_541\Debug\StepperMotorDriver.a(UART_1.o)
 .debug_line    0x00000d42      0x17e .\CortexM3\ARM_GCC_541\Debug\StepperMotorDriver.a(UART_1_IntClock.o)
 .debug_line    0x00000ec0      0x816 .\CortexM3\ARM_GCC_541\Debug\StepperMotorDriver.a(CyLib.o)
 .debug_line    0x000016d6      0x367 .\CortexM3\ARM_GCC_541\Debug\StepperMotorDriver.a(cyPm.o)
 .debug_line    0x00001a3d       0x9a .\CortexM3\ARM_GCC_541\Debug\StepperMotorDriver.a(Azimuth_Pin_1.o)
 .debug_line    0x00001ad7       0x9a .\CortexM3\ARM_GCC_541\Debug\StepperMotorDriver.a(Azimuth_Pin_4.o)
 .debug_line    0x00001b71       0x9a .\CortexM3\ARM_GCC_541\Debug\StepperMotorDriver.a(Azimuth_Pin_3.o)
 .debug_line    0x00001c0b       0x9a .\CortexM3\ARM_GCC_541\Debug\StepperMotorDriver.a(Azimuth_Pin_2.o)
 .debug_line    0x00001ca5       0x95 .\CortexM3\ARM_GCC_541\Debug\StepperMotorDriver.a(Limit_Up.o)
 .debug_line    0x00001d3a       0x97 .\CortexM3\ARM_GCC_541\Debug\StepperMotorDriver.a(Limit_Down.o)
 .debug_line    0x00001dd1       0x98 .\CortexM3\ARM_GCC_541\Debug\StepperMotorDriver.a(Limit_Right.o)
 .debug_line    0x00001e69       0x97 .\CortexM3\ARM_GCC_541\Debug\StepperMotorDriver.a(Limit_Left.o)
 .debug_line    0x00001f00       0x9c .\CortexM3\ARM_GCC_541\Debug\StepperMotorDriver.a(Elevation_Pin_1.o)
 .debug_line    0x00001f9c       0x9c .\CortexM3\ARM_GCC_541\Debug\StepperMotorDriver.a(Elevation_Pin_2.o)
 .debug_line    0x00002038       0x9c .\CortexM3\ARM_GCC_541\Debug\StepperMotorDriver.a(Elevation_Pin_3.o)
 .debug_line    0x000020d4       0x9c .\CortexM3\ARM_GCC_541\Debug\StepperMotorDriver.a(Elevation_Pin_4.o)
 .debug_line    0x00002170      0x138 .\CortexM3\ARM_GCC_541\Debug\StepperMotorDriver.a(isr_uart_rx.o)
 .debug_line    0x000022a8      0x136 .\CortexM3\ARM_GCC_541\Debug\StepperMotorDriver.a(isr_motor.o)
 .debug_line    0x000023de       0x66 .\CortexM3\ARM_GCC_541\Debug\StepperMotorDriver.a(CyBootAsmGnu.o)
 .debug_line    0x00002444      0x21a .\CortexM3\ARM_GCC_541\Debug\StepperMotorDriver.a(CyFlash.o)
 .debug_line    0x0000265e      0x260 .\CortexM3\ARM_GCC_541\Debug\StepperMotorDriver.a(CySpc.o)

.debug_frame    0x00000000     0x1908
 *(.debug_frame)
 .debug_frame   0x00000000       0x2c .\CortexM3\ARM_GCC_541\Debug\main.o
 .debug_frame   0x0000002c      0x148 .\CortexM3\ARM_GCC_541\Debug\StepperMotorDriver.o
 .debug_frame   0x00000174       0xe4 .\CortexM3\ARM_GCC_541\Debug\cyfitter_cfg.o
 .debug_frame   0x00000258       0xb8 .\CortexM3\ARM_GCC_541\Debug\Cm3Start.o
 .debug_frame   0x00000310      0x250 .\CortexM3\ARM_GCC_541\Debug\StepperMotorDriver.a(UART_1.o)
 .debug_frame   0x00000560       0xe0 .\CortexM3\ARM_GCC_541\Debug\StepperMotorDriver.a(UART_1_IntClock.o)
 .debug_frame   0x00000640      0x738 .\CortexM3\ARM_GCC_541\Debug\StepperMotorDriver.a(CyLib.o)
 .debug_frame   0x00000d78      0x1f8 .\CortexM3\ARM_GCC_541\Debug\StepperMotorDriver.a(cyPm.o)
 .debug_frame   0x00000f70       0x50 .\CortexM3\ARM_GCC_541\Debug\StepperMotorDriver.a(Azimuth_Pin_1.o)
 .debug_frame   0x00000fc0       0x50 .\CortexM3\ARM_GCC_541\Debug\StepperMotorDriver.a(Azimuth_Pin_4.o)
 .debug_frame   0x00001010       0x50 .\CortexM3\ARM_GCC_541\Debug\StepperMotorDriver.a(Azimuth_Pin_3.o)
 .debug_frame   0x00001060       0x50 .\CortexM3\ARM_GCC_541\Debug\StepperMotorDriver.a(Azimuth_Pin_2.o)
 .debug_frame   0x000010b0       0x50 .\CortexM3\ARM_GCC_541\Debug\StepperMotorDriver.a(Limit_Up.o)
 .debug_frame   0x00001100       0x50 .\CortexM3\ARM_GCC_541\Debug\StepperMotorDriver.a(Limit_Down.o)
 .debug_frame   0x00001150       0x50 .\CortexM3\ARM_GCC_541\Debug\StepperMotorDriver.a(Limit_Right.o)
 .debug_frame   0x000011a0       0x50 .\CortexM3\ARM_GCC_541\Debug\StepperMotorDriver.a(Limit_Left.o)
 .debug_frame   0x000011f0       0x50 .\CortexM3\ARM_GCC_541\Debug\StepperMotorDriver.a(Elevation_Pin_1.o)
 .debug_frame   0x00001240       0x50 .\CortexM3\ARM_GCC_541\Debug\StepperMotorDriver.a(Elevation_Pin_2.o)
 .debug_frame   0x00001290       0x50 .\CortexM3\ARM_GCC_541\Debug\StepperMotorDriver.a(Elevation_Pin_3.o)
 .debug_frame   0x000012e0       0x50 .\CortexM3\ARM_GCC_541\Debug\StepperMotorDriver.a(Elevation_Pin_4.o)
 .debug_frame   0x00001330      0x104 .\CortexM3\ARM_GCC_541\Debug\StepperMotorDriver.a(isr_uart_rx.o)
 .debug_frame   0x00001434      0x104 .\CortexM3\ARM_GCC_541\Debug\StepperMotorDriver.a(isr_motor.o)
 .debug_frame   0x00001538      0x194 .\CortexM3\ARM_GCC_541\Debug\StepperMotorDriver.a(CyFlash.o)
 .debug_frame   0x000016cc      0x180 .\CortexM3\ARM_GCC_541\Debug\StepperMotorDriver.a(CySpc.o)
 .debug_frame   0x0000184c       0x20 c:/program files (x86)/cypress/psoc creator/4.4/psoc creator/import/gnu/arm/5.4.1/bin/../lib/gcc/arm-none-eabi/5.4.1/../../../../arm-none-eabi/lib/armv7-m\libg_nano.a(lib_a-errno.o)
 .debug_frame   0x0000186c       0x28 c:/program files (x86)/cypress/psoc creator/4.4/psoc creator/import/gnu/arm/5.4.1/bin/../lib/gcc/arm-none-eabi/5.4.1/../../../../arm-none-eabi/lib/armv7-m\libg_nano.a(lib_a-exit.o)
 .debug_frame   0x00001894       0x2c c:/program files (x86)/cypress/psoc creator/4.4/psoc creator/import/gnu/arm/5.4.1/bin/../lib/gcc/arm-none-eabi/5.4.1/../../../../arm-none-eabi/lib/armv7-m\libg_nano.a(lib_a-init.o)
 .debug_frame   0x000018c0       0x28 c:/program files (x86)/cypress/psoc creator/4.4/psoc creator/import/gnu/arm/5.4.1/bin/../lib/gcc/arm-none-eabi/5.4.1/../../../../arm-none-eabi/lib/armv7-m\libg_nano.a(lib_a-memcpy-stub.o)
 .debug_frame   0x000018e8       0x20 c:/program files (x86)/cypress/psoc creator/4.4/psoc creator/import/gnu/arm/5.4.1/bin/../lib/gcc/arm-none-eabi/5.4.1/../../../../arm-none-eabi/lib/armv7-m\libg_nano.a(lib_a-memset.o)

.debug_str      0x00000000     0x20fc
 *(.debug_str)
 .debug_str     0x00000000      0x1d3 .\CortexM3\ARM_GCC_541\Debug\main.o
                                0x21b (size before relaxing)
 .debug_str     0x000001d3      0x293 .\CortexM3\ARM_GCC_541\Debug\StepperMotorDriver.o
                                0x466 (size before relaxing)
 .debug_str     0x00000466      0x1bc .\CortexM3\ARM_GCC_541\Debug\cyfitter_cfg.o
                                0x375 (size before relaxing)
 .debug_str     0x00000622       0x75 .\CortexM3\ARM_GCC_541\Debug\cymetadata.o
                                0x215 (size before relaxing)
 .debug_str     0x00000697      0x144 .\CortexM3\ARM_GCC_541\Debug\Cm3Start.o
                                0x33b (size before relaxing)
 .debug_str     0x000007db      0x2d6 .\CortexM3\ARM_GCC_541\Debug\StepperMotorDriver.a(UART_1.o)
                                0x4e4 (size before relaxing)
 .debug_str     0x00000ab1      0x19d .\CortexM3\ARM_GCC_541\Debug\StepperMotorDriver.a(UART_1_IntClock.o)
                                0x37f (size before relaxing)
 .debug_str     0x00000c4e      0x821 .\CortexM3\ARM_GCC_541\Debug\StepperMotorDriver.a(CyLib.o)
                                0xa78 (size before relaxing)
 .debug_str     0x0000146f      0x365 .\CortexM3\ARM_GCC_541\Debug\StepperMotorDriver.a(cyPm.o)
                                0x764 (size before relaxing)
 .debug_str     0x000017d4       0x67 .\CortexM3\ARM_GCC_541\Debug\StepperMotorDriver.a(Azimuth_Pin_1.o)
                                0x23b (size before relaxing)
 .debug_str     0x0000183b       0x5c .\CortexM3\ARM_GCC_541\Debug\StepperMotorDriver.a(Azimuth_Pin_4.o)
                                0x23b (size before relaxing)
 .debug_str     0x00001897       0x5c .\CortexM3\ARM_GCC_541\Debug\StepperMotorDriver.a(Azimuth_Pin_3.o)
                                0x23b (size before relaxing)
 .debug_str     0x000018f3       0x5c .\CortexM3\ARM_GCC_541\Debug\StepperMotorDriver.a(Azimuth_Pin_2.o)
                                0x23b (size before relaxing)
 .debug_str     0x0000194f       0x5c .\CortexM3\ARM_GCC_541\Debug\StepperMotorDriver.a(Limit_Up.o)
                                0x222 (size before relaxing)
 .debug_str     0x000019ab       0x64 .\CortexM3\ARM_GCC_541\Debug\StepperMotorDriver.a(Limit_Down.o)
                                0x22c (size before relaxing)
 .debug_str     0x00001a0f       0x68 .\CortexM3\ARM_GCC_541\Debug\StepperMotorDriver.a(Limit_Right.o)
                                0x231 (size before relaxing)
 .debug_str     0x00001a77       0x64 .\CortexM3\ARM_GCC_541\Debug\StepperMotorDriver.a(Limit_Left.o)
                                0x22c (size before relaxing)
 .debug_str     0x00001adb       0x62 .\CortexM3\ARM_GCC_541\Debug\StepperMotorDriver.a(Elevation_Pin_1.o)
                                0x245 (size before relaxing)
 .debug_str     0x00001b3d       0x62 .\CortexM3\ARM_GCC_541\Debug\StepperMotorDriver.a(Elevation_Pin_2.o)
                                0x245 (size before relaxing)
 .debug_str     0x00001b9f       0x62 .\CortexM3\ARM_GCC_541\Debug\StepperMotorDriver.a(Elevation_Pin_3.o)
                                0x245 (size before relaxing)
 .debug_str     0x00001c01       0x62 .\CortexM3\ARM_GCC_541\Debug\StepperMotorDriver.a(Elevation_Pin_4.o)
                                0x245 (size before relaxing)
 .debug_str     0x00001c63      0x126 .\CortexM3\ARM_GCC_541\Debug\StepperMotorDriver.a(isr_uart_rx.o)
                                0x32b (size before relaxing)
 .debug_str     0x00001d89      0x10c .\CortexM3\ARM_GCC_541\Debug\StepperMotorDriver.a(isr_motor.o)
                                0x30f (size before relaxing)
 .debug_str     0x00001e95      0x1bb .\CortexM3\ARM_GCC_541\Debug\StepperMotorDriver.a(CyFlash.o)
                                0x3f1 (size before relaxing)
 .debug_str     0x00002050       0xac .\CortexM3\ARM_GCC_541\Debug\StepperMotorDriver.a(CySpc.o)
                                0x369 (size before relaxing)

.debug_loc      0x00000000     0x2210
 *(.debug_loc)
 .debug_loc     0x00000000       0x4f .\CortexM3\ARM_GCC_541\Debug\StepperMotorDriver.o
 .debug_loc     0x0000004f      0x289 .\CortexM3\ARM_GCC_541\Debug\cyfitter_cfg.o
 .debug_loc     0x000002d8      0x144 .\CortexM3\ARM_GCC_541\Debug\Cm3Start.o
 .debug_loc     0x0000041c      0x258 .\CortexM3\ARM_GCC_541\Debug\StepperMotorDriver.a(UART_1.o)
 .debug_loc     0x00000674      0x12c .\CortexM3\ARM_GCC_541\Debug\StepperMotorDriver.a(UART_1_IntClock.o)
 .debug_loc     0x000007a0      0xa11 .\CortexM3\ARM_GCC_541\Debug\StepperMotorDriver.a(CyLib.o)
 .debug_loc     0x000011b1      0x1e4 .\CortexM3\ARM_GCC_541\Debug\StepperMotorDriver.a(cyPm.o)
 .debug_loc     0x00001395       0x42 .\CortexM3\ARM_GCC_541\Debug\StepperMotorDriver.a(Azimuth_Pin_1.o)
 .debug_loc     0x000013d7       0x42 .\CortexM3\ARM_GCC_541\Debug\StepperMotorDriver.a(Azimuth_Pin_4.o)
 .debug_loc     0x00001419       0x42 .\CortexM3\ARM_GCC_541\Debug\StepperMotorDriver.a(Azimuth_Pin_3.o)
 .debug_loc     0x0000145b       0x42 .\CortexM3\ARM_GCC_541\Debug\StepperMotorDriver.a(Azimuth_Pin_2.o)
 .debug_loc     0x0000149d       0x42 .\CortexM3\ARM_GCC_541\Debug\StepperMotorDriver.a(Limit_Up.o)
 .debug_loc     0x000014df       0x42 .\CortexM3\ARM_GCC_541\Debug\StepperMotorDriver.a(Limit_Down.o)
 .debug_loc     0x00001521       0x42 .\CortexM3\ARM_GCC_541\Debug\StepperMotorDriver.a(Limit_Right.o)
 .debug_loc     0x00001563       0x42 .\CortexM3\ARM_GCC_541\Debug\StepperMotorDriver.a(Limit_Left.o)
 .debug_loc     0x000015a5       0x42 .\CortexM3\ARM_GCC_541\Debug\StepperMotorDriver.a(Elevation_Pin_1.o)
 .debug_loc     0x000015e7       0x42 .\CortexM3\ARM_GCC_541\Debug\StepperMotorDriver.a(Elevation_Pin_2.o)
 .debug_loc     0x00001629       0x42 .\CortexM3\ARM_GCC_541\Debug\StepperMotorDriver.a(Elevation_Pin_3.o)
 .debug_loc     0x0000166b       0x42 .\CortexM3\ARM_GCC_541\Debug\StepperMotorDriver.a(Elevation_Pin_4.o)
 .debug_loc     0x000016ad       0x56 .\CortexM3\ARM_GCC_541\Debug\StepperMotorDriver.a(isr_uart_rx.o)
 .debug_loc     0x00001703       0x56 .\CortexM3\ARM_GCC_541\Debug\StepperMotorDriver.a(isr_motor.o)
 .debug_loc     0x00001759      0x3b2 .\CortexM3\ARM_GCC_541\Debug\StepperMotorDriver.a(CyFlash.o)
 .debug_loc     0x00001b0b      0x705 .\CortexM3\ARM_GCC_541\Debug\StepperMotorDriver.a(CySpc.o)

.debug_macinfo
 *(.debug_macinfo)

.debug_ranges   0x00000000      0x8f8
 *(.debug_ranges)
 .debug_ranges  0x00000000       0x10 .\CortexM3\ARM_GCC_541\Debug\main.o
 .debug_ranges  0x00000010       0x68 .\CortexM3\ARM_GCC_541\Debug\StepperMotorDriver.o
 .debug_ranges  0x00000078       0x48 .\CortexM3\ARM_GCC_541\Debug\cyfitter_cfg.o
 .debug_ranges  0x000000c0       0x38 .\CortexM3\ARM_GCC_541\Debug\Cm3Start.o
 .debug_ranges  0x000000f8       0xe0 .\CortexM3\ARM_GCC_541\Debug\StepperMotorDriver.a(UART_1.o)
 .debug_ranges  0x000001d8       0x60 .\CortexM3\ARM_GCC_541\Debug\StepperMotorDriver.a(UART_1_IntClock.o)
 .debug_ranges  0x00000238      0x290 .\CortexM3\ARM_GCC_541\Debug\StepperMotorDriver.a(CyLib.o)
 .debug_ranges  0x000004c8       0x88 .\CortexM3\ARM_GCC_541\Debug\StepperMotorDriver.a(cyPm.o)
 .debug_ranges  0x00000550       0x28 .\CortexM3\ARM_GCC_541\Debug\StepperMotorDriver.a(Azimuth_Pin_1.o)
 .debug_ranges  0x00000578       0x28 .\CortexM3\ARM_GCC_541\Debug\StepperMotorDriver.a(Azimuth_Pin_4.o)
 .debug_ranges  0x000005a0       0x28 .\CortexM3\ARM_GCC_541\Debug\StepperMotorDriver.a(Azimuth_Pin_3.o)
 .debug_ranges  0x000005c8       0x28 .\CortexM3\ARM_GCC_541\Debug\StepperMotorDriver.a(Azimuth_Pin_2.o)
 .debug_ranges  0x000005f0       0x28 .\CortexM3\ARM_GCC_541\Debug\StepperMotorDriver.a(Limit_Up.o)
 .debug_ranges  0x00000618       0x28 .\CortexM3\ARM_GCC_541\Debug\StepperMotorDriver.a(Limit_Down.o)
 .debug_ranges  0x00000640       0x28 .\CortexM3\ARM_GCC_541\Debug\StepperMotorDriver.a(Limit_Right.o)
 .debug_ranges  0x00000668       0x28 .\CortexM3\ARM_GCC_541\Debug\StepperMotorDriver.a(Limit_Left.o)
 .debug_ranges  0x00000690       0x28 .\CortexM3\ARM_GCC_541\Debug\StepperMotorDriver.a(Elevation_Pin_1.o)
 .debug_ranges  0x000006b8       0x28 .\CortexM3\ARM_GCC_541\Debug\StepperMotorDriver.a(Elevation_Pin_2.o)
 .debug_ranges  0x000006e0       0x28 .\CortexM3\ARM_GCC_541\Debug\StepperMotorDriver.a(Elevation_Pin_3.o)
 .debug_ranges  0x00000708       0x28 .\CortexM3\ARM_GCC_541\Debug\StepperMotorDriver.a(Elevation_Pin_4.o)
 .debug_ranges  0x00000730       0x70 .\CortexM3\ARM_GCC_541\Debug\StepperMotorDriver.a(isr_uart_rx.o)
 .debug_ranges  0x000007a0       0x70 .\CortexM3\ARM_GCC_541\Debug\StepperMotorDriver.a(isr_motor.o)
 .debug_ranges  0x00000810       0x78 .\CortexM3\ARM_GCC_541\Debug\StepperMotorDriver.a(CyFlash.o)
 .debug_ranges  0x00000888       0x70 .\CortexM3\ARM_GCC_541\Debug\StepperMotorDriver.a(CySpc.o)

.comment        0x00000000       0x6e
 .comment       0x00000000       0x6e .\CortexM3\ARM_GCC_541\Debug\main.o
                                 0x6f (size before relaxing)
 .comment       0x0000006e       0x6f .\CortexM3\ARM_GCC_541\Debug\StepperMotorDriver.o
 .comment       0x0000006e       0x6f .\CortexM3\ARM_GCC_541\Debug\cyfitter_cfg.o
 .comment       0x0000006e       0x6f .\CortexM3\ARM_GCC_541\Debug\cymetadata.o
 .comment       0x0000006e       0x6f .\CortexM3\ARM_GCC_541\Debug\Cm3Start.o
 .comment       0x0000006e       0x6f .\CortexM3\ARM_GCC_541\Debug\StepperMotorDriver.a(UART_1.o)
 .comment       0x0000006e       0x6f .\CortexM3\ARM_GCC_541\Debug\StepperMotorDriver.a(UART_1_IntClock.o)
 .comment       0x0000006e       0x6f .\CortexM3\ARM_GCC_541\Debug\StepperMotorDriver.a(CyLib.o)
 .comment       0x0000006e       0x6f .\CortexM3\ARM_GCC_541\Debug\StepperMotorDriver.a(cyPm.o)
 .comment       0x0000006e       0x6f .\CortexM3\ARM_GCC_541\Debug\StepperMotorDriver.a(Azimuth_Pin_1.o)
 .comment       0x0000006e       0x6f .\CortexM3\ARM_GCC_541\Debug\StepperMotorDriver.a(Azimuth_Pin_4.o)
 .comment       0x0000006e       0x6f .\CortexM3\ARM_GCC_541\Debug\StepperMotorDriver.a(Azimuth_Pin_3.o)
 .comment       0x0000006e       0x6f .\CortexM3\ARM_GCC_541\Debug\StepperMotorDriver.a(Azimuth_Pin_2.o)
 .comment       0x0000006e       0x6f .\CortexM3\ARM_GCC_541\Debug\StepperMotorDriver.a(Limit_Up.o)
 .comment       0x0000006e       0x6f .\CortexM3\ARM_GCC_541\Debug\StepperMotorDriver.a(Limit_Down.o)
 .comment       0x0000006e       0x6f .\CortexM3\ARM_GCC_541\Debug\StepperMotorDriver.a(Limit_Right.o)
 .comment       0x0000006e       0x6f .\CortexM3\ARM_GCC_541\Debug\StepperMotorDriver.a(Limit_Left.o)
 .comment       0x0000006e       0x6f .\CortexM3\ARM_GCC_541\Debug\StepperMotorDriver.a(Elevation_Pin_1.o)
 .comment       0x0000006e       0x6f .\CortexM3\ARM_GCC_541\Debug\StepperMotorDriver.a(Elevation_Pin_2.o)
 .comment       0x0000006e       0x6f .\CortexM3\ARM_GCC_541\Debug\StepperMotorDriver.a(Elevation_Pin_3.o)
 .comment       0x0000006e       0x6f .\CortexM3\ARM_GCC_541\Debug\StepperMotorDriver.a(Elevation_Pin_4.o)
 .comment       0x0000006e       0x6f .\CortexM3\ARM_GCC_541\Debug\StepperMotorDriver.a(isr_uart_rx.o)
 .comment       0x0000006e       0x6f .\CortexM3\ARM_GCC_541\Debug\StepperMotorDriver.a(isr_motor.o)
 .comment       0x0000006e       0x6f .\CortexM3\ARM_GCC_541\Debug\StepperMotorDriver.a(CyFlash.o)
 .comment       0x0000006e       0x6f .\CortexM3\ARM_GCC_541\Debug\StepperMotorDriver.a(CySpc.o)

.debug_weaknames
 *(.debug_weaknames)

.debug_funcnames
 *(.debug_funcnames)

.debug_typenames
 *(.debug_typenames)

.debug_varnames
 *(.debug_varnames)

.note.gnu.arm.ident
 *(.note.gnu.arm.ident)

.ARM.attributes
                0x00000000       0x29
 *(.ARM.attributes)
 .ARM.attributes
                0x00000000       0x1d c:/program files (x86)/cypress/psoc creator/4.4/psoc creator/import/gnu/arm/5.4.1/bin/../lib/gcc/arm-none-eabi/5.4.1/armv7-m/crti.o
 .ARM.attributes
                0x0000001d       0x2d c:/program files (x86)/cypress/psoc creator/4.4/psoc creator/import/gnu/arm/5.4.1/bin/../lib/gcc/arm-none-eabi/5.4.1/armv7-m/crtbegin.o
 .ARM.attributes
                0x0000004a       0x1b c:/program files (x86)/cypress/psoc creator/4.4/psoc creator/import/gnu/arm/5.4.1/bin/../lib/gcc/arm-none-eabi/5.4.1/../../../../arm-none-eabi/lib/armv7-m/crt0.o
 .ARM.attributes
                0x00000065       0x33 .\CortexM3\ARM_GCC_541\Debug\main.o
 .ARM.attributes
                0x00000098       0x33 .\CortexM3\ARM_GCC_541\Debug\StepperMotorDriver.o
 .ARM.attributes
                0x000000cb       0x33 .\CortexM3\ARM_GCC_541\Debug\cyfitter_cfg.o
 .ARM.attributes
                0x000000fe       0x33 .\CortexM3\ARM_GCC_541\Debug\cymetadata.o
 .ARM.attributes
                0x00000131       0x33 .\CortexM3\ARM_GCC_541\Debug\Cm3Start.o
 .ARM.attributes
                0x00000164       0x33 .\CortexM3\ARM_GCC_541\Debug\StepperMotorDriver.a(UART_1.o)
 .ARM.attributes
                0x00000197       0x33 .\CortexM3\ARM_GCC_541\Debug\StepperMotorDriver.a(UART_1_IntClock.o)
 .ARM.attributes
                0x000001ca       0x33 .\CortexM3\ARM_GCC_541\Debug\StepperMotorDriver.a(CyLib.o)
 .ARM.attributes
                0x000001fd       0x33 .\CortexM3\ARM_GCC_541\Debug\StepperMotorDriver.a(cyPm.o)
 .ARM.attributes
                0x00000230       0x33 .\CortexM3\ARM_GCC_541\Debug\StepperMotorDriver.a(Azimuth_Pin_1.o)
 .ARM.attributes
                0x00000263       0x33 .\CortexM3\ARM_GCC_541\Debug\StepperMotorDriver.a(Azimuth_Pin_4.o)
 .ARM.attributes
                0x00000296       0x33 .\CortexM3\ARM_GCC_541\Debug\StepperMotorDriver.a(Azimuth_Pin_3.o)
 .ARM.attributes
                0x000002c9       0x33 .\CortexM3\ARM_GCC_541\Debug\StepperMotorDriver.a(Azimuth_Pin_2.o)
 .ARM.attributes
                0x000002fc       0x33 .\CortexM3\ARM_GCC_541\Debug\StepperMotorDriver.a(Limit_Up.o)
 .ARM.attributes
                0x0000032f       0x33 .\CortexM3\ARM_GCC_541\Debug\StepperMotorDriver.a(Limit_Down.o)
 .ARM.attributes
                0x00000362       0x33 .\CortexM3\ARM_GCC_541\Debug\StepperMotorDriver.a(Limit_Right.o)
 .ARM.attributes
                0x00000395       0x33 .\CortexM3\ARM_GCC_541\Debug\StepperMotorDriver.a(Limit_Left.o)
 .ARM.attributes
                0x000003c8       0x33 .\CortexM3\ARM_GCC_541\Debug\StepperMotorDriver.a(Elevation_Pin_1.o)
 .ARM.attributes
                0x000003fb       0x33 .\CortexM3\ARM_GCC_541\Debug\StepperMotorDriver.a(Elevation_Pin_2.o)
 .ARM.attributes
                0x0000042e       0x33 .\CortexM3\ARM_GCC_541\Debug\StepperMotorDriver.a(Elevation_Pin_3.o)
 .ARM.attributes
                0x00000461       0x33 .\CortexM3\ARM_GCC_541\Debug\StepperMotorDriver.a(Elevation_Pin_4.o)
 .ARM.attributes
                0x00000494       0x33 .\CortexM3\ARM_GCC_541\Debug\StepperMotorDriver.a(isr_uart_rx.o)
 .ARM.attributes
                0x000004c7       0x33 .\CortexM3\ARM_GCC_541\Debug\StepperMotorDriver.a(isr_motor.o)
 .ARM.attributes
                0x000004fa       0x21 .\CortexM3\ARM_GCC_541\Debug\StepperMotorDriver.a(CyBootAsmGnu.o)
 .ARM.attributes
                0x0000051b       0x33 .\CortexM3\ARM_GCC_541\Debug\StepperMotorDriver.a(CyFlash.o)
 .ARM.attributes
                0x0000054e       0x33 .\CortexM3\ARM_GCC_541\Debug\StepperMotorDriver.a(CySpc.o)
 .ARM.attributes
                0x00000581       0x2d c:/program files (x86)/cypress/psoc creator/4.4/psoc creator/import/gnu/arm/5.4.1/bin/../lib/gcc/arm-none-eabi/5.4.1/../../../../arm-none-eabi/lib/armv7-m\libg_nano.a(lib_a-errno.o)
 .ARM.attributes
                0x000005ae       0x2d c:/program files (x86)/cypress/psoc creator/4.4/psoc creator/import/gnu/arm/5.4.1/bin/../lib/gcc/arm-none-eabi/5.4.1/../../../../arm-none-eabi/lib/armv7-m\libg_nano.a(lib_a-exit.o)
 .ARM.attributes
                0x000005db       0x2d c:/program files (x86)/cypress/psoc creator/4.4/psoc creator/import/gnu/arm/5.4.1/bin/../lib/gcc/arm-none-eabi/5.4.1/../../../../arm-none-eabi/lib/armv7-m\libg_nano.a(lib_a-impure.o)
 .ARM.attributes
                0x00000608       0x2d c:/program files (x86)/cypress/psoc creator/4.4/psoc creator/import/gnu/arm/5.4.1/bin/../lib/gcc/arm-none-eabi/5.4.1/../../../../arm-none-eabi/lib/armv7-m\libg_nano.a(lib_a-init.o)
 .ARM.attributes
                0x00000635       0x2d c:/program files (x86)/cypress/psoc creator/4.4/psoc creator/import/gnu/arm/5.4.1/bin/../lib/gcc/arm-none-eabi/5.4.1/../../../../arm-none-eabi/lib/armv7-m\libg_nano.a(lib_a-memcpy-stub.o)
 .ARM.attributes
                0x00000662       0x2d c:/program files (x86)/cypress/psoc creator/4.4/psoc creator/import/gnu/arm/5.4.1/bin/../lib/gcc/arm-none-eabi/5.4.1/../../../../arm-none-eabi/lib/armv7-m\libg_nano.a(lib_a-memset.o)
 .ARM.attributes
                0x0000068f       0x2d c:/program files (x86)/cypress/psoc creator/4.4/psoc creator/import/gnu/arm/5.4.1/bin/../lib/gcc/arm-none-eabi/5.4.1/armv7-m/crtend.o
 .ARM.attributes
                0x000006bc       0x1d c:/program files (x86)/cypress/psoc creator/4.4/psoc creator/import/gnu/arm/5.4.1/bin/../lib/gcc/arm-none-eabi/5.4.1/armv7-m/crtn.o

/DISCARD/
 *(.note.GNU-stack)
OUTPUT(C:\Users\degn\OneDrive - Aarhus universitet\Skrivebord\AU\E3\PRJ3\Kode\StepperMotorDriver\StepperMotorDriver.cydsn\CortexM3\ARM_GCC_541\Debug\StepperMotorDriver.elf elf32-littlearm)
