Archive member included to satisfy reference by file (symbol)

.\CortexM3\ARM_GCC_541\Debug\StepperMotorDriver.a(UART_1.o)
                              .\CortexM3\ARM_GCC_541\Debug\main.o (UART_1_Start)
.\CortexM3\ARM_GCC_541\Debug\StepperMotorDriver.a(UART_1_IntClock.o)
                              .\CortexM3\ARM_GCC_541\Debug\StepperMotorDriver.a(UART_1.o) (UART_1_IntClock_Start)
.\CortexM3\ARM_GCC_541\Debug\StepperMotorDriver.a(CyLib.o)
                              .\CortexM3\ARM_GCC_541\Debug\Cm3Start.o (CyHalt)
.\CortexM3\ARM_GCC_541\Debug\StepperMotorDriver.a(cyPm.o)
                              .\CortexM3\ARM_GCC_541\Debug\StepperMotorDriver.a(CyLib.o) (CyPmReadStatus)
.\CortexM3\ARM_GCC_541\Debug\StepperMotorDriver.a(Azimuth_Pin_1.o)
                              .\CortexM3\ARM_GCC_541\Debug\StepperMotorDriver.o (Azimuth_Pin_1_Write)
.\CortexM3\ARM_GCC_541\Debug\StepperMotorDriver.a(Azimuth_Pin_4.o)
                              .\CortexM3\ARM_GCC_541\Debug\StepperMotorDriver.o (Azimuth_Pin_4_Write)
.\CortexM3\ARM_GCC_541\Debug\StepperMotorDriver.a(Azimuth_Pin_3.o)
                              .\CortexM3\ARM_GCC_541\Debug\StepperMotorDriver.o (Azimuth_Pin_3_Write)
.\CortexM3\ARM_GCC_541\Debug\StepperMotorDriver.a(Azimuth_Pin_2.o)
                              .\CortexM3\ARM_GCC_541\Debug\StepperMotorDriver.o (Azimuth_Pin_2_Write)
.\CortexM3\ARM_GCC_541\Debug\StepperMotorDriver.a(Limit_Up.o)
                              .\CortexM3\ARM_GCC_541\Debug\StepperMotorDriver.o (Limit_Up_Read)
.\CortexM3\ARM_GCC_541\Debug\StepperMotorDriver.a(Limit_Down.o)
                              .\CortexM3\ARM_GCC_541\Debug\StepperMotorDriver.o (Limit_Down_Read)
.\CortexM3\ARM_GCC_541\Debug\StepperMotorDriver.a(Limit_Right.o)
                              .\CortexM3\ARM_GCC_541\Debug\StepperMotorDriver.o (Limit_Right_Read)
.\CortexM3\ARM_GCC_541\Debug\StepperMotorDriver.a(Limit_Left.o)
                              .\CortexM3\ARM_GCC_541\Debug\StepperMotorDriver.o (Limit_Left_Read)
.\CortexM3\ARM_GCC_541\Debug\StepperMotorDriver.a(Elevation_Pin_1.o)
                              .\CortexM3\ARM_GCC_541\Debug\StepperMotorDriver.o (Elevation_Pin_1_Write)
.\CortexM3\ARM_GCC_541\Debug\StepperMotorDriver.a(Elevation_Pin_2.o)
                              .\CortexM3\ARM_GCC_541\Debug\StepperMotorDriver.o (Elevation_Pin_2_Write)
.\CortexM3\ARM_GCC_541\Debug\StepperMotorDriver.a(Elevation_Pin_3.o)
                              .\CortexM3\ARM_GCC_541\Debug\StepperMotorDriver.o (Elevation_Pin_3_Write)
.\CortexM3\ARM_GCC_541\Debug\StepperMotorDriver.a(Elevation_Pin_4.o)
                              .\CortexM3\ARM_GCC_541\Debug\StepperMotorDriver.o (Elevation_Pin_4_Write)
.\CortexM3\ARM_GCC_541\Debug\StepperMotorDriver.a(isr_uart_rx.o)
                              .\CortexM3\ARM_GCC_541\Debug\main.o (isr_uart_rx_StartEx)
.\CortexM3\ARM_GCC_541\Debug\StepperMotorDriver.a(isr_motor.o)
                              .\CortexM3\ARM_GCC_541\Debug\main.o (isr_motor_StartEx)
.\CortexM3\ARM_GCC_541\Debug\StepperMotorDriver.a(SPIS_1.o)
                              .\CortexM3\ARM_GCC_541\Debug\main.o (SPIS_1_ReadRxData)
.\CortexM3\ARM_GCC_541\Debug\StepperMotorDriver.a(CyBootAsmGnu.o)
                              .\CortexM3\ARM_GCC_541\Debug\cyfitter_cfg.o (CyDelayCycles)
.\CortexM3\ARM_GCC_541\Debug\StepperMotorDriver.a(CyFlash.o)
                              .\CortexM3\ARM_GCC_541\Debug\StepperMotorDriver.a(cyPm.o) (CyFlash_SetWaitCycles)
.\CortexM3\ARM_GCC_541\Debug\StepperMotorDriver.a(CySpc.o)
                              .\CortexM3\ARM_GCC_541\Debug\StepperMotorDriver.a(CyFlash.o) (CySpcStart)
c:/program files (x86)/cypress/psoc creator/4.4/psoc creator/import/gnu/arm/5.4.1/bin/../lib/gcc/arm-none-eabi/5.4.1/../../../../arm-none-eabi/lib/armv7-m\libg_nano.a(lib_a-errno.o)
                              .\CortexM3\ARM_GCC_541\Debug\Cm3Start.o (__errno)
c:/program files (x86)/cypress/psoc creator/4.4/psoc creator/import/gnu/arm/5.4.1/bin/../lib/gcc/arm-none-eabi/5.4.1/../../../../arm-none-eabi/lib/armv7-m\libg_nano.a(lib_a-exit.o)
                              c:/program files (x86)/cypress/psoc creator/4.4/psoc creator/import/gnu/arm/5.4.1/bin/../lib/gcc/arm-none-eabi/5.4.1/../../../../arm-none-eabi/lib/armv7-m/crt0.o (exit)
c:/program files (x86)/cypress/psoc creator/4.4/psoc creator/import/gnu/arm/5.4.1/bin/../lib/gcc/arm-none-eabi/5.4.1/../../../../arm-none-eabi/lib/armv7-m\libg_nano.a(lib_a-impure.o)
                              c:/program files (x86)/cypress/psoc creator/4.4/psoc creator/import/gnu/arm/5.4.1/bin/../lib/gcc/arm-none-eabi/5.4.1/../../../../arm-none-eabi/lib/armv7-m\libg_nano.a(lib_a-exit.o) (_global_impure_ptr)
c:/program files (x86)/cypress/psoc creator/4.4/psoc creator/import/gnu/arm/5.4.1/bin/../lib/gcc/arm-none-eabi/5.4.1/../../../../arm-none-eabi/lib/armv7-m\libg_nano.a(lib_a-init.o)
[...]
Memory Configuration

Name             Origin             Length             Attributes
rom              0x00000000         0x00040000         xr
ram              0x1fff8000         0x00010000         xrw
*default*        0x00000000         0xffffffff

Linker script and memory map

LOAD c:/program files (x86)/cypress/psoc creator/4.4/psoc creator/import/gnu/arm/5.4.1/bin/../lib/gcc/arm-none-eabi/5.4.1/armv7-m/crti.o
LOAD c:/program files (x86)/cypress/psoc creator/4.4/psoc creator/import/gnu/arm/5.4.1/bin/../lib/gcc/arm-none-eabi/5.4.1/armv7-m/crtbegin.o
LOAD c:/program files (x86)/cypress/psoc creator/4.4/psoc creator/import/gnu/arm/5.4.1/bin/../lib/gcc/arm-none-eabi/5.4.1/../../../../arm-none-eabi/lib/armv7-m/crt0.o
START GROUP
LOAD .\CortexM3\ARM_GCC_541\Debug\main.o
LOAD .\CortexM3\ARM_GCC_541\Debug\StepperMotorDriver.o
LOAD .\CortexM3\ARM_GCC_541\Debug\cyfitter_cfg.o
LOAD .\CortexM3\ARM_GCC_541\Debug\cymetadata.o
LOAD .\CortexM3\ARM_GCC_541\Debug\Cm3Start.o
LOAD .\CortexM3\ARM_GCC_541\Debug\StepperMotorDriver.a
LOAD C:\Program Files (x86)\Cypress\PSoC Creator\4.4\PSoC Creator\psoc\content\cycomponentlibrary\CyComponentLibrary.cylib\CortexM3\ARM_GCC_541\Debug\CyComponentLibrary.a
END GROUP
START GROUP
LOAD c:/program files (x86)/cypress/psoc creator/4.4/psoc creator/import/gnu/arm/5.4.1/bin/../lib/gcc/arm-none-eabi/5.4.1/armv7-m\libgcc.a
LOAD c:/program files (x86)/cypress/psoc creator/4.4/psoc creator/import/gnu/arm/5.4.1/bin/../lib/gcc/arm-none-eabi/5.4.1/../../../../arm-none-eabi/lib/armv7-m\libg_nano.a
LOAD c:/program files (x86)/cypress/psoc creator/4.4/psoc creator/import/gnu/arm/5.4.1/bin/../lib/gcc/arm-none-eabi/5.4.1/../../../../arm-none-eabi/lib/armv7-m\libc_nano.a
END GROUP
START GROUP
LOAD c:/program files (x86)/cypress/psoc creator/4.4/psoc creator/import/gnu/arm/5.4.1/bin/../lib/gcc/arm-none-eabi/5.4.1/armv7-m\libgcc.a
LOAD c:/program files (x86)/cypress/psoc creator/4.4/psoc creator/import/gnu/arm/5.4.1/bin/../lib/gcc/arm-none-eabi/5.4.1/../../../../arm-none-eabi/lib/armv7-m\libc_nano.a
END GROUP
LOAD c:/program files (x86)/cypress/psoc creator/4.4/psoc creator/import/gnu/arm/5.4.1/bin/../lib/gcc/arm-none-eabi/5.4.1/armv7-m/crtend.o
LOAD c:/program files (x86)/cypress/psoc creator/4.4/psoc creator/import/gnu/arm/5.4.1/bin/../lib/gcc/arm-none-eabi/5.4.1/armv7-m/crtn.o
START GROUP
LOAD c:/program files (x86)/cypress/psoc creator/4.4/psoc creator/import/gnu/arm/5.4.1/bin/../lib/gcc/arm-none-eabi/5.4.1/armv7-m\libgcc.a
LOAD c:/program files (x86)/cypress/psoc creator/4.4/psoc creator/import/gnu/arm/5.4.1/bin/../lib/gcc/arm-none-eabi/5.4.1/../../../../arm-none-eabi/lib/armv7-m\libc.a
LOAD c:/program files (x86)/cypress/psoc creator/4.4/psoc creator/import/gnu/arm/5.4.1/bin/../lib/gcc/arm-none-eabi/5.4.1/../../../../arm-none-eabi/lib/armv7-m\libnosys.a
END GROUP
                0x00000000                CY_APPL_ORIGIN = 0x0
                0x00000100                CY_FLASH_ROW_SIZE = 0x100
                0x00000020                CY_ECC_ROW_SIZE = 0x20
                0x00000000                CY_EE_IN_BTLDR = 0x0
                0x00000000                CY_APPL_LOADABLE = 0x0
                0x00000800                CY_EE_SIZE = 0x800
                0x00000001                CY_APPL_NUM = 0x1
                0x00000001                CY_APPL_MAX = 0x1
                0x00000040                CY_METADATA_SIZE = 0x40
                0x00000000                CY_APPL_LOADABLE = 0x0
                0x00000000                CY_CHECKSUM_EXCLUDE_SIZE = ALIGN (0x0, CY_FLASH_ROW_SIZE)
                [!provide]                PROVIDE (__cy_heap_start, _end)
                0x00000001                PROVIDE (__cy_region_num, ((__cy_regions_end - __cy_regions) / 0x10))
                0x20008000                PROVIDE (__cy_stack, (ORIGIN (ram) + LENGTH (ram)))
                [!provide]                PROVIDE (__cy_heap_end, (__cy_stack - 0x800))

.cybootloader   0x00000000        0x0
 *(.cybootloader)
                0x00000000                appl1_start = CY_APPL_ORIGIN?CY_APPL_ORIGIN:ALIGN (CY_FLASH_ROW_SIZE)
                0x0001ff00                appl2_start = (appl1_start + ALIGN ((((LENGTH (rom) - appl1_start) - (0x2 * CY_FLASH_ROW_SIZE)) / 0x2), CY_FLASH_ROW_SIZE))
                0x00000000                appl_start = (CY_APPL_NUM == 0x1)?appl1_start:appl2_start
                0x00000000                ecc_offset = ((appl_start / CY_FLASH_ROW_SIZE) * CY_ECC_ROW_SIZE)
                0x00000000                ee_offset = (CY_APPL_LOADABLE && ! (CY_EE_IN_BTLDR))?((CY_EE_SIZE / CY_APPL_MAX) * (CY_APPL_NUM - 0x1)):0x0
                0x00000800                ee_size = (CY_APPL_LOADABLE && ! (CY_EE_IN_BTLDR))?(CY_EE_SIZE / CY_APPL_MAX):CY_EE_SIZE
                [!provide]                PROVIDE (CY_ECC_OFFSET, ecc_offset)

.text           0x00000000     0x146c
 CREATE_OBJECT_SYMBOLS
                0x00000000                PROVIDE (__cy_interrupt_vector, RomVectors)
 *(.romvectors)
 .romvectors    0x00000000       0x10 .\CortexM3\ARM_GCC_541\Debug\Cm3Start.o
                0x00000000                RomVectors
                0x00000001                ASSERT ((. != __cy_interrupt_vector), No interrupt vector)
                0x00000001                ASSERT (CY_APPL_ORIGIN?(SIZEOF (.cybootloader) <= CY_APPL_ORIGIN):0x1, Wrong image location)
                0x00000010                PROVIDE (__cy_reset, Reset)
 *(.text.Reset)
 .text.Reset    0x00000010       0x18 .\CortexM3\ARM_GCC_541\Debug\Cm3Start.o
                0x00000010                Reset
                0x00000001                ASSERT ((. != __cy_reset), No reset code)
 *(.dma_init)
                0x00000001                ASSERT ((((appl_start + .) <= 0x10000) || 0x1), DMA Init must be within the first 64k of flash)
 *(.text .text.* .gnu.linkonce.t.*)
 .text          0x00000028       0x5c c:/program files (x86)/cypress/psoc creator/4.4/psoc creator/import/gnu/arm/5.4.1/bin/../lib/gcc/arm-none-eabi/5.4.1/armv7-m/crtbegin.o
 .text.main     0x00000084       0xa0 .\CortexM3\ARM_GCC_541\Debug\main.o
                0x00000084                main
 .text.moveAzimuth
                0x00000124        0xc .\CortexM3\ARM_GCC_541\Debug\StepperMotorDriver.o
                0x00000124                moveAzimuth
 .text.azimuthStep
                0x00000130       0x20 .\CortexM3\ARM_GCC_541\Debug\StepperMotorDriver.o
                0x00000130                azimuthStep
 .text.azimuth  0x00000150       0xc4 .\CortexM3\ARM_GCC_541\Debug\StepperMotorDriver.o
                0x00000150                azimuth
 .text.moveElevation
                0x00000214        0xc .\CortexM3\ARM_GCC_541\Debug\StepperMotorDriver.o
                0x00000214                moveElevation
 .text.elevationStep
                0x00000220       0x20 .\CortexM3\ARM_GCC_541\Debug\StepperMotorDriver.o
                0x00000220                elevationStep
 .text.elevation
                0x00000240       0xd0 .\CortexM3\ARM_GCC_541\Debug\StepperMotorDriver.o
                0x00000240                elevation
 .text.MOTOR_STEP
                0x00000310       0x70 .\CortexM3\ARM_GCC_541\Debug\StepperMotorDriver.o
                0x00000310                MOTOR_STEP
 .text.limitLeft
                0x00000380       0x10 .\CortexM3\ARM_GCC_541\Debug\StepperMotorDriver.o
                0x00000380                limitLeft
 .text.limitRight
                0x00000390       0x10 .\CortexM3\ARM_GCC_541\Debug\StepperMotorDriver.o
                0x00000390                limitRight
 .text.limitUp  0x000003a0       0x10 .\CortexM3\ARM_GCC_541\Debug\StepperMotorDriver.o
                0x000003a0                limitUp
 .text.limitDown
                0x000003b0       0x10 .\CortexM3\ARM_GCC_541\Debug\StepperMotorDriver.o
                0x000003b0                limitDown
 .text.UART_HANDLER
                0x000003c0       0x64 .\CortexM3\ARM_GCC_541\Debug\StepperMotorDriver.o
                0x000003c0                UART_HANDLER
 .text.CyClockStartupError
                0x00000424        0x4 .\CortexM3\ARM_GCC_541\Debug\cyfitter_cfg.o
 .text.cfg_write_bytes32
                0x00000428       0x34 .\CortexM3\ARM_GCC_541\Debug\cyfitter_cfg.o
 .text.AnalogSetDefault
                0x0000045c       0x28 .\CortexM3\ARM_GCC_541\Debug\cyfitter_cfg.o
 .text.CYMEMZERO
                0x00000484        0xc .\CortexM3\ARM_GCC_541\Debug\cyfitter_cfg.o
 .text.ClockSetup
                0x00000490       0xd4 .\CortexM3\ARM_GCC_541\Debug\cyfitter_cfg.o
 .text.CYCONFIGCPY
                0x00000564        0x8 .\CortexM3\ARM_GCC_541\Debug\cyfitter_cfg.o
 .text.cyfitter_cfg
                0x0000056c      0x100 .\CortexM3\ARM_GCC_541\Debug\cyfitter_cfg.o
                0x0000056c                cyfitter_cfg
 .text.IntDefaultHandler
                0x0000066c       0x10 .\CortexM3\ARM_GCC_541\Debug\Cm3Start.o
                0x0000066c                IntDefaultHandler
 .text._sbrk    0x0000067c       0x30 .\CortexM3\ARM_GCC_541\Debug\Cm3Start.o
                0x0000067c                _sbrk
 .text.Start_c  0x000006ac       0x4c .\CortexM3\ARM_GCC_541\Debug\Cm3Start.o
                0x000006ac                Start_c
 .text.initialize_psoc
                0x000006f8       0x68 .\CortexM3\ARM_GCC_541\Debug\Cm3Start.o
                0x000006f8                initialize_psoc
 .text.UART_1_Init
                0x00000760       0x24 .\CortexM3\ARM_GCC_541\Debug\StepperMotorDriver.a(UART_1.o)
                0x00000760                UART_1_Init
 .text.UART_1_Enable
                0x00000784       0x38 .\CortexM3\ARM_GCC_541\Debug\StepperMotorDriver.a(UART_1.o)
                0x00000784                UART_1_Enable
 .text.UART_1_Start
                0x000007bc       0x1c .\CortexM3\ARM_GCC_541\Debug\StepperMotorDriver.a(UART_1.o)
                0x000007bc                UART_1_Start
 .text.UART_1_ReadRxData
                0x000007d8        0xc .\CortexM3\ARM_GCC_541\Debug\StepperMotorDriver.a(UART_1.o)
                0x000007d8                UART_1_ReadRxData
 .text.UART_1_ReadRxStatus
                0x000007e4       0x10 .\CortexM3\ARM_GCC_541\Debug\StepperMotorDriver.a(UART_1.o)
                0x000007e4                UART_1_ReadRxStatus
 .text.UART_1_GetByte
                0x000007f4       0x14 .\CortexM3\ARM_GCC_541\Debug\StepperMotorDriver.a(UART_1.o)
                0x000007f4                UART_1_GetByte
 .text.UART_1_PutChar
                0x00000808       0x18 .\CortexM3\ARM_GCC_541\Debug\StepperMotorDriver.a(UART_1.o)
                0x00000808                UART_1_PutChar
 .text.UART_1_PutString
                0x00000820       0x24 .\CortexM3\ARM_GCC_541\Debug\StepperMotorDriver.a(UART_1.o)
                0x00000820                UART_1_PutString
 .text.UART_1_IntClock_Start
                0x00000844       0x1c .\CortexM3\ARM_GCC_541\Debug\StepperMotorDriver.a(UART_1_IntClock.o)
                0x00000844                UART_1_IntClock_Start
 .text.Azimuth_Pin_1_Write
                0x00000860       0x18 .\CortexM3\ARM_GCC_541\Debug\StepperMotorDriver.a(Azimuth_Pin_1.o)
                0x00000860                Azimuth_Pin_1_Write
 .text.Azimuth_Pin_1_Read
                0x00000878       0x10 .\CortexM3\ARM_GCC_541\Debug\StepperMotorDriver.a(Azimuth_Pin_1.o)
                0x00000878                Azimuth_Pin_1_Read
 .text.Azimuth_Pin_4_Write
                0x00000888       0x18 .\CortexM3\ARM_GCC_541\Debug\StepperMotorDriver.a(Azimuth_Pin_4.o)
                0x00000888                Azimuth_Pin_4_Write
 .text.Azimuth_Pin_4_Read
                0x000008a0        0xc .\CortexM3\ARM_GCC_541\Debug\StepperMotorDriver.a(Azimuth_Pin_4.o)
                0x000008a0                Azimuth_Pin_4_Read
 .text.Azimuth_Pin_3_Write
                0x000008ac       0x18 .\CortexM3\ARM_GCC_541\Debug\StepperMotorDriver.a(Azimuth_Pin_3.o)
                0x000008ac                Azimuth_Pin_3_Write
 .text.Azimuth_Pin_3_Read
                0x000008c4       0x10 .\CortexM3\ARM_GCC_541\Debug\StepperMotorDriver.a(Azimuth_Pin_3.o)
                0x000008c4                Azimuth_Pin_3_Read
 .text.Azimuth_Pin_2_Write
                0x000008d4       0x18 .\CortexM3\ARM_GCC_541\Debug\StepperMotorDriver.a(Azimuth_Pin_2.o)
                0x000008d4                Azimuth_Pin_2_Write
 .text.Azimuth_Pin_2_Read
                0x000008ec       0x10 .\CortexM3\ARM_GCC_541\Debug\StepperMotorDriver.a(Azimuth_Pin_2.o)
                0x000008ec                Azimuth_Pin_2_Read
 .text.Limit_Up_Read
                0x000008fc       0x10 .\CortexM3\ARM_GCC_541\Debug\StepperMotorDriver.a(Limit_Up.o)
                0x000008fc                Limit_Up_Read
 .text.Limit_Down_Read
                0x0000090c       0x10 .\CortexM3\ARM_GCC_541\Debug\StepperMotorDriver.a(Limit_Down.o)
                0x0000090c                Limit_Down_Read
 .text.Limit_Right_Read
                0x0000091c       0x10 .\CortexM3\ARM_GCC_541\Debug\StepperMotorDriver.a(Limit_Right.o)
                0x0000091c                Limit_Right_Read
 .text.Limit_Left_Read
                0x0000092c       0x10 .\CortexM3\ARM_GCC_541\Debug\StepperMotorDriver.a(Limit_Left.o)
                0x0000092c                Limit_Left_Read
 .text.Elevation_Pin_1_Write
                0x0000093c       0x18 .\CortexM3\ARM_GCC_541\Debug\StepperMotorDriver.a(Elevation_Pin_1.o)
                0x0000093c                Elevation_Pin_1_Write
 .text.Elevation_Pin_1_Read
                0x00000954       0x10 .\CortexM3\ARM_GCC_541\Debug\StepperMotorDriver.a(Elevation_Pin_1.o)
                0x00000954                Elevation_Pin_1_Read
 .text.Elevation_Pin_2_Write
                0x00000964       0x18 .\CortexM3\ARM_GCC_541\Debug\StepperMotorDriver.a(Elevation_Pin_2.o)
                0x00000964                Elevation_Pin_2_Write
 .text.Elevation_Pin_2_Read
                0x0000097c       0x10 .\CortexM3\ARM_GCC_541\Debug\StepperMotorDriver.a(Elevation_Pin_2.o)
                0x0000097c                Elevation_Pin_2_Read
 .text.Elevation_Pin_3_Write
                0x0000098c       0x18 .\CortexM3\ARM_GCC_541\Debug\StepperMotorDriver.a(Elevation_Pin_3.o)
                0x0000098c                Elevation_Pin_3_Write
 .text.Elevation_Pin_3_Read
                0x000009a4       0x10 .\CortexM3\ARM_GCC_541\Debug\StepperMotorDriver.a(Elevation_Pin_3.o)
                0x000009a4                Elevation_Pin_3_Read
 .text.Elevation_Pin_4_Write
                0x000009b4       0x18 .\CortexM3\ARM_GCC_541\Debug\StepperMotorDriver.a(Elevation_Pin_4.o)
                0x000009b4                Elevation_Pin_4_Write
 .text.Elevation_Pin_4_Read
                0x000009cc       0x10 .\CortexM3\ARM_GCC_541\Debug\StepperMotorDriver.a(Elevation_Pin_4.o)
                0x000009cc                Elevation_Pin_4_Read
 .text.isr_uart_rx_SetVector
                0x000009dc        0xc .\CortexM3\ARM_GCC_541\Debug\StepperMotorDriver.a(isr_uart_rx.o)
                0x000009dc                isr_uart_rx_SetVector
 .text.isr_uart_rx_SetPriority
                0x000009e8       0x10 .\CortexM3\ARM_GCC_541\Debug\StepperMotorDriver.a(isr_uart_rx.o)
                0x000009e8                isr_uart_rx_SetPriority
 .text.isr_uart_rx_Enable
                0x000009f8        0xc .\CortexM3\ARM_GCC_541\Debug\StepperMotorDriver.a(isr_uart_rx.o)
                0x000009f8                isr_uart_rx_Enable
 .text.isr_uart_rx_Disable
                0x00000a04        0xc .\CortexM3\ARM_GCC_541\Debug\StepperMotorDriver.a(isr_uart_rx.o)
                0x00000a04                isr_uart_rx_Disable
 .text.isr_uart_rx_StartEx
                0x00000a10       0x1c .\CortexM3\ARM_GCC_541\Debug\StepperMotorDriver.a(isr_uart_rx.o)
                0x00000a10                isr_uart_rx_StartEx
 .text.isr_motor_SetVector
                0x00000a2c        0xc .\CortexM3\ARM_GCC_541\Debug\StepperMotorDriver.a(isr_motor.o)
                0x00000a2c                isr_motor_SetVector
 .text.isr_motor_SetPriority
                0x00000a38       0x10 .\CortexM3\ARM_GCC_541\Debug\StepperMotorDriver.a(isr_motor.o)
                0x00000a38                isr_motor_SetPriority
 .text.isr_motor_Enable
                0x00000a48        0xc .\CortexM3\ARM_GCC_541\Debug\StepperMotorDriver.a(isr_motor.o)
                0x00000a48                isr_motor_Enable
 .text.isr_motor_Disable
                0x00000a54        0xc .\CortexM3\ARM_GCC_541\Debug\StepperMotorDriver.a(isr_motor.o)
                0x00000a54                isr_motor_Disable
 .text.isr_motor_StartEx
                0x00000a60       0x1c .\CortexM3\ARM_GCC_541\Debug\StepperMotorDriver.a(isr_motor.o)
                0x00000a60                isr_motor_StartEx
 .text.SPIS_1_Enable
                0x00000a7c       0x30 .\CortexM3\ARM_GCC_541\Debug\StepperMotorDriver.a(SPIS_1.o)
                0x00000a7c                SPIS_1_Enable
 .text.SPIS_1_ReadTxStatus
                0x00000aac        0xc .\CortexM3\ARM_GCC_541\Debug\StepperMotorDriver.a(SPIS_1.o)
                0x00000aac                SPIS_1_ReadTxStatus
 .text.SPIS_1_ReadRxStatus
                0x00000ab8        0xc .\CortexM3\ARM_GCC_541\Debug\StepperMotorDriver.a(SPIS_1.o)
                0x00000ab8                SPIS_1_ReadRxStatus
 .text.SPIS_1_ReadRxData
                0x00000ac4        0xc .\CortexM3\ARM_GCC_541\Debug\StepperMotorDriver.a(SPIS_1.o)
                0x00000ac4                SPIS_1_ReadRxData
 .text.SPIS_1_GetRxBufferSize
                0x00000ad0       0x18 .\CortexM3\ARM_GCC_541\Debug\StepperMotorDriver.a(SPIS_1.o)
                0x00000ad0                SPIS_1_GetRxBufferSize
 .text.SPIS_1_ClearFIFO
                0x00000ae8       0x3c .\CortexM3\ARM_GCC_541\Debug\StepperMotorDriver.a(SPIS_1.o)
                0x00000ae8                SPIS_1_ClearFIFO
 .text.SPIS_1_Init
                0x00000b24       0x28 .\CortexM3\ARM_GCC_541\Debug\StepperMotorDriver.a(SPIS_1.o)
                0x00000b24                SPIS_1_Init
 .text.SPIS_1_Start
                0x00000b4c       0x1c .\CortexM3\ARM_GCC_541\Debug\StepperMotorDriver.a(SPIS_1.o)
                0x00000b4c                SPIS_1_Start
 .text          0x00000b68       0x20 .\CortexM3\ARM_GCC_541\Debug\StepperMotorDriver.a(CyBootAsmGnu.o)
                0x00000b68                CyDelayCycles
                0x00000b78                CyEnterCriticalSection
                0x00000b80                CyExitCriticalSection
 .text.__errno  0x00000b88        0xc c:/program files (x86)/cypress/psoc creator/4.4/psoc creator/import/gnu/arm/5.4.1/bin/../lib/gcc/arm-none-eabi/5.4.1/../../../../arm-none-eabi/lib/armv7-m\libg_nano.a(lib_a-errno.o)
                0x00000b88                __errno
 .text.__libc_init_array
                0x00000b94       0x4c c:/program files (x86)/cypress/psoc creator/4.4/psoc creator/import/gnu/arm/5.4.1/bin/../lib/gcc/arm-none-eabi/5.4.1/../../../../arm-none-eabi/lib/armv7-m\libg_nano.a(lib_a-init.o)
                0x00000b94                __libc_init_array
 .text.memcpy   0x00000be0       0x16 c:/program files (x86)/cypress/psoc creator/4.4/psoc creator/import/gnu/arm/5.4.1/bin/../lib/gcc/arm-none-eabi/5.4.1/../../../../arm-none-eabi/lib/armv7-m\libg_nano.a(lib_a-memcpy-stub.o)
                0x00000be0                memcpy
 .text.memset   0x00000bf6       0x10 c:/program files (x86)/cypress/psoc creator/4.4/psoc creator/import/gnu/arm/5.4.1/bin/../lib/gcc/arm-none-eabi/5.4.1/../../../../arm-none-eabi/lib/armv7-m\libg_nano.a(lib_a-memset.o)
                0x00000bf6                memset
 *fill*         0x00000c06        0x2 
 .text.snprintf
                0x00000c08       0x64 c:/program files (x86)/cypress/psoc creator/4.4/psoc creator/import/gnu/arm/5.4.1/bin/../lib/gcc/arm-none-eabi/5.4.1/../../../../arm-none-eabi/lib/armv7-m\libg_nano.a(lib_a-snprintf.o)
                0x00000c08                sniprintf
                0x00000c08                snprintf
 .text.__ssputs_r
                0x00000c6c       0xb2 c:/program files (x86)/cypress/psoc creator/4.4/psoc creator/import/gnu/arm/5.4.1/bin/../lib/gcc/arm-none-eabi/5.4.1/../../../../arm-none-eabi/lib/armv7-m\libg_nano.a(lib_a-nano-svfprintf.o)
                0x00000c6c                __ssputs_r
 *fill*         0x00000d1e        0x2 
 .text._svfprintf_r
                0x00000d20      0x1e8 c:/program files (x86)/cypress/psoc creator/4.4/psoc creator/import/gnu/arm/5.4.1/bin/../lib/gcc/arm-none-eabi/5.4.1/../../../../arm-none-eabi/lib/armv7-m\libg_nano.a(lib_a-nano-svfprintf.o)
                0x00000d20                _svfiprintf_r
                0x00000d20                _svfprintf_r
 .text._printf_common
                0x00000f08       0xec c:/program files (x86)/cypress/psoc creator/4.4/psoc creator/import/gnu/arm/5.4.1/bin/../lib/gcc/arm-none-eabi/5.4.1/../../../../arm-none-eabi/lib/armv7-m\libg_nano.a(lib_a-nano-vfprintf_i.o)
                0x00000f08                _printf_common
 .text._printf_i
                0x00000ff4      0x24c c:/program files (x86)/cypress/psoc creator/4.4/psoc creator/import/gnu/arm/5.4.1/bin/../lib/gcc/arm-none-eabi/5.4.1/../../../../arm-none-eabi/lib/armv7-m\libg_nano.a(lib_a-nano-vfprintf_i.o)
                0x00000ff4                _printf_i
 .text.memchr   0x00001240       0x1c c:/program files (x86)/cypress/psoc creator/4.4/psoc creator/import/gnu/arm/5.4.1/bin/../lib/gcc/arm-none-eabi/5.4.1/../../../../arm-none-eabi/lib/armv7-m\libg_nano.a(lib_a-memchr-stub.o)
                0x00001240                memchr
 .text.memmove  0x0000125c       0x36 c:/program files (x86)/cypress/psoc creator/4.4/psoc creator/import/gnu/arm/5.4.1/bin/../lib/gcc/arm-none-eabi/5.4.1/../../../../arm-none-eabi/lib/armv7-m\libg_nano.a(lib_a-memmove.o)
                0x0000125c                memmove
 *fill*         0x00001292        0x2 
 .text._free_r  0x00001294       0x98 c:/program files (x86)/cypress/psoc creator/4.4/psoc creator/import/gnu/arm/5.4.1/bin/../lib/gcc/arm-none-eabi/5.4.1/../../../../arm-none-eabi/lib/armv7-m\libg_nano.a(lib_a-nano-freer.o)
                0x00001294                _free_r
 .text._malloc_r
                0x0000132c       0xbc c:/program files (x86)/cypress/psoc creator/4.4/psoc creator/import/gnu/arm/5.4.1/bin/../lib/gcc/arm-none-eabi/5.4.1/../../../../arm-none-eabi/lib/armv7-m\libg_nano.a(lib_a-nano-mallocr.o)
                0x0000132c                _malloc_r
 .text._realloc_r
                0x000013e8       0x4c c:/program files (x86)/cypress/psoc creator/4.4/psoc creator/import/gnu/arm/5.4.1/bin/../lib/gcc/arm-none-eabi/5.4.1/../../../../arm-none-eabi/lib/armv7-m\libg_nano.a(lib_a-nano-reallocr.o)
                0x000013e8                _realloc_r
 .text._sbrk_r  0x00001434       0x20 c:/program files (x86)/cypress/psoc creator/4.4/psoc creator/import/gnu/arm/5.4.1/bin/../lib/gcc/arm-none-eabi/5.4.1/../../../../arm-none-eabi/lib/armv7-m\libg_nano.a(lib_a-sbrkr.o)
                0x00001434                _sbrk_r
 .text.__malloc_lock
                0x00001454        0x2 c:/program files (x86)/cypress/psoc creator/4.4/psoc creator/import/gnu/arm/5.4.1/bin/../lib/gcc/arm-none-eabi/5.4.1/../../../../arm-none-eabi/lib/armv7-m\libg_nano.a(lib_a-mlock.o)
                0x00001454                __malloc_lock
 .text.__malloc_unlock
                0x00001456        0x2 c:/program files (x86)/cypress/psoc creator/4.4/psoc creator/import/gnu/arm/5.4.1/bin/../lib/gcc/arm-none-eabi/5.4.1/../../../../arm-none-eabi/lib/armv7-m\libg_nano.a(lib_a-mlock.o)
                0x00001456                __malloc_unlock
 .text._malloc_usable_size_r
                0x00001458       0x14 c:/program files (x86)/cypress/psoc creator/4.4/psoc creator/import/gnu/arm/5.4.1/bin/../lib/gcc/arm-none-eabi/5.4.1/../../../../arm-none-eabi/lib/armv7-m\libg_nano.a(lib_a-nano-msizer.o)
                0x00001458                _malloc_usable_size_r
 *(.plt)
 *(.gnu.warning)
 *(.glue_7t)
 .glue_7t       0x0000146c        0x0 linker stubs
 *(.glue_7)
 .glue_7        0x0000146c        0x0 linker stubs
 *(.vfp11_veneer)
 .vfp11_veneer  0x0000146c        0x0 linker stubs
 *(.bootloader)
 *(.ARM.extab* .gnu.linkonce.armextab.*)
 *(.gcc_except_table)

.v4_bx          0x0000146c        0x0
 .v4_bx         0x0000146c        0x0 linker stubs

.iplt           0x0000146c        0x0
 .iplt          0x0000146c        0x0 c:/program files (x86)/cypress/psoc creator/4.4/psoc creator/import/gnu/arm/5.4.1/bin/../lib/gcc/arm-none-eabi/5.4.1/armv7-m/crtbegin.o

.eh_frame_hdr
 *(.eh_frame_hdr)

.eh_frame       0x0000146c        0x4
 *(.eh_frame)
 .eh_frame      0x0000146c        0x0 c:/program files (x86)/cypress/psoc creator/4.4/psoc creator/import/gnu/arm/5.4.1/bin/../lib/gcc/arm-none-eabi/5.4.1/armv7-m/crtbegin.o
 .eh_frame      0x0000146c        0x4 c:/program files (x86)/cypress/psoc creator/4.4/psoc creator/import/gnu/arm/5.4.1/bin/../lib/gcc/arm-none-eabi/5.4.1/armv7-m/crtend.o
                [!provide]                PROVIDE (__exidx_start, .)

.ARM.exidx
 *(.ARM.exidx* .gnu.linkonce.armexidx.*)
                0x00001470                __exidx_end = .

.rodata         0x00001470       0xf8
 *(.rodata .rodata.* .gnu.linkonce.r.*)
 .rodata.str1.4
                0x00001470       0x58 .\CortexM3\ARM_GCC_541\Debug\main.o
                                 0x56 (size before relaxing)
 .rodata        0x000014c8       0x30 .\CortexM3\ARM_GCC_541\Debug\cyfitter_cfg.o
 .rodata.str1.1
                0x000014f8        0x2 c:/program files (x86)/cypress/psoc creator/4.4/psoc creator/import/gnu/arm/5.4.1/bin/../lib/gcc/arm-none-eabi/5.4.1/../../../../arm-none-eabi/lib/armv7-m\libg_nano.a(lib_a-impure.o)
 .rodata.str1.1
                0x000014fa       0x11 c:/program files (x86)/cypress/psoc creator/4.4/psoc creator/import/gnu/arm/5.4.1/bin/../lib/gcc/arm-none-eabi/5.4.1/../../../../arm-none-eabi/lib/armv7-m\libg_nano.a(lib_a-nano-svfprintf.o)
 .rodata.str1.1
                0x0000150b       0x22 c:/program files (x86)/cypress/psoc creator/4.4/psoc creator/import/gnu/arm/5.4.1/bin/../lib/gcc/arm-none-eabi/5.4.1/../../../../arm-none-eabi/lib/armv7-m\libg_nano.a(lib_a-nano-vfprintf_i.o)
                0x00001530                . = ALIGN (0x4)
 *fill*         0x0000152d        0x3 
 *(.init)
 .init          0x00001530        0x4 c:/program files (x86)/cypress/psoc creator/4.4/psoc creator/import/gnu/arm/5.4.1/bin/../lib/gcc/arm-none-eabi/5.4.1/armv7-m/crti.o
                0x00001530                _init
 .init          0x00001534        0x8 c:/program files (x86)/cypress/psoc creator/4.4/psoc creator/import/gnu/arm/5.4.1/bin/../lib/gcc/arm-none-eabi/5.4.1/armv7-m/crtn.o
                0x0000153c                . = ALIGN (0x4)
                0x0000153c                __preinit_array_start = .
 *(.preinit_array)
                0x0000153c                __preinit_array_end = .
                0x0000153c                . = ALIGN (0x4)
                0x0000153c                __init_array_start = .
 *(SORT(.init_array.*))
 *(.init_array)
 .init_array    0x0000153c        0x4 c:/program files (x86)/cypress/psoc creator/4.4/psoc creator/import/gnu/arm/5.4.1/bin/../lib/gcc/arm-none-eabi/5.4.1/armv7-m/crtbegin.o
 .init_array    0x00001540        0x4 .\CortexM3\ARM_GCC_541\Debug\Cm3Start.o
                0x00001544                __init_array_end = .
                0x00001544                . = ALIGN (0x4)
 *(.fini)
 .fini          0x00001544        0x4 c:/program files (x86)/cypress/psoc creator/4.4/psoc creator/import/gnu/arm/5.4.1/bin/../lib/gcc/arm-none-eabi/5.4.1/armv7-m/crti.o
                0x00001544                _fini
 .fini          0x00001548        0x8 c:/program files (x86)/cypress/psoc creator/4.4/psoc creator/import/gnu/arm/5.4.1/bin/../lib/gcc/arm-none-eabi/5.4.1/armv7-m/crtn.o
                0x00001550                . = ALIGN (0x4)
                0x00001550                __fini_array_start = .
 *(.fini_array)
 .fini_array    0x00001550        0x4 c:/program files (x86)/cypress/psoc creator/4.4/psoc creator/import/gnu/arm/5.4.1/bin/../lib/gcc/arm-none-eabi/5.4.1/armv7-m/crtbegin.o
 *(SORT(.fini_array.*))
                0x00001554                __fini_array_end = .
                0x00001554                . = ALIGN (0x4)
 *crtbegin.o(.ctors)
 *(EXCLUDE_FILE(*crtend.o) .ctors)
 *(SORT(.ctors.*))
 *crtend.o(.ctors)
                0x00001554                . = ALIGN (0x4)
 *crtbegin.o(.dtors)
 *(EXCLUDE_FILE(*crtend.o) .dtors)
 *(SORT(.dtors.*))
 *crtend.o(.dtors)
                0x00001554                . = ALIGN (0x4)
                0x00001554                __cy_regions = .
                0x00001554        0x4 LONG 0x1568 __cy_region_init_ram
                0x00001558        0x4 LONG 0x1fff80c8 __cy_region_start_data
                0x0000155c        0x4 LONG 0xf8 __cy_region_init_size_ram
                0x00001560        0x4 LONG 0x48 __cy_region_zero_size_ram
                0x00001564                __cy_regions_end = .
                0x00001568                . = ALIGN (0x8)
 *fill*         0x00001564        0x4 
                0x00001568                _etext = .

.cy_checksum_exclude
                0x00001568        0x0
 *(.cy_checksum_exclude)

.ramvectors     0x1fff8000       0xc0
                0x1fff8000                __cy_region_start_ram = .
 *(.ramvectors)
 .ramvectors    0x1fff8000       0xc0 .\CortexM3\ARM_GCC_541\Debug\Cm3Start.o
                0x1fff8000                CyRamVectors

.noinit         0x1fff80c0        0x1
 *(.noinit)
 .noinit        0x1fff80c0        0x1 .\CortexM3\ARM_GCC_541\Debug\StepperMotorDriver.a(CyLib.o)
                0x1fff80c0                CyResetStatus

.data           0x1fff80c8       0xf8 load address 0x00001568
                0x1fff80c8                __cy_region_start_data = .
 *(.jcr)
 .jcr           0x1fff80c8        0x0 c:/program files (x86)/cypress/psoc creator/4.4/psoc creator/import/gnu/arm/5.4.1/bin/../lib/gcc/arm-none-eabi/5.4.1/armv7-m/crtbegin.o
 .jcr           0x1fff80c8        0x4 c:/program files (x86)/cypress/psoc creator/4.4/psoc creator/import/gnu/arm/5.4.1/bin/../lib/gcc/arm-none-eabi/5.4.1/armv7-m/crtend.o
 *(.got.plt)
 *(.got)
 *(.shdata)
 *(.data .data.* .gnu.linkonce.d.*)
 .data          0x1fff80cc       0x88 .\CortexM3\ARM_GCC_541\Debug\StepperMotorDriver.o
 .data          0x1fff8154        0x4 .\CortexM3\ARM_GCC_541\Debug\Cm3Start.o
 .data.impure_data
                0x1fff8158       0x60 c:/program files (x86)/cypress/psoc creator/4.4/psoc creator/import/gnu/arm/5.4.1/bin/../lib/gcc/arm-none-eabi/5.4.1/../../../../arm-none-eabi/lib/armv7-m\libg_nano.a(lib_a-impure.o)
 .data._impure_ptr
                0x1fff81b8        0x4 c:/program files (x86)/cypress/psoc creator/4.4/psoc creator/import/gnu/arm/5.4.1/bin/../lib/gcc/arm-none-eabi/5.4.1/../../../../arm-none-eabi/lib/armv7-m\libg_nano.a(lib_a-impure.o)
                0x1fff81b8                _impure_ptr
                0x1fff81c0                . = ALIGN (0x8)
 *fill*         0x1fff81bc        0x4 
 *(.ram)
                0x1fff81c0                _edata = .

.igot.plt       0x1fff81c0        0x0 load address 0x00001660
 .igot.plt      0x1fff81c0        0x0 c:/program files (x86)/cypress/psoc creator/4.4/psoc creator/import/gnu/arm/5.4.1/bin/../lib/gcc/arm-none-eabi/5.4.1/armv7-m/crtbegin.o

.bss            0x1fff81c0       0x48 load address 0x00001660
                0x1fff81c0                PROVIDE (__bss_start__, .)
 *(.shbss)
 *(.bss .bss.* .gnu.linkonce.b.*)
 .bss           0x1fff81c0       0x1c c:/program files (x86)/cypress/psoc creator/4.4/psoc creator/import/gnu/arm/5.4.1/bin/../lib/gcc/arm-none-eabi/5.4.1/armv7-m/crtbegin.o
 .bss           0x1fff81dc       0x18 .\CortexM3\ARM_GCC_541\Debug\StepperMotorDriver.o
 .bss           0x1fff81f4        0x2 .\CortexM3\ARM_GCC_541\Debug\StepperMotorDriver.a(UART_1.o)
                0x1fff81f4                UART_1_initVar
 .bss           0x1fff81f6        0x1 .\CortexM3\ARM_GCC_541\Debug\StepperMotorDriver.a(SPIS_1.o)
                0x1fff81f6                SPIS_1_initVar
 *fill*         0x1fff81f7        0x1 
 .bss.__malloc_sbrk_start
                0x1fff81f8        0x4 c:/program files (x86)/cypress/psoc creator/4.4/psoc creator/import/gnu/arm/5.4.1/bin/../lib/gcc/arm-none-eabi/5.4.1/../../../../arm-none-eabi/lib/armv7-m\libg_nano.a(lib_a-nano-mallocr.o)
                0x1fff81f8                __malloc_sbrk_start
 .bss.__malloc_free_list
                0x1fff81fc        0x4 c:/program files (x86)/cypress/psoc creator/4.4/psoc creator/import/gnu/arm/5.4.1/bin/../lib/gcc/arm-none-eabi/5.4.1/../../../../arm-none-eabi/lib/armv7-m\libg_nano.a(lib_a-nano-mallocr.o)
                0x1fff81fc                __malloc_free_list
 *(COMMON)
 COMMON         0x1fff8200        0x4 c:/program files (x86)/cypress/psoc creator/4.4/psoc creator/import/gnu/arm/5.4.1/bin/../lib/gcc/arm-none-eabi/5.4.1/../../../../arm-none-eabi/lib/armv7-m\libg_nano.a(lib_a-reent.o)
                0x1fff8200                errno
                0x1fff8208                . = ALIGN (0x8)
 *fill*         0x1fff8204        0x4 
 *(.ram.b)
                0x1fff8208                _end = .
                0x1fff8208                __end = .
                0x1fff8208                PROVIDE (end, .)
                0x1fff8208                PROVIDE (__bss_end__, .)
                0x00001568                __cy_region_init_ram = LOADADDR (.data)
                0x000000f8                __cy_region_init_size_ram = (_edata - ADDR (.data))
                0x00000048                __cy_region_zero_size_ram = (_end - _edata)

.heap           0x1fff8208       0x80 load address 0x00001660
                0x1fff8208                . = _end
                0x1fff8288                . = (. + 0x80)
 *fill*         0x1fff8208       0x80 
                0x1fff8288                __cy_heap_limit = .

.stack          0x20007800      0x800
                0x20007800                __cy_stack_limit = .
                0x20008000                . = (. + 0x800)
 *fill*         0x20007800      0x800 
                0x00000001                ASSERT ((__cy_stack_limit >= __cy_heap_limit), region RAM overflowed with stack)
                0x00000000                cy_checksum_exclude_size = (CY_APPL_LOADABLE == 0x1)?SIZEOF (.cy_checksum_exclude):0x0
                0x00000001                ASSERT ((cy_checksum_exclude_size <= CY_CHECKSUM_EXCLUDE_SIZE), CY_BOOT: Section .cy_checksum_exclude size exceedes specified limit.)

.cyloadermeta
 *(.cyloadermeta)

.cyloadablemeta
 *(.cyloadablemeta)

.cyconfigecc    0x80000000      0x5c8
 *(.cyconfigecc)
 .cyconfigecc   0x80000000      0x5c8 .\CortexM3\ARM_GCC_541\Debug\cymetadata.o
                0x80000000                cy_meta_configecc

.cycustnvl      0x90000000        0x4
 *(.cycustnvl)
 .cycustnvl     0x90000000        0x4 .\CortexM3\ARM_GCC_541\Debug\cymetadata.o
                0x90000000                cy_meta_custnvl

.cywolatch      0x90100000        0x4
 *(.cywolatch)
 .cywolatch     0x90100000        0x4 .\CortexM3\ARM_GCC_541\Debug\cymetadata.o
                0x90100000                cy_meta_wonvl

.cyeeprom       0x90200000        0x0
 *(.cyeeprom)
                0x00000001                ASSERT ((. <= ((0x90200000 + ee_offset) + ee_size)), .cyeeprom data will not fit in EEPROM)

.cyflashprotect
                0x90400000      0x100
 *(.cyflashprotect)
 .cyflashprotect
                0x90400000      0x100 .\CortexM3\ARM_GCC_541\Debug\cymetadata.o
                0x90400000                cy_meta_flashprotect

.cymeta         0x90500000        0xc
 *(.cymeta)
 .cymeta        0x90500000        0xc .\CortexM3\ARM_GCC_541\Debug\cymetadata.o
                0x90500000                cy_metadata

.rel.dyn        0x00001660        0x0 load address 0x9050000c
 .rel.iplt      0x00001660        0x0 c:/program files (x86)/cypress/psoc creator/4.4/psoc creator/import/gnu/arm/5.4.1/bin/../lib/gcc/arm-none-eabi/5.4.1/armv7-m/crtbegin.o

.stab
 *(.stab)

.stabstr
 *(.stabstr)

.debug
 *(.debug)

.line
 *(.line)

.debug_srcinfo
 *(.debug_srcinfo)

.debug_sfnames
 *(.debug_sfnames)

.debug_aranges  0x00000000      0xb90
 *(.debug_aranges)
 .debug_aranges
                0x00000000       0x20 .\CortexM3\ARM_GCC_541\Debug\main.o
 .debug_aranges
                0x00000020       0x78 .\CortexM3\ARM_GCC_541\Debug\StepperMotorDriver.o
 .debug_aranges
                0x00000098       0x58 .\CortexM3\ARM_GCC_541\Debug\cyfitter_cfg.o
 .debug_aranges
                0x000000f0       0x18 .\CortexM3\ARM_GCC_541\Debug\cymetadata.o
 .debug_aranges
                0x00000108       0x48 .\CortexM3\ARM_GCC_541\Debug\Cm3Start.o
 .debug_aranges
                0x00000150       0xf0 .\CortexM3\ARM_GCC_541\Debug\StepperMotorDriver.a(UART_1.o)
 .debug_aranges
                0x00000240       0x70 .\CortexM3\ARM_GCC_541\Debug\StepperMotorDriver.a(UART_1_IntClock.o)
 .debug_aranges
                0x000002b0      0x2a0 .\CortexM3\ARM_GCC_541\Debug\StepperMotorDriver.a(CyLib.o)
 .debug_aranges
                0x00000550       0x98 .\CortexM3\ARM_GCC_541\Debug\StepperMotorDriver.a(cyPm.o)
 .debug_aranges
                0x000005e8       0x38 .\CortexM3\ARM_GCC_541\Debug\StepperMotorDriver.a(Azimuth_Pin_1.o)
 .debug_aranges
                0x00000620       0x38 .\CortexM3\ARM_GCC_541\Debug\StepperMotorDriver.a(Azimuth_Pin_4.o)
 .debug_aranges
                0x00000658       0x38 .\CortexM3\ARM_GCC_541\Debug\StepperMotorDriver.a(Azimuth_Pin_3.o)
 .debug_aranges
                0x00000690       0x38 .\CortexM3\ARM_GCC_541\Debug\StepperMotorDriver.a(Azimuth_Pin_2.o)
 .debug_aranges
                0x000006c8       0x38 .\CortexM3\ARM_GCC_541\Debug\StepperMotorDriver.a(Limit_Up.o)
 .debug_aranges
                0x00000700       0x38 .\CortexM3\ARM_GCC_541\Debug\StepperMotorDriver.a(Limit_Down.o)
 .debug_aranges
                0x00000738       0x38 .\CortexM3\ARM_GCC_541\Debug\StepperMotorDriver.a(Limit_Right.o)
 .debug_aranges
                0x00000770       0x38 .\CortexM3\ARM_GCC_541\Debug\StepperMotorDriver.a(Limit_Left.o)
 .debug_aranges
                0x000007a8       0x38 .\CortexM3\ARM_GCC_541\Debug\StepperMotorDriver.a(Elevation_Pin_1.o)
 .debug_aranges
                0x000007e0       0x38 .\CortexM3\ARM_GCC_541\Debug\StepperMotorDriver.a(Elevation_Pin_2.o)
 .debug_aranges
                0x00000818       0x38 .\CortexM3\ARM_GCC_541\Debug\StepperMotorDriver.a(Elevation_Pin_3.o)
 .debug_aranges
                0x00000850       0x38 .\CortexM3\ARM_GCC_541\Debug\StepperMotorDriver.a(Elevation_Pin_4.o)
 .debug_aranges
                0x00000888       0x80 .\CortexM3\ARM_GCC_541\Debug\StepperMotorDriver.a(isr_uart_rx.o)
 .debug_aranges
                0x00000908       0x80 .\CortexM3\ARM_GCC_541\Debug\StepperMotorDriver.a(isr_motor.o)
 .debug_aranges
                0x00000988       0xe0 .\CortexM3\ARM_GCC_541\Debug\StepperMotorDriver.a(SPIS_1.o)
 .debug_aranges
                0x00000a68       0x20 .\CortexM3\ARM_GCC_541\Debug\StepperMotorDriver.a(CyBootAsmGnu.o)
 .debug_aranges
                0x00000a88       0x88 .\CortexM3\ARM_GCC_541\Debug\StepperMotorDriver.a(CyFlash.o)
 .debug_aranges
                0x00000b10       0x80 .\CortexM3\ARM_GCC_541\Debug\StepperMotorDriver.a(CySpc.o)

.debug_pubnames
 *(.debug_pubnames)

.debug_info     0x00000000     0x5c4a
 *(.debug_info .gnu.linkonce.wi.*)
 .debug_info    0x00000000      0x2da .\CortexM3\ARM_GCC_541\Debug\main.o
 .debug_info    0x000002da      0x55f .\CortexM3\ARM_GCC_541\Debug\StepperMotorDriver.o
 .debug_info    0x00000839      0x4ee .\CortexM3\ARM_GCC_541\Debug\cyfitter_cfg.o
 .debug_info    0x00000d27      0x137 .\CortexM3\ARM_GCC_541\Debug\cymetadata.o
 .debug_info    0x00000e5e      0x3bb .\CortexM3\ARM_GCC_541\Debug\Cm3Start.o
 .debug_info    0x00001219      0x60c .\CortexM3\ARM_GCC_541\Debug\StepperMotorDriver.a(UART_1.o)
 .debug_info    0x00001825      0x283 .\CortexM3\ARM_GCC_541\Debug\StepperMotorDriver.a(UART_1_IntClock.o)
 .debug_info    0x00001aa8     0x1374 .\CortexM3\ARM_GCC_541\Debug\StepperMotorDriver.a(CyLib.o)
 .debug_info    0x00002e1c      0xa2a .\CortexM3\ARM_GCC_541\Debug\StepperMotorDriver.a(cyPm.o)
 .debug_info    0x00003846      0x11f .\CortexM3\ARM_GCC_541\Debug\StepperMotorDriver.a(Azimuth_Pin_1.o)
 .debug_info    0x00003965      0x11f .\CortexM3\ARM_GCC_541\Debug\StepperMotorDriver.a(Azimuth_Pin_4.o)
 .debug_info    0x00003a84      0x11f .\CortexM3\ARM_GCC_541\Debug\StepperMotorDriver.a(Azimuth_Pin_3.o)
 .debug_info    0x00003ba3      0x11f .\CortexM3\ARM_GCC_541\Debug\StepperMotorDriver.a(Azimuth_Pin_2.o)
 .debug_info    0x00003cc2      0x11f .\CortexM3\ARM_GCC_541\Debug\StepperMotorDriver.a(Limit_Up.o)
 .debug_info    0x00003de1      0x11f .\CortexM3\ARM_GCC_541\Debug\StepperMotorDriver.a(Limit_Down.o)
 .debug_info    0x00003f00      0x11f .\CortexM3\ARM_GCC_541\Debug\StepperMotorDriver.a(Limit_Right.o)
 .debug_info    0x0000401f      0x11f .\CortexM3\ARM_GCC_541\Debug\StepperMotorDriver.a(Limit_Left.o)
 .debug_info    0x0000413e      0x11f .\CortexM3\ARM_GCC_541\Debug\StepperMotorDriver.a(Elevation_Pin_1.o)
 .debug_info    0x0000425d      0x11f .\CortexM3\ARM_GCC_541\Debug\StepperMotorDriver.a(Elevation_Pin_2.o)
 .debug_info    0x0000437c      0x11f .\CortexM3\ARM_GCC_541\Debug\StepperMotorDriver.a(Elevation_Pin_3.o)
 .debug_info    0x0000449b      0x11f .\CortexM3\ARM_GCC_541\Debug\StepperMotorDriver.a(Elevation_Pin_4.o)
 .debug_info    0x000045ba      0x2d2 .\CortexM3\ARM_GCC_541\Debug\StepperMotorDriver.a(isr_uart_rx.o)
 .debug_info    0x0000488c      0x2d2 .\CortexM3\ARM_GCC_541\Debug\StepperMotorDriver.a(isr_motor.o)
 .debug_info    0x00004b5e      0x4b9 .\CortexM3\ARM_GCC_541\Debug\StepperMotorDriver.a(SPIS_1.o)
 .debug_info    0x00005017       0x96 .\CortexM3\ARM_GCC_541\Debug\StepperMotorDriver.a(CyBootAsmGnu.o)
 .debug_info    0x000050ad      0x64d .\CortexM3\ARM_GCC_541\Debug\StepperMotorDriver.a(CyFlash.o)
 .debug_info    0x000056fa      0x550 .\CortexM3\ARM_GCC_541\Debug\StepperMotorDriver.a(CySpc.o)

.debug_abbrev   0x00000000     0x1b6f
 *(.debug_abbrev)
 .debug_abbrev  0x00000000       0xe9 .\CortexM3\ARM_GCC_541\Debug\main.o
 .debug_abbrev  0x000000e9      0x141 .\CortexM3\ARM_GCC_541\Debug\StepperMotorDriver.o
 .debug_abbrev  0x0000022a      0x1fe .\CortexM3\ARM_GCC_541\Debug\cyfitter_cfg.o
 .debug_abbrev  0x00000428       0x77 .\CortexM3\ARM_GCC_541\Debug\cymetadata.o
 .debug_abbrev  0x0000049f      0x1e8 .\CortexM3\ARM_GCC_541\Debug\Cm3Start.o
 .debug_abbrev  0x00000687      0x175 .\CortexM3\ARM_GCC_541\Debug\StepperMotorDriver.a(UART_1.o)
 .debug_abbrev  0x000007fc      0x139 .\CortexM3\ARM_GCC_541\Debug\StepperMotorDriver.a(UART_1_IntClock.o)
 .debug_abbrev  0x00000935      0x254 .\CortexM3\ARM_GCC_541\Debug\StepperMotorDriver.a(CyLib.o)
 .debug_abbrev  0x00000b89      0x1ab .\CortexM3\ARM_GCC_541\Debug\StepperMotorDriver.a(cyPm.o)
 .debug_abbrev  0x00000d34       0x90 .\CortexM3\ARM_GCC_541\Debug\StepperMotorDriver.a(Azimuth_Pin_1.o)
 .debug_abbrev  0x00000dc4       0x90 .\CortexM3\ARM_GCC_541\Debug\StepperMotorDriver.a(Azimuth_Pin_4.o)
 .debug_abbrev  0x00000e54       0x90 .\CortexM3\ARM_GCC_541\Debug\StepperMotorDriver.a(Azimuth_Pin_3.o)
 .debug_abbrev  0x00000ee4       0x90 .\CortexM3\ARM_GCC_541\Debug\StepperMotorDriver.a(Azimuth_Pin_2.o)
 .debug_abbrev  0x00000f74       0x90 .\CortexM3\ARM_GCC_541\Debug\StepperMotorDriver.a(Limit_Up.o)
 .debug_abbrev  0x00001004       0x90 .\CortexM3\ARM_GCC_541\Debug\StepperMotorDriver.a(Limit_Down.o)
 .debug_abbrev  0x00001094       0x90 .\CortexM3\ARM_GCC_541\Debug\StepperMotorDriver.a(Limit_Right.o)
 .debug_abbrev  0x00001124       0x90 .\CortexM3\ARM_GCC_541\Debug\StepperMotorDriver.a(Limit_Left.o)
 .debug_abbrev  0x000011b4       0x90 .\CortexM3\ARM_GCC_541\Debug\StepperMotorDriver.a(Elevation_Pin_1.o)
 .debug_abbrev  0x00001244       0x90 .\CortexM3\ARM_GCC_541\Debug\StepperMotorDriver.a(Elevation_Pin_2.o)
 .debug_abbrev  0x000012d4       0x90 .\CortexM3\ARM_GCC_541\Debug\StepperMotorDriver.a(Elevation_Pin_3.o)
 .debug_abbrev  0x00001364       0x90 .\CortexM3\ARM_GCC_541\Debug\StepperMotorDriver.a(Elevation_Pin_4.o)
 .debug_abbrev  0x000013f4      0x173 .\CortexM3\ARM_GCC_541\Debug\StepperMotorDriver.a(isr_uart_rx.o)
 .debug_abbrev  0x00001567      0x173 .\CortexM3\ARM_GCC_541\Debug\StepperMotorDriver.a(isr_motor.o)
 .debug_abbrev  0x000016da      0x146 .\CortexM3\ARM_GCC_541\Debug\StepperMotorDriver.a(SPIS_1.o)
 .debug_abbrev  0x00001820       0x14 .\CortexM3\ARM_GCC_541\Debug\StepperMotorDriver.a(CyBootAsmGnu.o)
 .debug_abbrev  0x00001834      0x1a7 .\CortexM3\ARM_GCC_541\Debug\StepperMotorDriver.a(CyFlash.o)
 .debug_abbrev  0x000019db      0x194 .\CortexM3\ARM_GCC_541\Debug\StepperMotorDriver.a(CySpc.o)

.debug_line     0x00000000     0x2b9a
 *(.debug_line)
 .debug_line    0x00000000      0x240 .\CortexM3\ARM_GCC_541\Debug\main.o
 .debug_line    0x00000240      0x388 .\CortexM3\ARM_GCC_541\Debug\StepperMotorDriver.o
 .debug_line    0x000005c8      0x1dc .\CortexM3\ARM_GCC_541\Debug\cyfitter_cfg.o
 .debug_line    0x000007a4      0x141 .\CortexM3\ARM_GCC_541\Debug\cymetadata.o
 .debug_line    0x000008e5      0x234 .\CortexM3\ARM_GCC_541\Debug\Cm3Start.o
 .debug_line    0x00000b19      0x2c0 .\CortexM3\ARM_GCC_541\Debug\StepperMotorDriver.a(UART_1.o)
 .debug_line    0x00000dd9      0x17e .\CortexM3\ARM_GCC_541\Debug\StepperMotorDriver.a(UART_1_IntClock.o)
 .debug_line    0x00000f57      0x816 .\CortexM3\ARM_GCC_541\Debug\StepperMotorDriver.a(CyLib.o)
 .debug_line    0x0000176d      0x367 .\CortexM3\ARM_GCC_541\Debug\StepperMotorDriver.a(cyPm.o)
 .debug_line    0x00001ad4       0x9a .\CortexM3\ARM_GCC_541\Debug\StepperMotorDriver.a(Azimuth_Pin_1.o)
 .debug_line    0x00001b6e       0x9a .\CortexM3\ARM_GCC_541\Debug\StepperMotorDriver.a(Azimuth_Pin_4.o)
 .debug_line    0x00001c08       0x9a .\CortexM3\ARM_GCC_541\Debug\StepperMotorDriver.a(Azimuth_Pin_3.o)
 .debug_line    0x00001ca2       0x9a .\CortexM3\ARM_GCC_541\Debug\StepperMotorDriver.a(Azimuth_Pin_2.o)
 .debug_line    0x00001d3c       0x95 .\CortexM3\ARM_GCC_541\Debug\StepperMotorDriver.a(Limit_Up.o)
 .debug_line    0x00001dd1       0x97 .\CortexM3\ARM_GCC_541\Debug\StepperMotorDriver.a(Limit_Down.o)
 .debug_line    0x00001e68       0x98 .\CortexM3\ARM_GCC_541\Debug\StepperMotorDriver.a(Limit_Right.o)
 .debug_line    0x00001f00       0x97 .\CortexM3\ARM_GCC_541\Debug\StepperMotorDriver.a(Limit_Left.o)
 .debug_line    0x00001f97       0x9c .\CortexM3\ARM_GCC_541\Debug\StepperMotorDriver.a(Elevation_Pin_1.o)
 .debug_line    0x00002033       0x9c .\CortexM3\ARM_GCC_541\Debug\StepperMotorDriver.a(Elevation_Pin_2.o)
 .debug_line    0x000020cf       0x9c .\CortexM3\ARM_GCC_541\Debug\StepperMotorDriver.a(Elevation_Pin_3.o)
 .debug_line    0x0000216b       0x9c .\CortexM3\ARM_GCC_541\Debug\StepperMotorDriver.a(Elevation_Pin_4.o)
 .debug_line    0x00002207      0x138 .\CortexM3\ARM_GCC_541\Debug\StepperMotorDriver.a(isr_uart_rx.o)
 .debug_line    0x0000233f      0x136 .\CortexM3\ARM_GCC_541\Debug\StepperMotorDriver.a(isr_motor.o)
 .debug_line    0x00002475      0x245 .\CortexM3\ARM_GCC_541\Debug\StepperMotorDriver.a(SPIS_1.o)
 .debug_line    0x000026ba       0x66 .\CortexM3\ARM_GCC_541\Debug\StepperMotorDriver.a(CyBootAsmGnu.o)
 .debug_line    0x00002720      0x21a .\CortexM3\ARM_GCC_541\Debug\StepperMotorDriver.a(CyFlash.o)
 .debug_line    0x0000293a      0x260 .\CortexM3\ARM_GCC_541\Debug\StepperMotorDriver.a(CySpc.o)

.debug_frame    0x00000000     0x1e34
 *(.debug_frame)
 .debug_frame   0x00000000       0x34 .\CortexM3\ARM_GCC_541\Debug\main.o
 .debug_frame   0x00000034      0x148 .\CortexM3\ARM_GCC_541\Debug\StepperMotorDriver.o
 .debug_frame   0x0000017c       0xe4 .\CortexM3\ARM_GCC_541\Debug\cyfitter_cfg.o
 .debug_frame   0x00000260       0xb8 .\CortexM3\ARM_GCC_541\Debug\Cm3Start.o
 .debug_frame   0x00000318      0x250 .\CortexM3\ARM_GCC_541\Debug\StepperMotorDriver.a(UART_1.o)
 .debug_frame   0x00000568       0xe0 .\CortexM3\ARM_GCC_541\Debug\StepperMotorDriver.a(UART_1_IntClock.o)
 .debug_frame   0x00000648      0x738 .\CortexM3\ARM_GCC_541\Debug\StepperMotorDriver.a(CyLib.o)
 .debug_frame   0x00000d80      0x1f8 .\CortexM3\ARM_GCC_541\Debug\StepperMotorDriver.a(cyPm.o)
 .debug_frame   0x00000f78       0x50 .\CortexM3\ARM_GCC_541\Debug\StepperMotorDriver.a(Azimuth_Pin_1.o)
 .debug_frame   0x00000fc8       0x50 .\CortexM3\ARM_GCC_541\Debug\StepperMotorDriver.a(Azimuth_Pin_4.o)
 .debug_frame   0x00001018       0x50 .\CortexM3\ARM_GCC_541\Debug\StepperMotorDriver.a(Azimuth_Pin_3.o)
 .debug_frame   0x00001068       0x50 .\CortexM3\ARM_GCC_541\Debug\StepperMotorDriver.a(Azimuth_Pin_2.o)
 .debug_frame   0x000010b8       0x50 .\CortexM3\ARM_GCC_541\Debug\StepperMotorDriver.a(Limit_Up.o)
 .debug_frame   0x00001108       0x50 .\CortexM3\ARM_GCC_541\Debug\StepperMotorDriver.a(Limit_Down.o)
 .debug_frame   0x00001158       0x50 .\CortexM3\ARM_GCC_541\Debug\StepperMotorDriver.a(Limit_Right.o)
 .debug_frame   0x000011a8       0x50 .\CortexM3\ARM_GCC_541\Debug\StepperMotorDriver.a(Limit_Left.o)
 .debug_frame   0x000011f8       0x50 .\CortexM3\ARM_GCC_541\Debug\StepperMotorDriver.a(Elevation_Pin_1.o)
 .debug_frame   0x00001248       0x50 .\CortexM3\ARM_GCC_541\Debug\StepperMotorDriver.a(Elevation_Pin_2.o)
 .debug_frame   0x00001298       0x50 .\CortexM3\ARM_GCC_541\Debug\StepperMotorDriver.a(Elevation_Pin_3.o)
 .debug_frame   0x000012e8       0x50 .\CortexM3\ARM_GCC_541\Debug\StepperMotorDriver.a(Elevation_Pin_4.o)
 .debug_frame   0x00001338      0x104 .\CortexM3\ARM_GCC_541\Debug\StepperMotorDriver.a(isr_uart_rx.o)
 .debug_frame   0x0000143c      0x104 .\CortexM3\ARM_GCC_541\Debug\StepperMotorDriver.a(isr_motor.o)
 .debug_frame   0x00001540      0x1f8 .\CortexM3\ARM_GCC_541\Debug\StepperMotorDriver.a(SPIS_1.o)
 .debug_frame   0x00001738      0x194 .\CortexM3\ARM_GCC_541\Debug\StepperMotorDriver.a(CyFlash.o)
 .debug_frame   0x000018cc      0x180 .\CortexM3\ARM_GCC_541\Debug\StepperMotorDriver.a(CySpc.o)
 .debug_frame   0x00001a4c       0x20 c:/program files (x86)/cypress/psoc creator/4.4/psoc creator/import/gnu/arm/5.4.1/bin/../lib/gcc/arm-none-eabi/5.4.1/../../../../arm-none-eabi/lib/armv7-m\libg_nano.a(lib_a-errno.o)
 .debug_frame   0x00001a6c       0x28 c:/program files (x86)/cypress/psoc creator/4.4/psoc creator/import/gnu/arm/5.4.1/bin/../lib/gcc/arm-none-eabi/5.4.1/../../../../arm-none-eabi/lib/armv7-m\libg_nano.a(lib_a-exit.o)
 .debug_frame   0x00001a94       0x2c c:/program files (x86)/cypress/psoc creator/4.4/psoc creator/import/gnu/arm/5.4.1/bin/../lib/gcc/arm-none-eabi/5.4.1/../../../../arm-none-eabi/lib/armv7-m\libg_nano.a(lib_a-init.o)
 .debug_frame   0x00001ac0       0x28 c:/program files (x86)/cypress/psoc creator/4.4/psoc creator/import/gnu/arm/5.4.1/bin/../lib/gcc/arm-none-eabi/5.4.1/../../../../arm-none-eabi/lib/armv7-m\libg_nano.a(lib_a-memcpy-stub.o)
 .debug_frame   0x00001ae8       0x20 c:/program files (x86)/cypress/psoc creator/4.4/psoc creator/import/gnu/arm/5.4.1/bin/../lib/gcc/arm-none-eabi/5.4.1/../../../../arm-none-eabi/lib/armv7-m\libg_nano.a(lib_a-memset.o)
 .debug_frame   0x00001b08       0x74 c:/program files (x86)/cypress/psoc creator/4.4/psoc creator/import/gnu/arm/5.4.1/bin/../lib/gcc/arm-none-eabi/5.4.1/../../../../arm-none-eabi/lib/armv7-m\libg_nano.a(lib_a-snprintf.o)
 .debug_frame   0x00001b7c       0x90 c:/program files (x86)/cypress/psoc creator/4.4/psoc creator/import/gnu/arm/5.4.1/bin/../lib/gcc/arm-none-eabi/5.4.1/../../../../arm-none-eabi/lib/armv7-m\libg_nano.a(lib_a-nano-svfprintf.o)
 .debug_frame   0x00001c0c       0x60 c:/program files (x86)/cypress/psoc creator/4.4/psoc creator/import/gnu/arm/5.4.1/bin/../lib/gcc/arm-none-eabi/5.4.1/../../../../arm-none-eabi/lib/armv7-m\libg_nano.a(lib_a-nano-vfprintf_i.o)
 .debug_frame   0x00001c6c       0x28 c:/program files (x86)/cypress/psoc creator/4.4/psoc creator/import/gnu/arm/5.4.1/bin/../lib/gcc/arm-none-eabi/5.4.1/../../../../arm-none-eabi/lib/armv7-m\libg_nano.a(lib_a-memchr-stub.o)
 .debug_frame   0x00001c94       0x28 c:/program files (x86)/cypress/psoc creator/4.4/psoc creator/import/gnu/arm/5.4.1/bin/../lib/gcc/arm-none-eabi/5.4.1/../../../../arm-none-eabi/lib/armv7-m\libg_nano.a(lib_a-memmove.o)
 .debug_frame   0x00001cbc       0x38 c:/program files (x86)/cypress/psoc creator/4.4/psoc creator/import/gnu/arm/5.4.1/bin/../lib/gcc/arm-none-eabi/5.4.1/../../../../arm-none-eabi/lib/armv7-m\libg_nano.a(lib_a-nano-freer.o)
 .debug_frame   0x00001cf4       0x2c c:/program files (x86)/cypress/psoc creator/4.4/psoc creator/import/gnu/arm/5.4.1/bin/../lib/gcc/arm-none-eabi/5.4.1/../../../../arm-none-eabi/lib/armv7-m\libg_nano.a(lib_a-nano-mallocr.o)
 .debug_frame   0x00001d20       0x3c c:/program files (x86)/cypress/psoc creator/4.4/psoc creator/import/gnu/arm/5.4.1/bin/../lib/gcc/arm-none-eabi/5.4.1/../../../../arm-none-eabi/lib/armv7-m\libg_nano.a(lib_a-nano-reallocr.o)
 .debug_frame   0x00001d5c       0x2c c:/program files (x86)/cypress/psoc creator/4.4/psoc creator/import/gnu/arm/5.4.1/bin/../lib/gcc/arm-none-eabi/5.4.1/../../../../arm-none-eabi/lib/armv7-m\libg_nano.a(lib_a-sbrkr.o)
 .debug_frame   0x00001d88       0x30 c:/program files (x86)/cypress/psoc creator/4.4/psoc creator/import/gnu/arm/5.4.1/bin/../lib/gcc/arm-none-eabi/5.4.1/../../../../arm-none-eabi/lib/armv7-m\libg_nano.a(lib_a-mlock.o)
 .debug_frame   0x00001db8       0x20 c:/program files (x86)/cypress/psoc creator/4.4/psoc creator/import/gnu/arm/5.4.1/bin/../lib/gcc/arm-none-eabi/5.4.1/../../../../arm-none-eabi/lib/armv7-m\libg_nano.a(lib_a-nano-msizer.o)
 .debug_frame   0x00001dd8       0x5c c:/program files (x86)/cypress/psoc creator/4.4/psoc creator/import/gnu/arm/5.4.1/bin/../lib/gcc/arm-none-eabi/5.4.1/../../../../arm-none-eabi/lib/armv7-m\libg_nano.a(lib_a-reent.o)

.debug_str      0x00000000     0x22f0
 *(.debug_str)
 .debug_str     0x00000000      0x24f .\CortexM3\ARM_GCC_541\Debug\main.o
                                0x29f (size before relaxing)
 .debug_str     0x0000024f      0x23d .\CortexM3\ARM_GCC_541\Debug\StepperMotorDriver.o
                                0x43b (size before relaxing)
 .debug_str     0x0000048c      0x187 .\CortexM3\ARM_GCC_541\Debug\cyfitter_cfg.o
                                0x315 (size before relaxing)
 .debug_str     0x00000613       0x75 .\CortexM3\ARM_GCC_541\Debug\cymetadata.o
                                0x1ea (size before relaxing)
 .debug_str     0x00000688      0x144 .\CortexM3\ARM_GCC_541\Debug\Cm3Start.o
                                0x310 (size before relaxing)
 .debug_str     0x000007cc      0x2d6 .\CortexM3\ARM_GCC_541\Debug\StepperMotorDriver.a(UART_1.o)
                                0x4b9 (size before relaxing)
 .debug_str     0x00000aa2      0x19d .\CortexM3\ARM_GCC_541\Debug\StepperMotorDriver.a(UART_1_IntClock.o)
                                0x354 (size before relaxing)
 .debug_str     0x00000c3f      0x821 .\CortexM3\ARM_GCC_541\Debug\StepperMotorDriver.a(CyLib.o)
                                0xa4d (size before relaxing)
 .debug_str     0x00001460      0x365 .\CortexM3\ARM_GCC_541\Debug\StepperMotorDriver.a(cyPm.o)
                                0x739 (size before relaxing)
 .debug_str     0x000017c5       0x67 .\CortexM3\ARM_GCC_541\Debug\StepperMotorDriver.a(Azimuth_Pin_1.o)
                                0x210 (size before relaxing)
 .debug_str     0x0000182c       0x5c .\CortexM3\ARM_GCC_541\Debug\StepperMotorDriver.a(Azimuth_Pin_4.o)
                                0x210 (size before relaxing)
 .debug_str     0x00001888       0x5c .\CortexM3\ARM_GCC_541\Debug\StepperMotorDriver.a(Azimuth_Pin_3.o)
                                0x210 (size before relaxing)
 .debug_str     0x000018e4       0x5c .\CortexM3\ARM_GCC_541\Debug\StepperMotorDriver.a(Azimuth_Pin_2.o)
                                0x210 (size before relaxing)
 .debug_str     0x00001940       0x5c .\CortexM3\ARM_GCC_541\Debug\StepperMotorDriver.a(Limit_Up.o)
                                0x1f7 (size before relaxing)
 .debug_str     0x0000199c       0x64 .\CortexM3\ARM_GCC_541\Debug\StepperMotorDriver.a(Limit_Down.o)
                                0x201 (size before relaxing)
 .debug_str     0x00001a00       0x68 .\CortexM3\ARM_GCC_541\Debug\StepperMotorDriver.a(Limit_Right.o)
                                0x206 (size before relaxing)
 .debug_str     0x00001a68       0x64 .\CortexM3\ARM_GCC_541\Debug\StepperMotorDriver.a(Limit_Left.o)
                                0x201 (size before relaxing)
 .debug_str     0x00001acc       0x62 .\CortexM3\ARM_GCC_541\Debug\StepperMotorDriver.a(Elevation_Pin_1.o)
                                0x21a (size before relaxing)
 .debug_str     0x00001b2e       0x62 .\CortexM3\ARM_GCC_541\Debug\StepperMotorDriver.a(Elevation_Pin_2.o)
                                0x21a (size before relaxing)
 .debug_str     0x00001b90       0x62 .\CortexM3\ARM_GCC_541\Debug\StepperMotorDriver.a(Elevation_Pin_3.o)
                                0x21a (size before relaxing)
 .debug_str     0x00001bf2       0x62 .\CortexM3\ARM_GCC_541\Debug\StepperMotorDriver.a(Elevation_Pin_4.o)
                                0x21a (size before relaxing)
 .debug_str     0x00001c54      0x126 .\CortexM3\ARM_GCC_541\Debug\StepperMotorDriver.a(isr_uart_rx.o)
                                0x300 (size before relaxing)
 .debug_str     0x00001d7a      0x10c .\CortexM3\ARM_GCC_541\Debug\StepperMotorDriver.a(isr_motor.o)
                                0x2e4 (size before relaxing)
 .debug_str     0x00001e86      0x20a .\CortexM3\ARM_GCC_541\Debug\StepperMotorDriver.a(SPIS_1.o)
                                0x445 (size before relaxing)
 .debug_str     0x00002090      0x1b4 .\CortexM3\ARM_GCC_541\Debug\StepperMotorDriver.a(CyFlash.o)
                                0x3c6 (size before relaxing)
 .debug_str     0x00002244       0xac .\CortexM3\ARM_GCC_541\Debug\StepperMotorDriver.a(CySpc.o)
                                0x33e (size before relaxing)

.debug_loc      0x00000000     0x2264
 *(.debug_loc)
 .debug_loc     0x00000000       0x13 .\CortexM3\ARM_GCC_541\Debug\main.o
 .debug_loc     0x00000013       0x4f .\CortexM3\ARM_GCC_541\Debug\StepperMotorDriver.o
 .debug_loc     0x00000062      0x1d7 .\CortexM3\ARM_GCC_541\Debug\cyfitter_cfg.o
 .debug_loc     0x00000239      0x144 .\CortexM3\ARM_GCC_541\Debug\Cm3Start.o
 .debug_loc     0x0000037d      0x258 .\CortexM3\ARM_GCC_541\Debug\StepperMotorDriver.a(UART_1.o)
 .debug_loc     0x000005d5      0x12c .\CortexM3\ARM_GCC_541\Debug\StepperMotorDriver.a(UART_1_IntClock.o)
 .debug_loc     0x00000701      0xa11 .\CortexM3\ARM_GCC_541\Debug\StepperMotorDriver.a(CyLib.o)
 .debug_loc     0x00001112      0x1e4 .\CortexM3\ARM_GCC_541\Debug\StepperMotorDriver.a(cyPm.o)
 .debug_loc     0x000012f6       0x42 .\CortexM3\ARM_GCC_541\Debug\StepperMotorDriver.a(Azimuth_Pin_1.o)
 .debug_loc     0x00001338       0x42 .\CortexM3\ARM_GCC_541\Debug\StepperMotorDriver.a(Azimuth_Pin_4.o)
 .debug_loc     0x0000137a       0x42 .\CortexM3\ARM_GCC_541\Debug\StepperMotorDriver.a(Azimuth_Pin_3.o)
 .debug_loc     0x000013bc       0x42 .\CortexM3\ARM_GCC_541\Debug\StepperMotorDriver.a(Azimuth_Pin_2.o)
 .debug_loc     0x000013fe       0x42 .\CortexM3\ARM_GCC_541\Debug\StepperMotorDriver.a(Limit_Up.o)
 .debug_loc     0x00001440       0x42 .\CortexM3\ARM_GCC_541\Debug\StepperMotorDriver.a(Limit_Down.o)
 .debug_loc     0x00001482       0x42 .\CortexM3\ARM_GCC_541\Debug\StepperMotorDriver.a(Limit_Right.o)
 .debug_loc     0x000014c4       0x42 .\CortexM3\ARM_GCC_541\Debug\StepperMotorDriver.a(Limit_Left.o)
 .debug_loc     0x00001506       0x42 .\CortexM3\ARM_GCC_541\Debug\StepperMotorDriver.a(Elevation_Pin_1.o)
 .debug_loc     0x00001548       0x42 .\CortexM3\ARM_GCC_541\Debug\StepperMotorDriver.a(Elevation_Pin_2.o)
 .debug_loc     0x0000158a       0x42 .\CortexM3\ARM_GCC_541\Debug\StepperMotorDriver.a(Elevation_Pin_3.o)
 .debug_loc     0x000015cc       0x42 .\CortexM3\ARM_GCC_541\Debug\StepperMotorDriver.a(Elevation_Pin_4.o)
 .debug_loc     0x0000160e       0x56 .\CortexM3\ARM_GCC_541\Debug\StepperMotorDriver.a(isr_uart_rx.o)
 .debug_loc     0x00001664       0x56 .\CortexM3\ARM_GCC_541\Debug\StepperMotorDriver.a(isr_motor.o)
 .debug_loc     0x000016ba       0xf3 .\CortexM3\ARM_GCC_541\Debug\StepperMotorDriver.a(SPIS_1.o)
 .debug_loc     0x000017ad      0x3b2 .\CortexM3\ARM_GCC_541\Debug\StepperMotorDriver.a(CyFlash.o)
 .debug_loc     0x00001b5f      0x705 .\CortexM3\ARM_GCC_541\Debug\StepperMotorDriver.a(CySpc.o)

.debug_macinfo
 *(.debug_macinfo)

.debug_ranges   0x00000000      0x9c8
 *(.debug_ranges)
 .debug_ranges  0x00000000       0x10 .\CortexM3\ARM_GCC_541\Debug\main.o
 .debug_ranges  0x00000010       0x68 .\CortexM3\ARM_GCC_541\Debug\StepperMotorDriver.o
 .debug_ranges  0x00000078       0x48 .\CortexM3\ARM_GCC_541\Debug\cyfitter_cfg.o
 .debug_ranges  0x000000c0       0x38 .\CortexM3\ARM_GCC_541\Debug\Cm3Start.o
 .debug_ranges  0x000000f8       0xe0 .\CortexM3\ARM_GCC_541\Debug\StepperMotorDriver.a(UART_1.o)
 .debug_ranges  0x000001d8       0x60 .\CortexM3\ARM_GCC_541\Debug\StepperMotorDriver.a(UART_1_IntClock.o)
 .debug_ranges  0x00000238      0x290 .\CortexM3\ARM_GCC_541\Debug\StepperMotorDriver.a(CyLib.o)
 .debug_ranges  0x000004c8       0x88 .\CortexM3\ARM_GCC_541\Debug\StepperMotorDriver.a(cyPm.o)
 .debug_ranges  0x00000550       0x28 .\CortexM3\ARM_GCC_541\Debug\StepperMotorDriver.a(Azimuth_Pin_1.o)
 .debug_ranges  0x00000578       0x28 .\CortexM3\ARM_GCC_541\Debug\StepperMotorDriver.a(Azimuth_Pin_4.o)
 .debug_ranges  0x000005a0       0x28 .\CortexM3\ARM_GCC_541\Debug\StepperMotorDriver.a(Azimuth_Pin_3.o)
 .debug_ranges  0x000005c8       0x28 .\CortexM3\ARM_GCC_541\Debug\StepperMotorDriver.a(Azimuth_Pin_2.o)
 .debug_ranges  0x000005f0       0x28 .\CortexM3\ARM_GCC_541\Debug\StepperMotorDriver.a(Limit_Up.o)
 .debug_ranges  0x00000618       0x28 .\CortexM3\ARM_GCC_541\Debug\StepperMotorDriver.a(Limit_Down.o)
 .debug_ranges  0x00000640       0x28 .\CortexM3\ARM_GCC_541\Debug\StepperMotorDriver.a(Limit_Right.o)
 .debug_ranges  0x00000668       0x28 .\CortexM3\ARM_GCC_541\Debug\StepperMotorDriver.a(Limit_Left.o)
 .debug_ranges  0x00000690       0x28 .\CortexM3\ARM_GCC_541\Debug\StepperMotorDriver.a(Elevation_Pin_1.o)
 .debug_ranges  0x000006b8       0x28 .\CortexM3\ARM_GCC_541\Debug\StepperMotorDriver.a(Elevation_Pin_2.o)
 .debug_ranges  0x000006e0       0x28 .\CortexM3\ARM_GCC_541\Debug\StepperMotorDriver.a(Elevation_Pin_3.o)
 .debug_ranges  0x00000708       0x28 .\CortexM3\ARM_GCC_541\Debug\StepperMotorDriver.a(Elevation_Pin_4.o)
 .debug_ranges  0x00000730       0x70 .\CortexM3\ARM_GCC_541\Debug\StepperMotorDriver.a(isr_uart_rx.o)
 .debug_ranges  0x000007a0       0x70 .\CortexM3\ARM_GCC_541\Debug\StepperMotorDriver.a(isr_motor.o)
 .debug_ranges  0x00000810       0xd0 .\CortexM3\ARM_GCC_541\Debug\StepperMotorDriver.a(SPIS_1.o)
 .debug_ranges  0x000008e0       0x78 .\CortexM3\ARM_GCC_541\Debug\StepperMotorDriver.a(CyFlash.o)
 .debug_ranges  0x00000958       0x70 .\CortexM3\ARM_GCC_541\Debug\StepperMotorDriver.a(CySpc.o)

.comment        0x00000000       0x6e
 .comment       0x00000000       0x6e .\CortexM3\ARM_GCC_541\Debug\main.o
                                 0x6f (size before relaxing)
 .comment       0x0000006e       0x6f .\CortexM3\ARM_GCC_541\Debug\StepperMotorDriver.o
 .comment       0x0000006e       0x6f .\CortexM3\ARM_GCC_541\Debug\cyfitter_cfg.o
 .comment       0x0000006e       0x6f .\CortexM3\ARM_GCC_541\Debug\cymetadata.o
 .comment       0x0000006e       0x6f .\CortexM3\ARM_GCC_541\Debug\Cm3Start.o
 .comment       0x0000006e       0x6f .\CortexM3\ARM_GCC_541\Debug\StepperMotorDriver.a(UART_1.o)
 .comment       0x0000006e       0x6f .\CortexM3\ARM_GCC_541\Debug\StepperMotorDriver.a(UART_1_IntClock.o)
 .comment       0x0000006e       0x6f .\CortexM3\ARM_GCC_541\Debug\StepperMotorDriver.a(CyLib.o)
 .comment       0x0000006e       0x6f .\CortexM3\ARM_GCC_541\Debug\StepperMotorDriver.a(cyPm.o)
 .comment       0x0000006e       0x6f .\CortexM3\ARM_GCC_541\Debug\StepperMotorDriver.a(Azimuth_Pin_1.o)
 .comment       0x0000006e       0x6f .\CortexM3\ARM_GCC_541\Debug\StepperMotorDriver.a(Azimuth_Pin_4.o)
 .comment       0x0000006e       0x6f .\CortexM3\ARM_GCC_541\Debug\StepperMotorDriver.a(Azimuth_Pin_3.o)
 .comment       0x0000006e       0x6f .\CortexM3\ARM_GCC_541\Debug\StepperMotorDriver.a(Azimuth_Pin_2.o)
 .comment       0x0000006e       0x6f .\CortexM3\ARM_GCC_541\Debug\StepperMotorDriver.a(Limit_Up.o)
 .comment       0x0000006e       0x6f .\CortexM3\ARM_GCC_541\Debug\StepperMotorDriver.a(Limit_Down.o)
 .comment       0x0000006e       0x6f .\CortexM3\ARM_GCC_541\Debug\StepperMotorDriver.a(Limit_Right.o)
 .comment       0x0000006e       0x6f .\CortexM3\ARM_GCC_541\Debug\StepperMotorDriver.a(Limit_Left.o)
 .comment       0x0000006e       0x6f .\CortexM3\ARM_GCC_541\Debug\StepperMotorDriver.a(Elevation_Pin_1.o)
 .comment       0x0000006e       0x6f .\CortexM3\ARM_GCC_541\Debug\StepperMotorDriver.a(Elevation_Pin_2.o)
 .comment       0x0000006e       0x6f .\CortexM3\ARM_GCC_541\Debug\StepperMotorDriver.a(Elevation_Pin_3.o)
 .comment       0x0000006e       0x6f .\CortexM3\ARM_GCC_541\Debug\StepperMotorDriver.a(Elevation_Pin_4.o)
 .comment       0x0000006e       0x6f .\CortexM3\ARM_GCC_541\Debug\StepperMotorDriver.a(isr_uart_rx.o)
 .comment       0x0000006e       0x6f .\CortexM3\ARM_GCC_541\Debug\StepperMotorDriver.a(isr_motor.o)
 .comment       0x0000006e       0x6f .\CortexM3\ARM_GCC_541\Debug\StepperMotorDriver.a(SPIS_1.o)
 .comment       0x0000006e       0x6f .\CortexM3\ARM_GCC_541\Debug\StepperMotorDriver.a(CyFlash.o)
 .comment       0x0000006e       0x6f .\CortexM3\ARM_GCC_541\Debug\StepperMotorDriver.a(CySpc.o)

.debug_weaknames
 *(.debug_weaknames)

.debug_funcnames
 *(.debug_funcnames)

.debug_typenames
 *(.debug_typenames)

.debug_varnames
 *(.debug_varnames)

.note.gnu.arm.ident
 *(.note.gnu.arm.ident)

.ARM.attributes
                0x00000000       0x29
 *(.ARM.attributes)
 .ARM.attributes
                0x00000000       0x1d c:/program files (x86)/cypress/psoc creator/4.4/psoc creator/import/gnu/arm/5.4.1/bin/../lib/gcc/arm-none-eabi/5.4.1/armv7-m/crti.o
 .ARM.attributes
                0x0000001d       0x2d c:/program files (x86)/cypress/psoc creator/4.4/psoc creator/import/gnu/arm/5.4.1/bin/../lib/gcc/arm-none-eabi/5.4.1/armv7-m/crtbegin.o
 .ARM.attributes
                0x0000004a       0x1b c:/program files (x86)/cypress/psoc creator/4.4/psoc creator/import/gnu/arm/5.4.1/bin/../lib/gcc/arm-none-eabi/5.4.1/../../../../arm-none-eabi/lib/armv7-m/crt0.o
 .ARM.attributes
                0x00000065       0x33 .\CortexM3\ARM_GCC_541\Debug\main.o
 .ARM.attributes
                0x00000098       0x33 .\CortexM3\ARM_GCC_541\Debug\StepperMotorDriver.o
 .ARM.attributes
                0x000000cb       0x33 .\CortexM3\ARM_GCC_541\Debug\cyfitter_cfg.o
 .ARM.attributes
                0x000000fe       0x33 .\CortexM3\ARM_GCC_541\Debug\cymetadata.o
 .ARM.attributes
                0x00000131       0x33 .\CortexM3\ARM_GCC_541\Debug\Cm3Start.o
 .ARM.attributes
                0x00000164       0x33 .\CortexM3\ARM_GCC_541\Debug\StepperMotorDriver.a(UART_1.o)
 .ARM.attributes
                0x00000197       0x33 .\CortexM3\ARM_GCC_541\Debug\StepperMotorDriver.a(UART_1_IntClock.o)
 .ARM.attributes
                0x000001ca       0x33 .\CortexM3\ARM_GCC_541\Debug\StepperMotorDriver.a(CyLib.o)
 .ARM.attributes
                0x000001fd       0x33 .\CortexM3\ARM_GCC_541\Debug\StepperMotorDriver.a(cyPm.o)
 .ARM.attributes
                0x00000230       0x33 .\CortexM3\ARM_GCC_541\Debug\StepperMotorDriver.a(Azimuth_Pin_1.o)
 .ARM.attributes
                0x00000263       0x33 .\CortexM3\ARM_GCC_541\Debug\StepperMotorDriver.a(Azimuth_Pin_4.o)
 .ARM.attributes
                0x00000296       0x33 .\CortexM3\ARM_GCC_541\Debug\StepperMotorDriver.a(Azimuth_Pin_3.o)
 .ARM.attributes
                0x000002c9       0x33 .\CortexM3\ARM_GCC_541\Debug\StepperMotorDriver.a(Azimuth_Pin_2.o)
 .ARM.attributes
                0x000002fc       0x33 .\CortexM3\ARM_GCC_541\Debug\StepperMotorDriver.a(Limit_Up.o)
 .ARM.attributes
                0x0000032f       0x33 .\CortexM3\ARM_GCC_541\Debug\StepperMotorDriver.a(Limit_Down.o)
 .ARM.attributes
                0x00000362       0x33 .\CortexM3\ARM_GCC_541\Debug\StepperMotorDriver.a(Limit_Right.o)
 .ARM.attributes
                0x00000395       0x33 .\CortexM3\ARM_GCC_541\Debug\StepperMotorDriver.a(Limit_Left.o)
 .ARM.attributes
                0x000003c8       0x33 .\CortexM3\ARM_GCC_541\Debug\StepperMotorDriver.a(Elevation_Pin_1.o)
 .ARM.attributes
                0x000003fb       0x33 .\CortexM3\ARM_GCC_541\Debug\StepperMotorDriver.a(Elevation_Pin_2.o)
 .ARM.attributes
                0x0000042e       0x33 .\CortexM3\ARM_GCC_541\Debug\StepperMotorDriver.a(Elevation_Pin_3.o)
 .ARM.attributes
                0x00000461       0x33 .\CortexM3\ARM_GCC_541\Debug\StepperMotorDriver.a(Elevation_Pin_4.o)
 .ARM.attributes
                0x00000494       0x33 .\CortexM3\ARM_GCC_541\Debug\StepperMotorDriver.a(isr_uart_rx.o)
 .ARM.attributes
                0x000004c7       0x33 .\CortexM3\ARM_GCC_541\Debug\StepperMotorDriver.a(isr_motor.o)
 .ARM.attributes
                0x000004fa       0x33 .\CortexM3\ARM_GCC_541\Debug\StepperMotorDriver.a(SPIS_1.o)
 .ARM.attributes
                0x0000052d       0x21 .\CortexM3\ARM_GCC_541\Debug\StepperMotorDriver.a(CyBootAsmGnu.o)
 .ARM.attributes
                0x0000054e       0x33 .\CortexM3\ARM_GCC_541\Debug\StepperMotorDriver.a(CyFlash.o)
 .ARM.attributes
                0x00000581       0x33 .\CortexM3\ARM_GCC_541\Debug\StepperMotorDriver.a(CySpc.o)
 .ARM.attributes
                0x000005b4       0x2d c:/program files (x86)/cypress/psoc creator/4.4/psoc creator/import/gnu/arm/5.4.1/bin/../lib/gcc/arm-none-eabi/5.4.1/../../../../arm-none-eabi/lib/armv7-m\libg_nano.a(lib_a-errno.o)
 .ARM.attributes
                0x000005e1       0x2d c:/program files (x86)/cypress/psoc creator/4.4/psoc creator/import/gnu/arm/5.4.1/bin/../lib/gcc/arm-none-eabi/5.4.1/../../../../arm-none-eabi/lib/armv7-m\libg_nano.a(lib_a-exit.o)
 .ARM.attributes
                0x0000060e       0x2d c:/program files (x86)/cypress/psoc creator/4.4/psoc creator/import/gnu/arm/5.4.1/bin/../lib/gcc/arm-none-eabi/5.4.1/../../../../arm-none-eabi/lib/armv7-m\libg_nano.a(lib_a-impure.o)
 .ARM.attributes
                0x0000063b       0x2d c:/program files (x86)/cypress/psoc creator/4.4/psoc creator/import/gnu/arm/5.4.1/bin/../lib/gcc/arm-none-eabi/5.4.1/../../../../arm-none-eabi/lib/armv7-m\libg_nano.a(lib_a-init.o)
 .ARM.attributes
                0x00000668       0x2d c:/program files (x86)/cypress/psoc creator/4.4/psoc creator/import/gnu/arm/5.4.1/bin/../lib/gcc/arm-none-eabi/5.4.1/../../../../arm-none-eabi/lib/armv7-m\libg_nano.a(lib_a-memcpy-stub.o)
 .ARM.attributes
                0x00000695       0x2d c:/program files (x86)/cypress/psoc creator/4.4/psoc creator/import/gnu/arm/5.4.1/bin/../lib/gcc/arm-none-eabi/5.4.1/../../../../arm-none-eabi/lib/armv7-m\libg_nano.a(lib_a-memset.o)
 .ARM.attributes
                0x000006c2       0x2d c:/program files (x86)/cypress/psoc creator/4.4/psoc creator/import/gnu/arm/5.4.1/bin/../lib/gcc/arm-none-eabi/5.4.1/../../../../arm-none-eabi/lib/armv7-m\libg_nano.a(lib_a-snprintf.o)
 .ARM.attributes
                0x000006ef       0x2d c:/program files (x86)/cypress/psoc creator/4.4/psoc creator/import/gnu/arm/5.4.1/bin/../lib/gcc/arm-none-eabi/5.4.1/../../../../arm-none-eabi/lib/armv7-m\libg_nano.a(lib_a-nano-svfprintf.o)
 .ARM.attributes
                0x0000071c       0x2d c:/program files (x86)/cypress/psoc creator/4.4/psoc creator/import/gnu/arm/5.4.1/bin/../lib/gcc/arm-none-eabi/5.4.1/../../../../arm-none-eabi/lib/armv7-m\libg_nano.a(lib_a-nano-vfprintf_i.o)
 .ARM.attributes
                0x00000749       0x2d c:/program files (x86)/cypress/psoc creator/4.4/psoc creator/import/gnu/arm/5.4.1/bin/../lib/gcc/arm-none-eabi/5.4.1/../../../../arm-none-eabi/lib/armv7-m\libg_nano.a(lib_a-memchr-stub.o)
 .ARM.attributes
                0x00000776       0x2d c:/program files (x86)/cypress/psoc creator/4.4/psoc creator/import/gnu/arm/5.4.1/bin/../lib/gcc/arm-none-eabi/5.4.1/../../../../arm-none-eabi/lib/armv7-m\libg_nano.a(lib_a-memmove.o)
 .ARM.attributes
                0x000007a3       0x2d c:/program files (x86)/cypress/psoc creator/4.4/psoc creator/import/gnu/arm/5.4.1/bin/../lib/gcc/arm-none-eabi/5.4.1/../../../../arm-none-eabi/lib/armv7-m\libg_nano.a(lib_a-nano-freer.o)
 .ARM.attributes
                0x000007d0       0x2d c:/program files (x86)/cypress/psoc creator/4.4/psoc creator/import/gnu/arm/5.4.1/bin/../lib/gcc/arm-none-eabi/5.4.1/../../../../arm-none-eabi/lib/armv7-m\libg_nano.a(lib_a-nano-mallocr.o)
 .ARM.attributes
                0x000007fd       0x2d c:/program files (x86)/cypress/psoc creator/4.4/psoc creator/import/gnu/arm/5.4.1/bin/../lib/gcc/arm-none-eabi/5.4.1/../../../../arm-none-eabi/lib/armv7-m\libg_nano.a(lib_a-nano-reallocr.o)
 .ARM.attributes
                0x0000082a       0x2d c:/program files (x86)/cypress/psoc creator/4.4/psoc creator/import/gnu/arm/5.4.1/bin/../lib/gcc/arm-none-eabi/5.4.1/../../../../arm-none-eabi/lib/armv7-m\libg_nano.a(lib_a-sbrkr.o)
 .ARM.attributes
                0x00000857       0x2d c:/program files (x86)/cypress/psoc creator/4.4/psoc creator/import/gnu/arm/5.4.1/bin/../lib/gcc/arm-none-eabi/5.4.1/../../../../arm-none-eabi/lib/armv7-m\libg_nano.a(lib_a-mlock.o)
 .ARM.attributes
                0x00000884       0x2d c:/program files (x86)/cypress/psoc creator/4.4/psoc creator/import/gnu/arm/5.4.1/bin/../lib/gcc/arm-none-eabi/5.4.1/../../../../arm-none-eabi/lib/armv7-m\libg_nano.a(lib_a-nano-msizer.o)
 .ARM.attributes
                0x000008b1       0x2d c:/program files (x86)/cypress/psoc creator/4.4/psoc creator/import/gnu/arm/5.4.1/bin/../lib/gcc/arm-none-eabi/5.4.1/../../../../arm-none-eabi/lib/armv7-m\libg_nano.a(lib_a-reent.o)
 .ARM.attributes
                0x000008de       0x2d c:/program files (x86)/cypress/psoc creator/4.4/psoc creator/import/gnu/arm/5.4.1/bin/../lib/gcc/arm-none-eabi/5.4.1/armv7-m/crtend.o
 .ARM.attributes
                0x0000090b       0x1d c:/program files (x86)/cypress/psoc creator/4.4/psoc creator/import/gnu/arm/5.4.1/bin/../lib/gcc/arm-none-eabi/5.4.1/armv7-m/crtn.o

/DISCARD/
 *(.note.GNU-stack)
OUTPUT(C:\PRJ3-main\PRJ3-main\PSoC\StepperMotorDriver\StepperMotorDriver.cydsn\CortexM3\ARM_GCC_541\Debug\StepperMotorDriver.elf elf32-littlearm)
